Component: ARM Compiler 5.05 update 1 (build 106) Tool: armlink [4d0efa]

==============================================================================

Section Cross References

    main.o(i.hal_init) refers to memcpya.o(.text) for __aeabi_memcpy4
    main.o(i.hal_init) refers to gpio.o(i.hal_gpio_pull_set) for hal_gpio_pull_set
    main.o(i.hal_init) refers to pwrmgr.o(i.hal_pwrmgr_RAM_retention) for hal_pwrmgr_RAM_retention
    main.o(i.hal_init) refers to pwrmgr.o(i.hal_pwrmgr_RAM_retention_set) for hal_pwrmgr_RAM_retention_set
    main.o(i.hal_init) refers to pwrmgr.o(i.hal_pwrmgr_LowCurrentLdo_enable) for hal_pwrmgr_LowCurrentLdo_enable
    main.o(i.hal_init) refers to clock.o(i.hal_rtc_clock_config) for hal_rtc_clock_config
    main.o(i.hal_init) refers to pwrmgr.o(i.hal_pwrmgr_init) for hal_pwrmgr_init
    main.o(i.hal_init) refers to flash.o(i.hal_spif_cache_init) for hal_spif_cache_init
    main.o(i.hal_init) refers to gpio.o(i.hal_gpio_init) for hal_gpio_init
    main.o(i.hal_init) refers to main.o(.constdata) for .constdata
    main.o(i.hal_init) refers to main.o(.data) for .data
    main.o(i.hal_rfphy_init) refers to patch.o(i.hal_rom_boot_init) for hal_rom_boot_init
    main.o(i.hal_rfphy_init) refers to main.o(i.NVIC_SetPriority) for NVIC_SetPriority
    main.o(i.hal_rfphy_init) refers to main.o(.bss) for .bss
    main.o(i.main) refers to patch.o(_section_xip_code_) for init_config
    main.o(i.main) refers to main.o(i.hal_rfphy_init) for hal_rfphy_init
    main.o(i.main) refers to main.o(i.hal_init) for hal_init
    main.o(i.main) refers to pwm_light_main.o(i.app_main) for app_main
    main.o(i.main) refers to main.o(.data) for .data
    uart.o(i.hal_UART0_IRQHandler) refers to uart.o(i.irq_rx_handler) for irq_rx_handler
    uart.o(i.hal_UART0_IRQHandler) refers to uart.o(i.irq_tx_empty_handler) for irq_tx_empty_handler
    uart.o(i.hal_UART1_IRQHandler) refers to uart.o(i.irq_rx_handler) for irq_rx_handler
    uart.o(i.hal_UART1_IRQHandler) refers to uart.o(i.irq_tx_empty_handler) for irq_tx_empty_handler
    uart.o(i.hal_uart_deinit) refers to uart.o(i.uart_hw_deinit) for uart_hw_deinit
    uart.o(i.hal_uart_deinit) refers to memseta.o(.text) for __aeabi_memclr4
    uart.o(i.hal_uart_deinit) refers to pwrmgr.o(i.hal_pwrmgr_unregister) for hal_pwrmgr_unregister
    uart.o(i.hal_uart_deinit) refers to uart.o(.bss) for .bss
    uart.o(i.hal_uart_get_tx_ready) refers to uart.o(.bss) for .bss
    uart.o(i.hal_uart_init) refers to memseta.o(.text) for __aeabi_memclr4
    uart.o(i.hal_uart_init) refers to uart.o(i.uart_hw_init) for uart_hw_init
    uart.o(i.hal_uart_init) refers to pwrmgr.o(i.hal_pwrmgr_register) for hal_pwrmgr_register
    uart.o(i.hal_uart_init) refers to uart.o(.bss) for .bss
    uart.o(i.hal_uart_init) refers to uart.o(i.uart_wakeup_process_1) for uart_wakeup_process_1
    uart.o(i.hal_uart_init) refers to uart.o(i.uart_wakeup_process_0) for uart_wakeup_process_0
    uart.o(i.hal_uart_send_buff) refers to uart.o(i.txmit_buf_use_tx_buf) for txmit_buf_use_tx_buf
    uart.o(i.hal_uart_send_buff) refers to uart.o(i.txmit_buf_polling) for txmit_buf_polling
    uart.o(i.hal_uart_send_buff) refers to uart.o(.bss) for .bss
    uart.o(i.hal_uart_set_tx_buf) refers to uart.o(.bss) for .bss
    uart.o(i.irq_rx_handler) refers to uart.o(.bss) for .bss
    uart.o(i.irq_tx_empty_handler) refers to pwrmgr.o(i.hal_pwrmgr_unlock) for hal_pwrmgr_unlock
    uart.o(i.irq_tx_empty_handler) refers to uart.o(.bss) for .bss
    uart.o(i.irq_tx_empty_handler) refers to uart.o(.constdata) for .constdata
    uart.o(i.txmit_buf_use_tx_buf) refers to memcpya.o(.text) for __aeabi_memcpy
    uart.o(i.txmit_buf_use_tx_buf) refers to pwrmgr.o(i.hal_pwrmgr_lock) for hal_pwrmgr_lock
    uart.o(i.txmit_buf_use_tx_buf) refers to uart.o(.bss) for .bss
    uart.o(i.uart_hw_deinit) refers to gpio.o(i.hal_gpio_fmux) for hal_gpio_fmux
    uart.o(i.uart_hw_deinit) refers to clock.o(i.hal_clk_reset) for hal_clk_reset
    uart.o(i.uart_hw_deinit) refers to clock.o(i.hal_clk_gate_disable) for hal_clk_gate_disable
    uart.o(i.uart_hw_deinit) refers to uart.o(.bss) for .bss
    uart.o(i.uart_hw_init) refers to clock.o(i.hal_clk_gate_enable) for hal_clk_gate_enable
    uart.o(i.uart_hw_init) refers to clock.o(i.hal_clk_reset) for hal_clk_reset
    uart.o(i.uart_hw_init) refers to gpio.o(i.hal_gpio_pull_set) for hal_gpio_pull_set
    uart.o(i.uart_hw_init) refers to gpio.o(i.hal_gpio_fmux_set) for hal_gpio_fmux_set
    uart.o(i.uart_hw_init) refers to uidiv.o(.text) for __aeabi_uidivmod
    uart.o(i.uart_hw_init) refers to uart.o(.bss) for .bss
    uart.o(i.uart_hw_init) refers to uart.o(i.hal_UART1_IRQHandler) for hal_UART1_IRQHandler
    uart.o(i.uart_hw_init) refers to uart.o(i.hal_UART0_IRQHandler) for hal_UART0_IRQHandler
    uart.o(i.uart_wakeup_process_0) refers to uart.o(i.uart_hw_init) for uart_hw_init
    uart.o(i.uart_wakeup_process_1) refers to uart.o(i.uart_hw_init) for uart_hw_init
[...]
    hal_flash_write                          0x1fff226d   Thumb Code   142  flash.o(i.hal_flash_write)
    hal_gpio_cfg_analog_io                   0x1fff2309   Thumb Code    44  gpio.o(i.hal_gpio_cfg_analog_io)
    hal_gpio_fmux                            0x1fff2339   Thumb Code    22  gpio.o(i.hal_gpio_fmux)
    hal_gpio_fmux_set                        0x1fff2355   Thumb Code    50  gpio.o(i.hal_gpio_fmux_set)
    hal_gpio_init                            0x1fff238d   Thumb Code    72  gpio.o(i.hal_gpio_init)
    hal_gpio_pin2pin3_control                0x1fff242d   Thumb Code    24  gpio.o(i.hal_gpio_pin2pin3_control)
    hal_gpio_pin_init                        0x1fff2449   Thumb Code    80  gpio.o(i.hal_gpio_pin_init)
    hal_gpio_pull_set                        0x1fff24a1   Thumb Code    60  gpio.o(i.hal_gpio_pull_set)
    hal_gpio_read                            0x1fff24e5   Thumb Code    30  gpio.o(i.hal_gpio_read)
    hal_gpio_wakeup_set                      0x1fff2681   Thumb Code   104  gpio.o(i.hal_gpio_wakeup_set)
    hal_gpio_write                           0x1fff26f9   Thumb Code    30  gpio.o(i.hal_gpio_write)
    hal_gpioin_enable                        0x1fff271d   Thumb Code    94  gpio.o(i.hal_gpioin_enable)
    hal_pwrmgr_LowCurrentLdo_enable          0x1fff2891   Thumb Code    16  pwrmgr.o(i.hal_pwrmgr_LowCurrentLdo_enable)
    hal_pwrmgr_RAM_retention                 0x1fff28a5   Thumb Code    20  pwrmgr.o(i.hal_pwrmgr_RAM_retention)
    hal_pwrmgr_RAM_retention_set             0x1fff28bd   Thumb Code    24  pwrmgr.o(i.hal_pwrmgr_RAM_retention_set)
    hal_pwrmgr_init                          0x1fff28dd   Thumb Code    40  pwrmgr.o(i.hal_pwrmgr_init)
    hal_pwrmgr_lock                          0x1fff290d   Thumb Code    80  pwrmgr.o(i.hal_pwrmgr_lock)
    hal_pwrmgr_register                      0x1fff2965   Thumb Code    56  pwrmgr.o(i.hal_pwrmgr_register)
    hal_pwrmgr_sleep_process                 0x1fff29a1   Thumb Code    42  pwrmgr.o(i.hal_pwrmgr_sleep_process)
    hal_pwrmgr_unlock                        0x1fff29d1   Thumb Code    94  pwrmgr.o(i.hal_pwrmgr_unlock)
    hal_pwrmgr_wakeup_process                0x1fff2a39   Thumb Code    70  pwrmgr.o(i.hal_pwrmgr_wakeup_process)
    hal_rom_boot_init                        0x1fff2b15   Thumb Code     8  patch.o(i.hal_rom_boot_init)
    hal_rtc_clock_config                     0x1fff2b1d   Thumb Code   118  clock.o(i.hal_rtc_clock_config)
    hal_spif_cache_init                      0x1fff2ba1   Thumb Code    24  flash.o(i.hal_spif_cache_init)
    ll_hw_go1                                0x1fff2d3d   Thumb Code   210  patch.o(i.ll_hw_go1)
    main                                     0x1fff2e55   Thumb Code    38  main.o(i.main)
    rc32k_calibration                        0x1fff2e85   Thumb Code    98  rf_phy_driver.o(i.rc32k_calibration)
    rf_calibrate1                            0x1fff2eed   Thumb Code    26  rf_phy_driver.o(i.rf_calibrate1)
    rf_phy_ana_cfg                           0x1fff2f0d   Thumb Code   226  rf_phy_driver.o(i.rf_phy_ana_cfg)
    rf_phy_bb_cfg                            0x1fff3021   Thumb Code   280  rf_phy_driver.o(i.rf_phy_bb_cfg)
    rf_phy_change_cfg0                       0x1fff31a1   Thumb Code   118  rf_phy_driver.o(i.rf_phy_change_cfg0)
    rf_phy_ini                               0x1fff3235   Thumb Code    42  rf_phy_driver.o(i.rf_phy_ini)
    rf_phy_set_txPower                       0x1fff3271   Thumb Code   108  rf_phy_driver.o(i.rf_phy_set_txPower)
    rf_rxDcoc_cfg                            0x1fff32e5   Thumb Code   236  rf_phy_driver.o(i.rf_rxDcoc_cfg)
    rf_tpCal_gen_cap_arrary                  0x1fff3405   Thumb Code    60  rf_phy_driver.o(i.rf_tpCal_gen_cap_arrary)
    rf_tp_cal                                0x1fff3451   Thumb Code   198  rf_phy_driver.o(i.rf_tp_cal)
    c_gpio_index                             0x1fff356c   Data          23  gpio.o(.constdata)
    c_gpio_pull                              0x1fff3583   Data          69  gpio.o(.constdata)
    retention_reg                            0x1fff35c8   Data          46  gpio.o(.constdata)
    Region$$Table$$Base                      0x1fff35f8   Number         0  anon$$obj.o(Region$$Table)
    Region$$Table$$Limit                     0x1fff3648   Number         0  anon$$obj.o(Region$$Table)
    g_clk32K_config                          0x1fff3648   Data           1  main.o(.data)
    s_config_swClk1                          0x1fff3658   Data           4  pwrmgr.o(.data)
    s_gpio_wakeup_src_group1                 0x1fff3660   Data           4  pwrmgr.o(.data)
    s_gpio_wakeup_src_group2                 0x1fff3664   Data           4  pwrmgr.o(.data)
    gapRole_AdvEnabled                       0x1fff3724   Data           1  peripheral.o(.data)
    gapRole_AdvEventType                     0x1fff372c   Data           1  peripheral.o(.data)
    appTaskID                                0x1fff3788   Data           1  gattservapp.o(.data)
    GATTServApp_TaskID                       0x1fff378a   Data           1  gattservapp.o(.data)
    tasksEvents                              0x1fff3920   Data           4  osal_pwm_light.o(.data)
    PWM_TaskID                               0x1fff3927   Data           1  pwmdemo.o(.data)
    color_data                               0x1fff39bf   Data           7  color_mode.o(.data)
    PWM_Light_RGBLight_Color_value_table     0x1fff39c6   Data          28  color_mode.o(.data)
    SystemCoreClock                          0x1fff39e4   Data           4  system_armcm0.o(.data)
    pGlobal_config                           0x1fff39e8   Data           4  patch.o(.data)
    g_ATT_MTU_SIZE_MAX                       0x1fff39ec   Data           2  att_util.o(.data)
    g_ATT_MAX_NUM_HANDLES_INFO               0x1fff39ee   Data           2  att_util.o(.data)
    g_ATT_MAX_NUM_HANDLES                    0x1fff39f0   Data           2  att_util.o(.data)
    g_attMtuClientServer                     0x1fff39f2   Data           4  att_util.o(.data)
    gapAppTaskID                             0x1fff39f6   Data           1  gap_configmgr.o(.data)
    gapProfileRole                           0x1fff39f7   Data           1  gap_configmgr.o(.data)
    gapDeviceAddrMode                        0x1fff39f8   Data           1  gap_configmgr.o(.data)
    gapAutoAdvPrivateAddrChange              0x1fff39f9   Data           1  gap_configmgr.o(.data)
    gapPrivateAddrChangeTimeout              0x1fff39fa   Data           2  gap_configmgr.o(.data)
    pGapDiscReq                              0x1fff3a50   Data           4  gap_devmgr.o(.data)
    pGapAdvertState                          0x1fff3a54   Data           4  gap_devmgr.o(.data)
    pEstLink                                 0x1fff3a5c   Data           4  gap_linkmgr.o(.data)
    pAuthLink                                0x1fff3a60   Data           4  gap_linkmgr.o(.data)
    pfnCentralConnCBs                        0x1fff3a64   Data           4  gap_linkmgr.o(.data)
    gapUnwantedTaskID                        0x1fff3a84   Data           1  gap_task.o(.data)
    gapTaskID                                0x1fff3a85   Data           1  gap_task.o(.data)
    pfnPeripheralCBs                         0x1fff3a88   Data           4  gap_task.o(.data)
    reqTaskId                                0x1fff3a90   Data           1  gatt_server.o(.data)
    gattTaskID                               0x1fff3a98   Data           1  gatt_task.o(.data)
    l2capTaskID                              0x1fff3aa5   Data           1  l2cap_task.o(.data)
    smTaskID                                 0x1fff3ab4   Data           1  sm_task.o(.data)
    gattServApp_simple_flag                  0x1fff3ab6   Data           1  gattservapp_simple_chsys_1.o(.data)
    gattServApp_simple_handle                0x1fff3ab8   Data           2  gattservapp_simple_chsys_1.o(.data)
    l2capExtendFragments                     0x1fff3aba   Data           1  l2cap_util.o(.data)
    currSeqNum                               0x1fff3abc   Data           2  l2cap_util.o(.data)
    pPairingParams                           0x1fff3ac4   Data           4  sm_pairing.o(.data)
    pfnResponderCBs                          0x1fff3ac8   Data           4  sm_pairing.o(.data)
    g_pConnectionBuffer                      0x1fff3ad0   Data        3484  main.o(.bss)
    pConnContext                             0x1fff486c   Data         644  main.o(.bss)
    g_largeHeap                              0x1fff4af0   Data        4096  main.o(.bss)
    PWM_light_set_data                       0x1fff683c   Data          20  color_mode.o(.bss)
    PWM_light_inquire_data                   0x1fff6850   Data          20  color_mode.o(.bss)
    pwm_light_red_ch                         0x1fff6864   Data          10  color_mode.o(.bss)
    pwm_light_green_ch                       0x1fff686e   Data          10  color_mode.o(.bss)
    pwm_light_blue_ch                        0x1fff6878   Data          10  color_mode.o(.bss)
    pwm_light_white_ch                       0x1fff6882   Data          10  color_mode.o(.bss)
    gAttMtuSize                              0x1fff688c   Data          16  att_util.o(.bss)
    serverInfoTbl                            0x1fff68b8   Data          36  gatt_server.o(.bss)
    l2capFixedChannels                       0x1fff68dc   Data          16  l2cap_task.o(.bss)
    l2capChannels                            0x1fff68ec   Data          30  l2cap_task.o(.bss)
    l2capReassemblePkt                       0x1fff6a7c   Data         128  l2cap_util.o(.bss)
    l2capSegmentPkt                          0x1fff6afc   Data         736  l2cap_util.o(.bss)
    g_sarDbgCnt                              0x1fff6ddc   Data          52  l2cap_util.o(.bss)
    __initial_sp                             0x1fff7210   Data           0  startup_armcm0.o(STACK)



==============================================================================

Memory Map of the image

  Image Entry point : 0x1fff1841

  Load Region LR_IROM1 (Base: 0x1fff1838, Size: 0x00002298, Max: 0x0000e7c8, ABSOLUTE, COMPRESSED[0x00001fb8])

    Execution Region ER_IROM1 (Exec base: 0x1fff1838, Load base: 0x1fff1838, Size: 0x000059d8, Max: 0x0000e7c8, ABSOLUTE, COMPRESSED[0x000001a8])

    Exec Addr    Load Addr    Size         Type   Attr      Idx    E Section Name        Object

    0x1fff1838   0x1fff1838   0x00000008   Data   RO         2432    RESET               startup_armcm0.o
    0x1fff1840   0x1fff1840   0x00000000   Code   RO         3549  * .ARM.Collect$$$$00000000  mc_p.l(entry.o)
    0x1fff1840   0x1fff1840   0x00000004   Code   RO         3823    .ARM.Collect$$$$00000001  mc_p.l(entry2.o)
    0x1fff1844   0x1fff1844   0x00000004   Code   RO         3826    .ARM.Collect$$$$00000004  mc_p.l(entry5.o)
    0x1fff1848   0x1fff1848   0x00000000   Code   RO         3828    .ARM.Collect$$$$00000008  mc_p.l(entry7b.o)
    0x1fff1848   0x1fff1848   0x00000000   Code   RO         3830    .ARM.Collect$$$$0000000A  mc_p.l(entry8b.o)
    0x1fff1848   0x1fff1848   0x00000008   Code   RO         3831    .ARM.Collect$$$$0000000B  mc_p.l(entry9a.o)
    0x1fff1850   0x1fff1850   0x00000000   Code   RO         3833    .ARM.Collect$$$$0000000D  mc_p.l(entry10a.o)
    0x1fff1850   0x1fff1850   0x00000000   Code   RO         3835    .ARM.Collect$$$$0000000F  mc_p.l(entry11a.o)
    0x1fff1850   0x1fff1850   0x00000004   Code   RO         3824    .ARM.Collect$$$$00002712  mc_p.l(entry2.o)
    0x1fff1854   0x1fff1854   0x00000014   Code   RO         2433    .text               startup_armcm0.o
    0x1fff1868   0x1fff1868   0x0000002c   Code   RO         3552    .text               mc_p.l(uidiv.o)
    0x1fff1894   0x1fff1894   0x00000024   Code   RO         3556    .text               mc_p.l(memcpya.o)
    0x1fff18b8   0x1fff18b8   0x00000024   Code   RO         3558    .text               mc_p.l(memseta.o)
    0x1fff18dc   0x1fff18dc   0x00000024   Code   RO         3853    .text               mc_p.l(init.o)
    0x1fff1900   0x1fff1900   0x00000056   Code   RO         3875    .text               mc_p.l(__dczerorl2.o)
    0x1fff1956   COMPRESSED   0x00000002   PAD
    0x1fff1958   0x1fff1958   0x0000000c   Ven    RO         3877    Veneer$$Code        anon$$obj.o
    0x1fff1964   0x1fff1964   0x0000000c   Ven    RO         3878    Veneer$$Code        anon$$obj.o
    0x1fff1970   0x1fff1970   0x0000000c   Ven    RO         3879    Veneer$$Code        anon$$obj.o
    0x1fff197c   0x1fff197c   0x0000000c   Ven    RO         3880    Veneer$$Code        anon$$obj.o
    0x1fff1988   0x1fff1988   0x0000000c   Ven    RO         3881    Veneer$$Code        anon$$obj.o
    0x1fff1994   0x1fff1994   0x0000000c   Ven    RO         3882    Veneer$$Code        anon$$obj.o
    0x1fff19a0   0x1fff19a0   0x0000000c   Ven    RO         3883    Veneer$$Code        anon$$obj.o
    0x1fff19ac   0x1fff19ac   0x0000000c   Ven    RO         3884    Veneer$$Code        anon$$obj.o
    0x1fff19b8   0x1fff19b8   0x0000000c   Ven    RO         3885    Veneer$$Code        anon$$obj.o
    0x1fff19c4   0x1fff19c4   0x0000000c   Ven    RO         3886    Veneer$$Code        anon$$obj.o
    0x1fff19d0   0x1fff19d0   0x0000000c   Ven    RO         3887    Veneer$$Code        anon$$obj.o
    0x1fff19dc   0x1fff19dc   0x0000000c   Ven    RO         3888    Veneer$$Code        anon$$obj.o
    0x1fff19e8   0x1fff19e8   0x0000000c   Ven    RO         3889    Veneer$$Code        anon$$obj.o
    0x1fff19f4   0x1fff19f4   0x0000000c   Ven    RO         3890    Veneer$$Code        anon$$obj.o
    0x1fff1a00   0x1fff1a00   0x0000000c   Ven    RO         3891    Veneer$$Code        anon$$obj.o
    0x1fff1a0c   0x1fff1a0c   0x0000000c   Ven    RO         3892    Veneer$$Code        anon$$obj.o
    0x1fff1a18   0x1fff1a18   0x0000000c   Ven    RO         3893    Veneer$$Code        anon$$obj.o
    0x1fff1a24   0x1fff1a24   0x0000000c   Ven    RO         3894    Veneer$$Code        anon$$obj.o
    0x1fff1a30   0x1fff1a30   0x0000000c   Ven    RO         3895    Veneer$$Code        anon$$obj.o
    0x1fff1a3c   0x1fff1a3c   0x0000000c   Ven    RO         3896    Veneer$$Code        anon$$obj.o
    0x1fff1a48   0x1fff1a48   0x0000000c   Ven    RO         3897    Veneer$$Code        anon$$obj.o
    0x1fff1a54   0x1fff1a54   0x0000000c   Ven    RO         3898    Veneer$$Code        anon$$obj.o
    0x1fff1a60   0x1fff1a60   0x0000000c   Ven    RO         3899    Veneer$$Code        anon$$obj.o
    0x1fff1a6c   0x1fff1a6c   0x0000000c   Ven    RO         3900    Veneer$$Code        anon$$obj.o
    0x1fff1a78   0x1fff1a78   0x0000000c   Ven    RO         3901    Veneer$$Code        anon$$obj.o
    0x1fff1a84   0x1fff1a84   0x0000000c   Ven    RO         3902    Veneer$$Code        anon$$obj.o
    0x1fff1a90   0x1fff1a90   0x0000000c   Ven    RO         3903    Veneer$$Code        anon$$obj.o
    0x1fff1a9c   0x1fff1a9c   0x0000000c   Ven    RO         3904    Veneer$$Code        anon$$obj.o
    0x1fff1aa8   0x1fff1aa8   0x0000000c   Ven    RO         3905    Veneer$$Code        anon$$obj.o
    0x1fff1ab4   0x1fff1ab4   0x0000000c   Ven    RO         3906    Veneer$$Code        anon$$obj.o
    0x1fff1ac0   0x1fff1ac0   0x0000000c   Ven    RO         3907    Veneer$$Code        anon$$obj.o
    0x1fff1acc   0x1fff1acc   0x0000000c   Ven    RO         3908    Veneer$$Code        anon$$obj.o
    0x1fff1ad8   0x1fff1ad8   0x0000000c   Ven    RO         3909    Veneer$$Code        anon$$obj.o
    0x1fff1ae4   0x1fff1ae4   0x0000000c   Ven    RO         3910    Veneer$$Code        anon$$obj.o
    0x1fff1af0   0x1fff1af0   0x0000000c   Ven    RO         3911    Veneer$$Code        anon$$obj.o
    0x1fff1afc   0x1fff1afc   0x0000000c   Ven    RO         3912    Veneer$$Code        anon$$obj.o
    0x1fff1b08   0x1fff1b08   0x0000000c   Ven    RO         3913    Veneer$$Code        anon$$obj.o
    0x1fff1b14   0x1fff1b14   0x0000000c   Ven    RO         3914    Veneer$$Code        anon$$obj.o
    0x1fff1b20   0x1fff1b20   0x0000000c   Ven    RO         3915    Veneer$$Code        anon$$obj.o
    0x1fff1b2c   0x1fff1b2c   0x0000000c   Ven    RO         3916    Veneer$$Code        anon$$obj.o
    0x1fff1b38   0x1fff1b38   0x0000000c   Ven    RO         3917    Veneer$$Code        anon$$obj.o
    0x1fff1b44   0x1fff1b44   0x00000274   Code   RO         2477    _section_xip_code_  rf.lib(patch.o)
    0x1fff1db8   0x1fff1db8   0x0000001a   Code   RO         2479    i.LL_ENC_AES128_Encrypt1  rf.lib(patch.o)
    0x1fff1dd2   0x1fff1dd2   0x0000001a   Code   RO         2480    i.LL_ENC_Decrypt1   rf.lib(patch.o)
    0x1fff1dec   0x1fff1dec   0x0000001a   Code   RO         2481    i.LL_ENC_Encrypt1   rf.lib(patch.o)
    0x1fff1e06   COMPRESSED   0x00000002   PAD
    0x1fff1e08   0x1fff1e08   0x000000bc   Code   RO         2482    i.LL_IRQHandler1    rf.lib(patch.o)
    0x1fff1ec4   0x1fff1ec4   0x0000003c   Code   RO         2486    i.LL_SetAdvParam1   rf.lib(patch.o)
    0x1fff1f00   0x1fff1f00   0x00000044   Code   RO            3    i.NVIC_SetPriority  main.o
    0x1fff1f44   0x1fff1f44   0x00000044   Code   RO          401    i.NVIC_SetPriority  gpio.o
    0x1fff1f88   0x1fff1f88   0x00000010   Code   RO         2440    i.SystemInit        system_armcm0.o
    0x1fff1f98   0x1fff1f98   0x0000001a   Code   RO         1383    i.__ARM_common_switch8  central.o
    0x1fff1fb2   0x1fff1fb2   0x0000000e   Code   RO         3869    i.__scatterload_copy  mc_p.l(handlers.o)
    0x1fff1fc0   0x1fff1fc0   0x00000002   Code   RO         3870    i.__scatterload_null  mc_p.l(handlers.o)
    0x1fff1fc2   0x1fff1fc2   0x0000000e   Code   RO         3871    i.__scatterload_zeroinit  mc_p.l(handlers.o)
    0x1fff1fd0   0x1fff1fd0   0x0000000e   Code   RO         3294    i._efuse_chip_version_check  rf.lib(phy_sec_ext.o)
    0x1fff1fde   COMPRESSED   0x00000002   PAD
    0x1fff1fe0   0x1fff1fe0   0x00000018   Code   RO         3295    i._rom_sec_boot_init  rf.lib(phy_sec_ext.o)
    0x1fff1ff8   0x1fff1ff8   0x00000068   Code   RO         1095    i._spif_wait_nobusy_x  flash.o
    0x1fff2060   0x1fff2060   0x00000014   Code   RO         2246    i.app_main          pwm_light_main.o
    0x1fff2074   0x1fff2074   0x00000018   Code   RO          402    i.hal_GPIO_IRQHandler  gpio.o
    0x1fff208c   0x1fff208c   0x00000024   Code   RO          582    i.hal_TIMER5_IRQHandler  timer.o
    0x1fff20b0   0x1fff20b0   0x00000024   Code   RO          583    i.hal_TIMER6_IRQHandler  timer.o
    0x1fff20d4   0x1fff20d4   0x00000044   Code   RO          169    i.hal_UART0_IRQHandler  uart.o
    0x1fff2118   0x1fff2118   0x00000044   Code   RO          170    i.hal_UART1_IRQHandler  uart.o
    0x1fff215c   0x1fff215c   0x00000048   Code   RO         1097    i.hal_cache_tag_flush  flash.o
    0x1fff21a4   0x1fff21a4   0x00000034   Code   RO          315    i.hal_clk_gate_disable  clock.o
    0x1fff21d8   0x1fff21d8   0x00000034   Code   RO          316    i.hal_clk_gate_enable  clock.o
    0x1fff220c   0x1fff220c   0x00000060   Code   RO         1100    i.hal_flash_erase_sector  flash.o
    0x1fff226c   0x1fff226c   0x0000009c   Code   RO         1102    i.hal_flash_write   flash.o
    0x1fff2308   0x1fff2308   0x00000030   Code   RO          403    i.hal_gpio_cfg_analog_io  gpio.o
    0x1fff2338   0x1fff2338   0x0000001c   Code   RO          407    i.hal_gpio_fmux     gpio.o
    0x1fff2354   0x1fff2354   0x00000038   Code   RO          408    i.hal_gpio_fmux_set  gpio.o
    0x1fff238c   0x1fff238c   0x00000060   Code   RO          409    i.hal_gpio_init     gpio.o
    0x1fff23ec   0x1fff23ec   0x00000040   Code   RO          410    i.hal_gpio_interrupt_enable  gpio.o
    0x1fff242c   0x1fff242c   0x0000001c   Code   RO          411    i.hal_gpio_pin2pin3_control  gpio.o
    0x1fff2448   0x1fff2448   0x00000058   Code   RO          412    i.hal_gpio_pin_init  gpio.o
    0x1fff24a0   0x1fff24a0   0x00000044   Code   RO          413    i.hal_gpio_pull_set  gpio.o
    0x1fff24e4   0x1fff24e4   0x00000024   Code   RO          414    i.hal_gpio_read     gpio.o
    0x1fff2508   0x1fff2508   0x0000005c   Code   RO          415    i.hal_gpio_retention_enable  gpio.o
    0x1fff2564   0x1fff2564   0x00000048   Code   RO          416    i.hal_gpio_sleep_handler  gpio.o
    0x1fff25ac   0x1fff25ac   0x00000044   Code   RO          417    i.hal_gpio_wakeup_control  gpio.o
    0x1fff25f0   0x1fff25f0   0x00000090   Code   RO          418    i.hal_gpio_wakeup_handler  gpio.o
    0x1fff2680   0x1fff2680   0x00000078   Code   RO          419    i.hal_gpio_wakeup_set  gpio.o
    0x1fff26f8   0x1fff26f8   0x00000024   Code   RO          420    i.hal_gpio_write    gpio.o
    0x1fff271c   0x1fff271c   0x00000064   Code   RO          422    i.hal_gpioin_enable  gpio.o
    0x1fff2780   0x1fff2780   0x00000068   Code   RO          423    i.hal_gpioin_event  gpio.o
    0x1fff27e8   0x1fff27e8   0x00000024   Code   RO          424    i.hal_gpioin_event_pin  gpio.o
    0x1fff280c   0x1fff280c   0x00000084   Code   RO            4    i.hal_init          main.o
    0x1fff2890   0x1fff2890   0x00000014   Code   RO          672    i.hal_pwrmgr_LowCurrentLdo_enable  pwrmgr.o
    0x1fff28a4   0x1fff28a4   0x00000018   Code   RO          673    i.hal_pwrmgr_RAM_retention  pwrmgr.o
    0x1fff28bc   0x1fff28bc   0x00000020   Code   RO          675    i.hal_pwrmgr_RAM_retention_set  pwrmgr.o
    0x1fff28dc   0x1fff28dc   0x00000030   Code   RO          677    i.hal_pwrmgr_init   pwrmgr.o
    0x1fff290c   0x1fff290c   0x00000058   Code   RO          679    i.hal_pwrmgr_lock   pwrmgr.o
    0x1fff2964   0x1fff2964   0x0000003c   Code   RO          681    i.hal_pwrmgr_register  pwrmgr.o
    0x1fff29a0   0x1fff29a0   0x00000030   Code   RO          682    i.hal_pwrmgr_sleep_process  pwrmgr.o
    0x1fff29d0   0x1fff29d0   0x00000068   Code   RO          683    i.hal_pwrmgr_unlock  pwrmgr.o
    0x1fff2a38   0x1fff2a38   0x00000054   Code   RO          685    i.hal_pwrmgr_wakeup_process  pwrmgr.o
    0x1fff2a8c   0x1fff2a8c   0x00000088   Code   RO            5    i.hal_rfphy_init    main.o
    0x1fff2b14   0x1fff2b14   0x00000008   Code   RO         2488    i.hal_rom_boot_init  rf.lib(patch.o)
    0x1fff2b1c   0x1fff2b1c   0x00000084   Code   RO          321    i.hal_rtc_clock_config  clock.o
    0x1fff2ba0   0x1fff2ba0   0x00000020   Code   RO         1104    i.hal_spif_cache_init  flash.o
    0x1fff2bc0   0x1fff2bc0   0x0000001c   Code   RO         2186    i.hard_fault        jump_table.o
    0x1fff2bdc   0x1fff2bdc   0x00000070   Code   RO         1105    i.hw_spif_cache_config  flash.o
    0x1fff2c4c   0x1fff2c4c   0x00000058   Code   RO          177    i.irq_rx_handler    uart.o
    0x1fff2ca4   0x1fff2ca4   0x00000098   Code   RO          178    i.irq_tx_empty_handler  uart.o
    0x1fff2d3c   0x1fff2d3c   0x00000118   Code   RO         2490    i.ll_hw_go1         rf.lib(patch.o)
    0x1fff2e54   0x1fff2e54   0x00000030   Code   RO            6    i.main              main.o
    0x1fff2e84   0x1fff2e84   0x00000068   Code   RO         2523    i.rc32k_calibration  rf.lib(rf_phy_driver.o)
    0x1fff2eec   0x1fff2eec   0x00000020   Code   RO         2524    i.rf_calibrate1     rf.lib(rf_phy_driver.o)
    0x1fff2f0c   0x1fff2f0c   0x00000114   Code   RO         2525    i.rf_phy_ana_cfg    rf.lib(rf_phy_driver.o)
    0x1fff3020   0x1fff3020   0x00000180   Code   RO         2526    i.rf_phy_bb_cfg     rf.lib(rf_phy_driver.o)
    0x1fff31a0   0x1fff31a0   0x00000094   Code   RO         2527    i.rf_phy_change_cfg0  rf.lib(rf_phy_driver.o)
    0x1fff3234   0x1fff3234   0x0000003c   Code   RO         2536    i.rf_phy_ini        rf.lib(rf_phy_driver.o)
    0x1fff3270   0x1fff3270   0x00000074   Code   RO         2537    i.rf_phy_set_txPower  rf.lib(rf_phy_driver.o)
    0x1fff32e4   0x1fff32e4   0x00000120   Code   RO         2538    i.rf_rxDcoc_cfg     rf.lib(rf_phy_driver.o)
    0x1fff3404   0x1fff3404   0x0000004c   Code   RO         2541    i.rf_tpCal_gen_cap_arrary  rf.lib(rf_phy_driver.o)
    0x1fff3450   0x1fff3450   0x000000f4   Code   RO         2542    i.rf_tp_cal         rf.lib(rf_phy_driver.o)
    0x1fff3544   0x1fff3544   0x0000001c   Data   RO            8    .constdata          main.o
    0x1fff3560   0x1fff3560   0x0000000c   Data   RO          186    .constdata          uart.o
    0x1fff356c   0x1fff356c   0x0000008a   Data   RO          430    .constdata          gpio.o
    0x1fff35f6   COMPRESSED   0x00000002   PAD
    0x1fff35f8   0x1fff35f8   0x00000050   Data   RO         3867    Region$$Table       anon$$obj.o
    0x1fff3648   COMPRESSED   0x00000001   Data   RW            9    .data               main.o
    0x1fff3649   COMPRESSED   0x00000003   PAD
    0x1fff364c   COMPRESSED   0x00000004   Data   RW          594    .data               timer.o
    0x1fff3650   COMPRESSED   0x00000018   Data   RW          687    .data               pwrmgr.o
    0x1fff3668   COMPRESSED   0x0000000a   Data   RW          944    .data               pwm.o
    0x1fff3672   COMPRESSED   0x00000002   PAD
    0x1fff3674   COMPRESSED   0x00000008   Data   RW         1106    .data               flash.o
    0x1fff367c   COMPRESSED   0x00000024   Data   RW         1469    .data               gapbondmgr.o
    0x1fff36a0   COMPRESSED   0x00000080   Data   RW         1643    .data               gapgattserver.o
    0x1fff3720   COMPRESSED   0x00000001   Data   RW         1644    .data               gapgattserver.o
    0x1fff3721   COMPRESSED   0x00000001   Data   RW         1645    .data               gapgattserver.o
    0x1fff3722   COMPRESSED   0x00000001   Data   RW         1646    .data               gapgattserver.o
    0x1fff3723   COMPRESSED   0x00000001   PAD
    0x1fff3724   COMPRESSED   0x00000061   Data   RW         1722    .data               peripheral.o
    0x1fff3785   COMPRESSED   0x00000003   PAD
    0x1fff3788   COMPRESSED   0x0000004c   Data   RW         1835    .data               gattservapp.o
    0x1fff37d4   COMPRESSED   0x00000001   Data   RW         1836    .data               gattservapp.o
    0x1fff37d5   COMPRESSED   0x00000001   Data   RW         2138    .data               devinfoservice.o
    0x1fff37d6   COMPRESSED   0x00000002   PAD
    0x1fff37d8   COMPRESSED   0x00000140   Data   RW         2139    .data               devinfoservice.o
    0x1fff3918   COMPRESSED   0x00000001   Data   RW         2140    .data               devinfoservice.o
    0x1fff3919   COMPRESSED   0x00000001   Data   RW         2141    .data               devinfoservice.o
    0x1fff391a   COMPRESSED   0x00000001   Data   RW         2142    .data               devinfoservice.o
    0x1fff391b   COMPRESSED   0x00000001   Data   RW         2143    .data               devinfoservice.o
    0x1fff391c   COMPRESSED   0x00000001   Data   RW         2144    .data               devinfoservice.o
    0x1fff391d   COMPRESSED   0x00000001   Data   RW         2145    .data               devinfoservice.o
    0x1fff391e   COMPRESSED   0x00000001   Data   RW         2146    .data               devinfoservice.o
    0x1fff391f   COMPRESSED   0x00000001   Data   RW         2147    .data               devinfoservice.o
    0x1fff3920   COMPRESSED   0x00000004   Data   RW         2216    .data               osal_pwm_light.o
    0x1fff3924   COMPRESSED   0x00000049   Data   RW         2264    .data               pwmdemo.o
    0x1fff396d   COMPRESSED   0x00000001   Data   RW         2318    .data               pwmservice.o
    0x1fff396e   COMPRESSED   0x00000002   PAD
    0x1fff3970   COMPRESSED   0x00000048   Data   RW         2319    .data               pwmservice.o
    0x1fff39b8   COMPRESSED   0x0000002a   Data   RW         2366    .data               color_mode.o
    0x1fff39e2   COMPRESSED   0x00000002   PAD
    0x1fff39e4   COMPRESSED   0x00000004   Data   RW         2441    .data               system_armcm0.o
    0x1fff39e8   COMPRESSED   0x00000004   Data   RW         2496    .data               rf.lib(patch.o)
    0x1fff39ec   COMPRESSED   0x00000006   Data   RW         2661    .data               ble_host.lib(att_util.o)
    0x1fff39f2   COMPRESSED   0x00000004   Data   RW         2662    .data               ble_host.lib(att_util.o)
    0x1fff39f6   COMPRESSED   0x0000005a   Data   RW         2797    .data               ble_host.lib(gap_configmgr.o)
    0x1fff3a50   COMPRESSED   0x00000008   Data   RW         2827    .data               ble_host.lib(gap_devmgr.o)
    0x1fff3a58   COMPRESSED   0x00000010   Data   RW         2859    .data               ble_host.lib(gap_linkmgr.o)
    0x1fff3a68   COMPRESSED   0x0000001c   Data   RW         2909    .data               ble_host.lib(gap_peridevmgr.o)
    0x1fff3a84   COMPRESSED   0x0000000c   Data   RW         2951    .data               ble_host.lib(gap_task.o)
    0x1fff3a90   COMPRESSED   0x00000008   Data   RW         2996    .data               ble_host.lib(gatt_server.o)
    0x1fff3a98   COMPRESSED   0x0000000c   Data   RW         3041    .data               ble_host.lib(gatt_task.o)
    0x1fff3aa4   COMPRESSED   0x00000001   Data   RW         3073    .data               ble_host.lib(l2cap_if.o)
    0x1fff3aa5   COMPRESSED   0x00000001   Data   RW         3094    .data               ble_host.lib(l2cap_task.o)
    0x1fff3aa6   COMPRESSED   0x00000002   PAD
    0x1fff3aa8   COMPRESSED   0x0000000c   Data   RW         3142    .data               ble_host.lib(sm_rsppairing.o)
    0x1fff3ab4   COMPRESSED   0x00000001   Data   RW         3159    .data               ble_host.lib(sm_task.o)
    0x1fff3ab5   COMPRESSED   0x00000001   PAD
    0x1fff3ab6   COMPRESSED   0x00000004   Data   RW         3170    .data               cksys.lib(gattservapp_simple_chsys_1.o)
    0x1fff3aba   COMPRESSED   0x00000004   Data   RW         3346    .data               ble_host.lib(l2cap_util.o)
    0x1fff3abe   COMPRESSED   0x00000002   PAD
    0x1fff3ac0   COMPRESSED   0x00000004   Data   RW         3411    .data               ble_host.lib(sm_mgr.o)
    0x1fff3ac4   COMPRESSED   0x0000000c   Data   RW         3469    .data               ble_host.lib(sm_pairing.o)
    0x1fff3ad0        -       0x00002020   Zero   RW            7    .bss                main.o
    0x1fff5af0        -       0x00000040   Zero   RW          185    .bss                uart.o
    0x1fff5b30        -       0x0000012c   Zero   RW          429    .bss                gpio.o
    0x1fff5c5c        -       0x00000078   Zero   RW          686    .bss                pwrmgr.o
    0x1fff5cd4        -       0x00000044   Zero   RW          943    .bss                pwm.o
    0x1fff5d18        -       0x000000a6   Zero   RW         1468    .bss                gapbondmgr.o
    0x1fff5dbe        -       0x00000016   Zero   RW         1640    .bss                gapgattserver.o
    0x1fff5dd4        -       0x0000003f   Zero   RW         1721    .bss                peripheral.o
    0x1fff5e13   COMPRESSED   0x00000001   PAD
    0x1fff5e14        -       0x00000a14   Zero   RW         1832    .bss                gattservapp.o
    0x1fff6828        -       0x00000014   Zero   RW         2312    .bss                pwmservice.o
    0x1fff683c        -       0x00000014   Zero   RW         2363    .bss                color_mode.o
    0x1fff6850        -       0x00000014   Zero   RW         2364    .bss                color_mode.o
    0x1fff6864        -       0x00000028   Zero   RW         2365    .bss                color_mode.o
    0x1fff688c        -       0x00000010   Zero   RW         2659    .bss                ble_host.lib(att_util.o)
    0x1fff689c        -       0x0000001c   Zero   RW         2796    .bss                ble_host.lib(gap_configmgr.o)
    0x1fff68b8        -       0x00000024   Zero   RW         2994    .bss                ble_host.lib(gatt_server.o)
    0x1fff68dc        -       0x0000002e   Zero   RW         3093    .bss                ble_host.lib(l2cap_task.o)
    0x1fff690a   COMPRESSED   0x00000002   PAD
    0x1fff690c        -       0x00000170   Zero   RW         3116    .bss                ble_host.lib(linkdb.o)
    0x1fff6a7c        -       0x00000394   Zero   RW         3345    .bss                ble_host.lib(l2cap_util.o)
    0x1fff6e10        -       0x00000400   Zero   RW         2430    STACK               startup_armcm0.o



  Load Region LR_IROM4 (Base: 0x1fff0000, Size: 0x00000800, Max: 0x00000800, ABSOLUTE, COMPRESSED[0x0000040c])

    Execution Region JUMP_TABLE (Exec base: 0x1fff0000, Load base: 0x1fff0000, Size: 0x00000400, Max: 0x00000400, ABSOLUTE)

    Exec Addr    Load Addr    Size         Type   Attr      Idx    E Section Name        Object

    0x1fff0000   0x1fff0000   0x00000400   Data   RO         2188    jump_table_mem_area  jump_table.o


    Execution Region GOLBAL_CONFIG (Exec base: 0x1fff0400, Load base: 0x1fff0400, Size: 0x00000400, Max: 0x00000400, ABSOLUTE, COMPRESSED[0x0000000c])

    Exec Addr    Load Addr    Size         Type   Attr      Idx    E Section Name        Object

    0x1fff0400   COMPRESSED   0x00000400   Data   RW         2187    global_config_area  jump_table.o



  Load Region LR_IROM3 (Base: 0x11020000, Size: 0x000086fc, Max: 0x00020000, ABSOLUTE)

    Execution Region ER_IROM3 (Exec base: 0x11020000, Load base: 0x11020000, Size: 0x000086fc, Max: 0x00020000, ABSOLUTE)

    Exec Addr    Load Addr    Size         Type   Attr      Idx    E Section Name        Object

    0x11020000   0x11020000   0x0000000c   Ven    RO         3918    Veneer$$Code        anon$$obj.o
    0x1102000c   0x1102000c   0x0000000c   Ven    RO         3919    Veneer$$Code        anon$$obj.o
    0x11020018   0x11020018   0x0000000c   Ven    RO         3920    Veneer$$Code        anon$$obj.o
    0x11020024   0x11020024   0x0000000c   Ven    RO         3921    Veneer$$Code        anon$$obj.o
    0x11020030   0x11020030   0x0000000c   Ven    RO         3922    Veneer$$Code        anon$$obj.o
    0x1102003c   0x1102003c   0x0000000c   Ven    RO         3923    Veneer$$Code        anon$$obj.o
    0x11020048   0x11020048   0x0000000c   Ven    RO         3924    Veneer$$Code        anon$$obj.o
    0x11020054   0x11020054   0x0000000c   Ven    RO         3925    Veneer$$Code        anon$$obj.o
    0x11020060   0x11020060   0x0000000c   Ven    RO         3926    Veneer$$Code        anon$$obj.o
    0x1102006c   0x1102006c   0x0000000c   Ven    RO         3927    Veneer$$Code        anon$$obj.o
    0x11020078   0x11020078   0x0000000c   Ven    RO         3928    Veneer$$Code        anon$$obj.o
    0x11020084   0x11020084   0x0000000c   Ven    RO         3929    Veneer$$Code        anon$$obj.o
    0x11020090   0x11020090   0x0000000c   Ven    RO         3930    Veneer$$Code        anon$$obj.o
    0x1102009c   0x1102009c   0x0000000c   Ven    RO         3931    Veneer$$Code        anon$$obj.o
    0x110200a8   0x110200a8   0x0000000c   Ven    RO         3932    Veneer$$Code        anon$$obj.o
    0x110200b4   0x110200b4   0x0000000c   Ven    RO         3933    Veneer$$Code        anon$$obj.o
    0x110200c0   0x110200c0   0x0000000c   Ven    RO         3934    Veneer$$Code        anon$$obj.o
    0x110200cc   0x110200cc   0x0000000c   Ven    RO         3935    Veneer$$Code        anon$$obj.o
    0x110200d8   0x110200d8   0x0000000c   Ven    RO         3936    Veneer$$Code        anon$$obj.o
    0x110200e4   0x110200e4   0x0000000c   Ven    RO         3937    Veneer$$Code        anon$$obj.o
    0x110200f0   0x110200f0   0x0000000c   Ven    RO         3938    Veneer$$Code        anon$$obj.o
    0x110200fc   0x110200fc   0x0000000c   Ven    RO         3939    Veneer$$Code        anon$$obj.o
    0x11020108   0x11020108   0x0000000c   Ven    RO         3940    Veneer$$Code        anon$$obj.o
    0x11020114   0x11020114   0x0000000c   Ven    RO         3941    Veneer$$Code        anon$$obj.o
    0x11020120   0x11020120   0x0000000c   Ven    RO         3942    Veneer$$Code        anon$$obj.o
    0x1102012c   0x1102012c   0x0000000c   Ven    RO         3943    Veneer$$Code        anon$$obj.o
    0x11020138   0x11020138   0x0000000c   Ven    RO         3944    Veneer$$Code        anon$$obj.o
    0x11020144   0x11020144   0x0000000c   Ven    RO         3945    Veneer$$Code        anon$$obj.o
    0x11020150   0x11020150   0x0000000c   Ven    RO         3946    Veneer$$Code        anon$$obj.o
    0x1102015c   0x1102015c   0x0000000c   Ven    RO         3947    Veneer$$Code        anon$$obj.o
    0x11020168   0x11020168   0x0000000c   Ven    RO         3948    Veneer$$Code        anon$$obj.o
    0x11020174   0x11020174   0x0000000c   Ven    RO         3949    Veneer$$Code        anon$$obj.o
    0x11020180   0x11020180   0x0000000c   Ven    RO         3950    Veneer$$Code        anon$$obj.o
    0x1102018c   0x1102018c   0x0000000c   Ven    RO         3951    Veneer$$Code        anon$$obj.o
    0x11020198   0x11020198   0x0000000c   Ven    RO         3952    Veneer$$Code        anon$$obj.o
    0x110201a4   0x110201a4   0x0000000c   Ven    RO         3953    Veneer$$Code        anon$$obj.o
    0x110201b0   0x110201b0   0x0000000c   Ven    RO         3954    Veneer$$Code        anon$$obj.o
    0x110201bc   0x110201bc   0x0000000c   Ven    RO         3955    Veneer$$Code        anon$$obj.o
    0x110201c8   0x110201c8   0x0000000c   Ven    RO         3956    Veneer$$Code        anon$$obj.o
    0x110201d4   0x110201d4   0x0000000c   Ven    RO         3957    Veneer$$Code        anon$$obj.o
    0x110201e0   0x110201e0   0x0000000c   Ven    RO         3958    Veneer$$Code        anon$$obj.o
    0x110201ec   0x110201ec   0x0000000c   Ven    RO         3959    Veneer$$Code        anon$$obj.o
    0x110201f8   0x110201f8   0x0000000c   Ven    RO         3960    Veneer$$Code        anon$$obj.o
    0x11020204   0x11020204   0x0000000c   Ven    RO         3961    Veneer$$Code        anon$$obj.o
    0x11020210   0x11020210   0x0000000c   Ven    RO         3962    Veneer$$Code        anon$$obj.o
    0x1102021c   0x1102021c   0x0000000c   Ven    RO         3963    Veneer$$Code        anon$$obj.o
    0x11020228   0x11020228   0x0000000c   Ven    RO         3964    Veneer$$Code        anon$$obj.o
    0x11020234   0x11020234   0x0000000c   Ven    RO         3965    Veneer$$Code        anon$$obj.o
    0x11020240   0x11020240   0x0000000c   Ven    RO         3966    Veneer$$Code        anon$$obj.o
    0x1102024c   0x1102024c   0x0000000c   Ven    RO         3967    Veneer$$Code        anon$$obj.o
    0x11020258   0x11020258   0x0000000c   Ven    RO         3968    Veneer$$Code        anon$$obj.o
    0x11020264   0x11020264   0x0000000c   Ven    RO         3969    Veneer$$Code        anon$$obj.o
    0x11020270   0x11020270   0x0000000c   Ven    RO         3970    Veneer$$Code        anon$$obj.o
    0x1102027c   0x1102027c   0x0000000c   Ven    RO         3971    Veneer$$Code        anon$$obj.o
    0x11020288   0x11020288   0x0000000c   Ven    RO         3972    Veneer$$Code        anon$$obj.o
    0x11020294   0x11020294   0x0000000c   Ven    RO         3973    Veneer$$Code        anon$$obj.o
    0x110202a0   0x110202a0   0x0000000c   Ven    RO         3974    Veneer$$Code        anon$$obj.o
    0x110202ac   0x110202ac   0x0000000c   Ven    RO         3975    Veneer$$Code        anon$$obj.o
    0x110202b8   0x110202b8   0x0000000c   Ven    RO         3976    Veneer$$Code        anon$$obj.o
    0x110202c4   0x110202c4   0x0000000c   Ven    RO         3977    Veneer$$Code        anon$$obj.o
    0x110202d0   0x110202d0   0x0000000c   Ven    RO         3978    Veneer$$Code        anon$$obj.o
    0x110202dc   0x110202dc   0x000000a8   Code   RO         3311    _section_sram_code_  ble_host.lib(l2cap_util.o)
    0x11020384   0x11020384   0x00000016   Code   RO         2603    i.ATT_BuildErrorRsp  ble_host.lib(att_util.o)
    0x1102039a   0x1102039a   0x0000000e   Code   RO         2605    i.ATT_BuildExchangeMTURsp  ble_host.lib(att_util.o)
    0x110203a8   0x110203a8   0x00000030   Code   RO         2608    i.ATT_BuildFindByTypeValueRsp  ble_host.lib(att_util.o)
    0x110203d8   0x110203d8   0x0000006c   Code   RO         2610    i.ATT_BuildFindInfoRsp  ble_host.lib(att_util.o)
    0x11020444   0x11020444   0x0000001e   Code   RO         2611    i.ATT_BuildHandleValueInd  ble_host.lib(att_util.o)
    0x11020462   0x11020462   0x00000028   Code   RO         2613    i.ATT_BuildPrepareWriteRsp  ble_host.lib(att_util.o)
    0x1102048a   0x1102048a   0x00000010   Code   RO         2615    i.ATT_BuildReadBlobRsp  ble_host.lib(att_util.o)
    0x1102049a   0x1102049a   0x0000001a   Code   RO         2616    i.ATT_BuildReadByGrpTypeRsp  ble_host.lib(att_util.o)
    0x110204b4   0x110204b4   0x0000001a   Code   RO         2618    i.ATT_BuildReadByTypeRsp  ble_host.lib(att_util.o)
    0x110204ce   0x110204ce   0x00000010   Code   RO         2620    i.ATT_BuildReadMultiRsp  ble_host.lib(att_util.o)
    0x110204de   0x110204de   0x00000010   Code   RO         2622    i.ATT_BuildReadRsp  ble_host.lib(att_util.o)
    0x110204ee   0x110204ee   0x0000004a   Code   RO         2624    i.ATT_CompareUUID   ble_host.lib(att_util.o)
    0x11020538   0x11020538   0x0000002c   Code   RO         2625    i.ATT_ConvertUUIDto128  ble_host.lib(att_util.o)
    0x11020564   0x11020564   0x00000014   Code   RO         2571    i.ATT_ErrorRsp      ble_host.lib(att_server.o)
    0x11020578   0x11020578   0x00000040   Code   RO         2572    i.ATT_ExchangeMTURsp  ble_host.lib(att_server.o)
    0x110205b8   0x110205b8   0x0000000e   Code   RO         2573    i.ATT_ExecuteWriteRsp  ble_host.lib(att_server.o)
    0x110205c6   0x110205c6   0x00000002   PAD
    0x110205c8   0x110205c8   0x0000001c   Code   RO         2574    i.ATT_FindByTypeValueRsp  ble_host.lib(att_server.o)
    0x110205e4   0x110205e4   0x00000028   Code   RO         2575    i.ATT_FindInfoRsp   ble_host.lib(att_server.o)
    0x1102060c   0x1102060c   0x0000000c   Code   RO         2627    i.ATT_GetCurrentMTUSize  ble_host.lib(att_util.o)
    0x11020618   0x11020618   0x00000014   Code   RO         2576    i.ATT_HandleValueInd  ble_host.lib(att_server.o)
    0x1102062c   0x1102062c   0x00000014   Code   RO         2577    i.ATT_HandleValueNoti  ble_host.lib(att_server.o)
    0x11020640   0x11020640   0x00000018   Code   RO         2629    i.ATT_InitMtuSize   ble_host.lib(att_util.o)
    0x11020658   0x11020658   0x00000018   Code   RO         2631    i.ATT_ParseExchangeMTUReq  ble_host.lib(att_util.o)
    0x11020670   0x11020670   0x00000012   Code   RO         2633    i.ATT_ParseExecuteWriteReq  ble_host.lib(att_util.o)
    0x11020682   0x11020682   0x00000048   Code   RO         2635    i.ATT_ParseFindByTypeValueReq  ble_host.lib(att_util.o)
    0x110206ca   0x110206ca   0x00000022   Code   RO         2637    i.ATT_ParseFindInfoReq  ble_host.lib(att_util.o)
    0x110206ec   0x110206ec   0x00000060   Code   RO         2641    i.ATT_ParsePacket   ble_host.lib(att_util.o)
    0x1102074c   0x1102074c   0x00000038   Code   RO         2642    i.ATT_ParsePrepareWriteReq  ble_host.lib(att_util.o)
    0x11020784   0x11020784   0x00000022   Code   RO         2644    i.ATT_ParseReadBlobReq  ble_host.lib(att_util.o)
    0x110207a6   0x110207a6   0x0000003c   Code   RO         2647    i.ATT_ParseReadByTypeReq  ble_host.lib(att_util.o)
    0x110207e2   0x110207e2   0x00000002   PAD
    0x110207e4   0x110207e4   0x00000044   Code   RO         2649    i.ATT_ParseReadMultiReq  ble_host.lib(att_util.o)
    0x11020828   0x11020828   0x00000018   Code   RO         2651    i.ATT_ParseReadReq  ble_host.lib(att_util.o)
    0x11020840   0x11020840   0x00000042   Code   RO         2653    i.ATT_ParseWriteReq  ble_host.lib(att_util.o)
    0x11020882   0x11020882   0x00000002   PAD
    0x11020884   0x11020884   0x00000014   Code   RO         2578    i.ATT_PrepareWriteRsp  ble_host.lib(att_server.o)
    0x11020898   0x11020898   0x00000014   Code   RO         2579    i.ATT_ReadBlobRsp   ble_host.lib(att_server.o)
    0x110208ac   0x110208ac   0x0000001c   Code   RO         2580    i.ATT_ReadByGrpTypeRsp  ble_host.lib(att_server.o)
    0x110208c8   0x110208c8   0x0000001c   Code   RO         2581    i.ATT_ReadByTypeRsp  ble_host.lib(att_server.o)
    0x110208e4   0x110208e4   0x00000014   Code   RO         2582    i.ATT_ReadMultiRsp  ble_host.lib(att_server.o)
    0x110208f8   0x110208f8   0x00000014   Code   RO         2583    i.ATT_ReadRsp       ble_host.lib(att_server.o)
    0x1102090c   0x1102090c   0x00000018   Code   RO         2657    i.ATT_UpdateMtuSize  ble_host.lib(att_util.o)
    0x11020924   0x11020924   0x0000000e   Code   RO         2584    i.ATT_WriteRsp      ble_host.lib(att_server.o)
    0x11020932   0x11020932   0x00000002   PAD
    0x11020934   0x11020934   0x00000018   Code   RO         2122    i.DevInfo_AddService  devinfoservice.o
    0x1102094c   0x1102094c   0x00000020   Code   RO         2124    i.DevInfo_SetParameter  devinfoservice.o
    0x1102096c   0x1102096c   0x00000010   Code   RO         1441    i.GAPBondMgr_Init   gapbondmgr.o
    0x1102097c   0x1102097c   0x00000140   Code   RO         1442    i.GAPBondMgr_LinkEst  gapbondmgr.o
    0x11020abc   0x11020abc   0x000000b0   Code   RO         1444    i.GAPBondMgr_ProcessEvent  gapbondmgr.o
    0x11020b6c   0x11020b6c   0x000001bc   Code   RO         1445    i.GAPBondMgr_ProcessGAPMsg  gapbondmgr.o
    0x11020d28   0x11020d28   0x0000001c   Code   RO         1446    i.GAPBondMgr_Register  gapbondmgr.o
    0x11020d44   0x11020d44   0x000000b8   Code   RO         1447    i.GAPBondMgr_ResolveAddr  gapbondmgr.o
    0x11020dfc   0x11020dfc   0x0000006c   Code   RO         1448    i.GAPBondMgr_ServiceChangeInd  gapbondmgr.o
    0x11020e68   0x11020e68   0x00000164   Code   RO         1449    i.GAPBondMgr_SetParameter  gapbondmgr.o
    0x11020fcc   0x11020fcc   0x00000058   Code   RO         1450    i.GAPBondMgr_UpdateCharCfg  gapbondmgr.o
    0x11021024   0x11021024   0x000000e8   Code   RO         1710    i.GAPRole_GetParameter  peripheral.o
    0x1102110c   0x1102110c   0x00000044   Code   RO         1711    i.GAPRole_Init      peripheral.o
    0x11021150   0x11021150   0x000000f4   Code   RO         1712    i.GAPRole_ProcessEvent  peripheral.o
    0x11021244   0x11021244   0x00000058   Code   RO         1714    i.GAPRole_SendUpdateParam  peripheral.o
    0x1102129c   0x1102129c   0x00000214   Code   RO         1715    i.GAPRole_SetParameter  peripheral.o
    0x110214b0   0x110214b0   0x00000038   Code   RO         1716    i.GAPRole_StartDevice  peripheral.o
    0x110214e8   0x110214e8   0x00000020   Code   RO         1717    i.GAPRole_TerminateConnection  peripheral.o
    0x11021508   0x11021508   0x000000a8   Code   RO         2837    i.GAP_Authenticate  ble_host.lib(gap_linkmgr.o)
    0x110215b0   0x110215b0   0x00000088   Code   RO         2838    i.GAP_Bond          ble_host.lib(gap_linkmgr.o)
    0x11021638   0x11021638   0x0000003e   Code   RO         1419    i.GAP_DeviceInit    gap.o
    0x11021676   0x11021676   0x00000002   PAD
    0x11021678   0x11021678   0x00000054   Code   RO         2886    i.GAP_EndDiscoverable  ble_host.lib(gap_peridevmgr.o)
    0x110216cc   0x110216cc   0x00000018   Code   RO         2777    i.GAP_GetParamValue  ble_host.lib(gap_configmgr.o)
    0x110216e4   0x110216e4   0x00000020   Code   RO         2943    i.GAP_Init          ble_host.lib(gap_task.o)
    0x11021704   0x11021704   0x000000c0   Code   RO         2888    i.GAP_MakeDiscoverable  ble_host.lib(gap_peridevmgr.o)
    0x110217c4   0x110217c4   0x00000008   Code   RO         2944    i.GAP_NumActiveConnections  ble_host.lib(gap_task.o)
    0x110217cc   0x110217cc   0x00000038   Code   RO         2778    i.GAP_ParamsInit    ble_host.lib(gap_configmgr.o)
    0x11021804   0x11021804   0x00000048   Code   RO         2839    i.GAP_PasscodeUpdate  ble_host.lib(gap_linkmgr.o)
    0x1102184c   0x1102184c   0x00000048   Code   RO         2889    i.GAP_PeriDevMgrInit  ble_host.lib(gap_peridevmgr.o)
    0x11021894   0x11021894   0x000000e0   Code   RO         2945    i.GAP_ProcessEvent  ble_host.lib(gap_task.o)
    0x11021974   0x11021974   0x0000000c   Code   RO         2946    i.GAP_RegisterForHCIMsgs  ble_host.lib(gap_task.o)
    0x11021980   0x11021980   0x00000008   Code   RO         2822    i.GAP_ResolvePrivateAddr  ble_host.lib(gap_devmgr.o)
    0x11021988   0x11021988   0x00000040   Code   RO         2779    i.GAP_SecParamsInit  ble_host.lib(gap_configmgr.o)
    0x110219c8   0x110219c8   0x00000050   Code   RO         2937    i.GAP_SendSlaveSecurityRequest  ble_host.lib(gap_perilinkmgr.o)
    0x11021a18   0x11021a18   0x00000020   Code   RO         2780    i.GAP_SetParamValue  ble_host.lib(gap_configmgr.o)
    0x11021a38   0x11021a38   0x0000004c   Code   RO         2841    i.GAP_Signable      ble_host.lib(gap_linkmgr.o)
    0x11021a84   0x11021a84   0x00000020   Code   RO         2842    i.GAP_TerminateAuth  ble_host.lib(gap_linkmgr.o)
    0x11021aa4   0x11021aa4   0x00000080   Code   RO         2843    i.GAP_TerminateLinkReq  ble_host.lib(gap_linkmgr.o)
    0x11021b24   0x11021b24   0x00000074   Code   RO         2893    i.GAP_UpdateAdvertisingData  ble_host.lib(gap_peridevmgr.o)
    0x11021b98   0x11021b98   0x00000020   Code   RO         1794    i.GATTServApp_AddService  gattservapp.o
    0x11021bb8   0x11021bb8   0x00000050   Code   RO         1800    i.GATTServApp_Init  gattservapp.o
    0x11021c08   0x11021c08   0x00000030   Code   RO         1801    i.GATTServApp_InitCharCfg  gattservapp.o
    0x11021c38   0x11021c38   0x00000058   Code   RO         1802    i.GATTServApp_ProcessCCCWriteReq  gattservapp.o
    0x11021c90   0x11021c90   0x00000038   Code   RO         1804    i.GATTServApp_ProcessEvent  gattservapp.o
    0x11021cc8   0x11021cc8   0x00000224   Code   RO         1805    i.GATTServApp_ReadAttr  gattservapp.o
    0x11021eec   0x11021eec   0x0000000e   Code   RO         1806    i.GATTServApp_ReadCharCfg  gattservapp.o
    0x11021efa   0x11021efa   0x00000002   PAD
    0x11021efc   0x11021efc   0x0000000c   Code   RO         1807    i.GATTServApp_RegisterForMsg  gattservapp.o
    0x11021f08   0x11021f08   0x00000070   Code   RO         1808    i.GATTServApp_RegisterService  gattservapp.o
    0x11021f78   0x11021f78   0x0000009c   Code   RO         3167    i.GATTServApp_RegisterService_simple  cksys.lib(gattservapp_simple_chsys_1.o)
    0x11022014   0x11022014   0x00000038   Code   RO         1809    i.GATTServApp_SendCCCUpdatedEvent  gattservapp.o
    0x1102204c   0x1102204c   0x00000024   Code   RO         1810    i.GATTServApp_SendServiceChangedInd  gattservapp.o
    0x11022070   0x11022070   0x00000018   Code   RO         1813    i.GATTServApp_UpdateCharCfg  gattservapp.o
    0x11022088   0x11022088   0x0000004c   Code   RO         1814    i.GATTServApp_WriteAttr  gattservapp.o
    0x110220d4   0x110220d4   0x0000002c   Code   RO         1815    i.GATTServApp_WriteCharCfg  gattservapp.o
    0x11022100   0x11022100   0x00000086   Code   RO         3168    i.GATTServApp_simple_WriteAttrCB  cksys.lib(gattservapp_simple_chsys_1.o)
    0x11022186   0x11022186   0x0000002e   Code   RO         3031    i.GATT_AppCompletedMsg  ble_host.lib(gatt_task.o)
    0x110221b4   0x110221b4   0x0000004c   Code   RO         2965    i.GATT_FindHandle   ble_host.lib(gatt_server.o)
    0x11022200   0x11022200   0x00000064   Code   RO         2966    i.GATT_FindHandleUUID  ble_host.lib(gatt_server.o)
    0x11022264   0x11022264   0x00000094   Code   RO         2967    i.GATT_FindNextAttr  ble_host.lib(gatt_server.o)
    0x110222f8   0x110222f8   0x00000054   Code   RO         2968    i.GATT_Indication   ble_host.lib(gatt_server.o)
    0x1102234c   0x1102234c   0x0000001c   Code   RO         3032    i.GATT_Init         ble_host.lib(gatt_task.o)
    0x11022368   0x11022368   0x00000048   Code   RO         2969    i.GATT_InitServer   ble_host.lib(gatt_server.o)
    0x110223b0   0x110223b0   0x0000002e   Code   RO         2970    i.GATT_Notification  ble_host.lib(gatt_server.o)
    0x110223de   0x110223de   0x00000002   PAD
    0x110223e0   0x110223e0   0x00000034   Code   RO         3033    i.GATT_ProcessEvent  ble_host.lib(gatt_task.o)
    0x11022414   0x11022414   0x0000000c   Code   RO         2971    i.GATT_RegisterForReq  ble_host.lib(gatt_server.o)
    0x11022420   0x11022420   0x000000a8   Code   RO         2972    i.GATT_RegisterService  ble_host.lib(gatt_server.o)
    0x110224c8   0x110224c8   0x00000050   Code   RO         2973    i.GATT_ServiceChangedInd  ble_host.lib(gatt_server.o)
    0x11022518   0x11022518   0x00000020   Code   RO         2974    i.GATT_ServiceNumAttrs  ble_host.lib(gatt_server.o)
    0x11022538   0x11022538   0x00000026   Code   RO         2976    i.GATT_VerifyReadPermissions  ble_host.lib(gatt_server.o)
    0x1102255e   0x1102255e   0x00000042   Code   RO         2977    i.GATT_VerifyWritePermissions  ble_host.lib(gatt_server.o)
    0x110225a0   0x110225a0   0x00000020   Code   RO         1630    i.GGS_AddService    gapgattserver.o
    0x110225c0   0x110225c0   0x00000088   Code   RO         1636    i.GGS_SetParameter  gapgattserver.o
    0x11022648   0x11022648   0x00000042   Code   RO         3312    i.L2CAP_BuildCmdReject  ble_host.lib(l2cap_util.o)
    0x1102268a   0x1102268a   0x00000002   PAD
    0x1102268c   0x1102268c   0x00000018   Code   RO         3063    i.L2CAP_CmdReject   ble_host.lib(l2cap_if.o)
    0x110226a4   0x110226a4   0x00000018   Code   RO         3064    i.L2CAP_ConnParamUpdateReq  ble_host.lib(l2cap_if.o)
    0x110226bc   0x110226bc   0x00000008   Code   RO         3316    i.L2CAP_Fragment_bm_alloc  ble_host.lib(l2cap_util.o)
    0x110226c4   0x110226c4   0x00000018   Code   RO         3067    i.L2CAP_HostNumCompletedPkts  ble_host.lib(l2cap_if.o)
    0x110226dc   0x110226dc   0x00000048   Code   RO         3088    i.L2CAP_Init        ble_host.lib(l2cap_task.o)
    0x11022724   0x11022724   0x00000034   Code   RO         3318    i.L2CAP_ParseParamUpdateReq  ble_host.lib(l2cap_util.o)
    0x11022758   0x11022758   0x00000034   Code   RO         3089    i.L2CAP_ProcessEvent  ble_host.lib(l2cap_task.o)
    0x1102278c   0x1102278c   0x00000028   Code   RO         3319    i.L2CAP_ReassemblePkt_Reset  ble_host.lib(l2cap_util.o)
    0x110227b4   0x110227b4   0x0000002c   Code   RO         3069    i.L2CAP_RegisterApp  ble_host.lib(l2cap_if.o)
    0x110227e0   0x110227e0   0x00000044   Code   RO         3320    i.L2CAP_SegmentPkt_Reset  ble_host.lib(l2cap_util.o)
    0x11022824   0x11022824   0x00000034   Code   RO         3070    i.L2CAP_SendData    ble_host.lib(l2cap_if.o)
    0x11022858   0x11022858   0x00000018   Code   RO         3321    i.L2CAP_bm_alloc    ble_host.lib(l2cap_util.o)
    0x11022870   0x11022870   0x000000ec   Code   RO         2260    i.PWMGapStateCB     pwmdemo.o
    0x1102295c   0x1102295c   0x0000002c   Code   RO         2308    i.PWMS_AddService   pwmservice.o
    0x11022988   0x11022988   0x00000054   Code   RO         2309    i.PWMS_ReadAttrCB   pwmservice.o
    0x110229dc   0x110229dc   0x000000b0   Code   RO         2310    i.PWMS_WriteAttrCB  pwmservice.o
    0x11022a8c   0x11022a8c   0x00000168   Code   RO         2261    i.PWM_Init          pwmdemo.o
    0x11022bf4   0x11022bf4   0x000000a4   Code   RO         2355    i.PWM_LIGHT_Set_work_mode  color_mode.o
    0x11022c98   0x11022c98   0x000000fc   Code   RO         2262    i.PWM_ProcessEvent  pwmdemo.o
    0x11022d94   0x11022d94   0x0000004c   Code   RO         2356    i.PWM_light_all_off  color_mode.o
    0x11022de0   0x11022de0   0x00000254   Code   RO         2357    i.PWM_light_fade_mode  color_mode.o
    0x11023034   0x11023034   0x000000b4   Code   RO         2358    i.PWM_light_flash_mode  color_mode.o
    0x110230e8   0x110230e8   0x0000014c   Code   RO         2359    i.PWM_light_more_fademode  color_mode.o
    0x11023234   0x11023234   0x00000044   Code   RO         2360    i.PWM_light_smooth_mode  color_mode.o
    0x11023278   0x11023278   0x00000070   Code   RO         2361    i.PWM_light_strobe_mode  color_mode.o
    0x110232e8   0x110232e8   0x00000044   Code   RO         3385    i.SM_CalcRandomAddr  ble_host.lib(sm_mgr.o)
    0x1102332c   0x1102332c   0x0000009a   Code   RO         3387    i.SM_GenerateAuthenSig  ble_host.lib(sm_mgr.o)
    0x110233c6   0x110233c6   0x00000002   PAD
    0x110233c8   0x110233c8   0x00000024   Code   RO         3156    i.SM_Init           ble_host.lib(sm_task.o)
    0x110233ec   0x110233ec   0x00000084   Code   RO         3441    i.SM_PasskeyUpdate  ble_host.lib(sm_pairing.o)
    0x11023470   0x11023470   0x00000060   Code   RO         3157    i.SM_ProcessEvent   ble_host.lib(sm_task.o)
    0x110234d0   0x110234d0   0x0000004c   Code   RO         3389    i.SM_ResolveRandomAddrs  ble_host.lib(sm_mgr.o)
    0x1102351c   0x1102351c   0x00000020   Code   RO         3133    i.SM_ResponderInit  ble_host.lib(sm_rsppairing.o)
    0x1102353c   0x1102353c   0x00000088   Code   RO         3442    i.SM_StartPairing   ble_host.lib(sm_pairing.o)
    0x110235c4   0x110235c4   0x000000ce   Code   RO         3390    i.SM_VerifyAuthenSig  ble_host.lib(sm_mgr.o)
    0x11023692   0x11023692   0x00000002   PAD
    0x11023694   0x11023694   0x0000007c   Code   RO         2658    i.attSendMsg        ble_host.lib(att_util.o)
    0x11023710   0x11023710   0x00000134   Code   RO         2125    i.devInfo_ReadAttrCB  devinfoservice.o
    0x11023844   0x11023844   0x0000001a   Code   RO         2844    i.disconnectNext    ble_host.lib(gap_linkmgr.o)
    0x1102385e   0x1102385e   0x00000032   Code   RO         2781    i.gapAddAddrAdj     ble_host.lib(gap_configmgr.o)
    0x11023890   0x11023890   0x00000054   Code   RO         2895    i.gapAllocAdvRecs   ble_host.lib(gap_peridevmgr.o)
    0x110238e4   0x110238e4   0x0000001c   Code   RO         1451    i.gapBondFreeAuthEvt  gapbondmgr.o
    0x11023900   0x11023900   0x00000138   Code   RO         1452    i.gapBondMgrAddBond  gapbondmgr.o
    0x11023a38   0x11023a38   0x000000e8   Code   RO         1453    i.gapBondMgrAuthenticate  gapbondmgr.o
    0x11023b20   0x11023b20   0x00000030   Code   RO         1454    i.gapBondMgrBondTotal  gapbondmgr.o
    0x11023b50   0x11023b50   0x00000058   Code   RO         1455    i.gapBondMgrChangeState  gapbondmgr.o
    0x11023ba8   0x11023ba8   0x00000018   Code   RO         1456    i.gapBondMgrEraseAllBondings  gapbondmgr.o
    0x11023bc0   0x11023bc0   0x000000e4   Code   RO         1457    i.gapBondMgrEraseBonding  gapbondmgr.o
    0x11023ca4   0x11023ca4   0x00000030   Code   RO         1458    i.gapBondMgrFindAddr  gapbondmgr.o
    0x11023cd4   0x11023cd4   0x0000001c   Code   RO         1459    i.gapBondMgrFindCharCfgItem  gapbondmgr.o
    0x11023cf0   0x11023cf0   0x00000036   Code   RO         1460    i.gapBondMgrGetPublicAddr  gapbondmgr.o
    0x11023d26   0x11023d26   0x0000001c   Code   RO         1461    i.gapBondMgrInvertCharCfgItem  gapbondmgr.o
    0x11023d42   0x11023d42   0x00000002   PAD
    0x11023d44   0x11023d44   0x0000005c   Code   RO         1462    i.gapBondMgrReadBonds  gapbondmgr.o
    0x11023da0   0x11023da0   0x00000014   Code   RO         1463    i.gapBondMgrSendServiceChange  gapbondmgr.o
    0x11023db4   0x11023db4   0x000000aa   Code   RO         1464    i.gapBondMgrUpdateCharCfg  gapbondmgr.o
    0x11023e5e   0x11023e5e   0x00000002   PAD
    0x11023e60   0x11023e60   0x00000088   Code   RO         1465    i.gapBondMgr_SyncCharCfg  gapbondmgr.o
    0x11023ee8   0x11023ee8   0x00000034   Code   RO         1466    i.gapBondMgr_SyncWhiteList  gapbondmgr.o
    0x11023f1c   0x11023f1c   0x00000020   Code   RO         1467    i.gapBondSetupPrivFlag  gapbondmgr.o
    0x11023f3c   0x11023f3c   0x0000001e   Code   RO         2782    i.gapDetermineAddrType  ble_host.lib(gap_configmgr.o)
    0x11023f5a   0x11023f5a   0x00000048   Code   RO         2823    i.gapFindADType     ble_host.lib(gap_devmgr.o)
    0x11023fa2   0x11023fa2   0x00000002   PAD
    0x11023fa4   0x11023fa4   0x00000018   Code   RO         2900    i.gapFreeAdvertState  ble_host.lib(gap_peridevmgr.o)
    0x11023fbc   0x11023fbc   0x0000003c   Code   RO         2845    i.gapFreeAuthLink   ble_host.lib(gap_linkmgr.o)
    0x11023ff8   0x11023ff8   0x00000018   Code   RO         2846    i.gapFreeEstLink    ble_host.lib(gap_linkmgr.o)
    0x11024010   0x11024010   0x0000001c   Code   RO         2783    i.gapGetDevAddress  ble_host.lib(gap_configmgr.o)
    0x1102402c   0x1102402c   0x0000000c   Code   RO         2784    i.gapGetDevAddressMode  ble_host.lib(gap_configmgr.o)
    0x11024038   0x11024038   0x0000000c   Code   RO         2785    i.gapGetIRK         ble_host.lib(gap_configmgr.o)
    0x11024044   0x11024044   0x0000000c   Code   RO         2786    i.gapGetSRK         ble_host.lib(gap_configmgr.o)
    0x11024050   0x11024050   0x0000000c   Code   RO         2787    i.gapGetSignCounter  ble_host.lib(gap_configmgr.o)
    0x1102405c   0x1102405c   0x00000028   Code   RO         2788    i.gapIncSignCounter  ble_host.lib(gap_configmgr.o)
    0x11024084   0x11024084   0x00000010   Code   RO         2824    i.gapIsAdvertising  ble_host.lib(gap_devmgr.o)
    0x11024094   0x11024094   0x00000128   Code   RO         2847    i.gapPairingCompleteCB  ble_host.lib(gap_linkmgr.o)
    0x110241bc   0x110241bc   0x00000064   Code   RO         2848    i.gapPasskeyNeededCB  ble_host.lib(gap_linkmgr.o)
    0x11024220   0x11024220   0x00000090   Code   RO         2901    i.gapPeriProcessHCICmdCompleteEvt  ble_host.lib(gap_peridevmgr.o)
    0x110242b0   0x110242b0   0x00000080   Code   RO         2902    i.gapProcessAdvertisingEvt  ble_host.lib(gap_peridevmgr.o)
    0x11024330   0x11024330   0x00000014   Code   RO         2849    i.gapProcessConnUpdateCompleteEvt  ble_host.lib(gap_linkmgr.o)
    0x11024344   0x11024344   0x000000c0   Code   RO         2850    i.gapProcessConnectionCompleteEvt  ble_host.lib(gap_linkmgr.o)
    0x11024404   0x11024404   0x00000068   Code   RO         2851    i.gapProcessDisconnectCompleteEvt  ble_host.lib(gap_linkmgr.o)
    0x1102446c   0x1102446c   0x000000c0   Code   RO         2947    i.gapProcessHCICmdCompleteEvt  ble_host.lib(gap_task.o)
    0x1102452c   0x1102452c   0x0000002c   Code   RO         2789    i.gapProcessNewAddr  ble_host.lib(gap_configmgr.o)
    0x11024558   0x11024558   0x000000d4   Code   RO         2948    i.gapProcessOSALMsg  ble_host.lib(gap_task.o)
    0x1102462c   0x1102462c   0x0000006c   Code   RO         2790    i.gapProcessRandomAddrComplete  ble_host.lib(gap_configmgr.o)
    0x11024698   0x11024698   0x00000044   Code   RO         2791    i.gapReadBD_ADDRStatus  ble_host.lib(gap_configmgr.o)
    0x110246dc   0x110246dc   0x0000003c   Code   RO         2792    i.gapReadBufSizeCmdStatus  ble_host.lib(gap_configmgr.o)
    0x11024718   0x11024718   0x0000000c   Code   RO         2950    i.gapRegisterPeripheral  ble_host.lib(gap_task.o)
    0x11024724   0x11024724   0x000001f4   Code   RO         1718    i.gapRole_ProcessGAPMsg  peripheral.o
    0x11024918   0x11024918   0x00000080   Code   RO         1719    i.gapRole_ProcessOSALMsg  peripheral.o
    0x11024998   0x11024998   0x0000005c   Code   RO         1720    i.gapRole_startConnUpdate  peripheral.o
    0x110249f4   0x110249f4   0x00000044   Code   RO         2853    i.gapSendBondCompleteEvent  ble_host.lib(gap_linkmgr.o)
    0x11024a38   0x11024a38   0x00000048   Code   RO         2793    i.gapSendDeviceInitDoneEvent  ble_host.lib(gap_configmgr.o)
    0x11024a80   0x11024a80   0x00000048   Code   RO         2854    i.gapSendLinkUpdateEvent  ble_host.lib(gap_linkmgr.o)
    0x11024ac8   0x11024ac8   0x0000003c   Code   RO         2903    i.gapSendMakeDiscEvent  ble_host.lib(gap_peridevmgr.o)
    0x11024b04   0x11024b04   0x0000005c   Code   RO         2855    i.gapSendPairingReqEvent  ble_host.lib(gap_linkmgr.o)
    0x11024b60   0x11024b60   0x00000088   Code   RO         2904    i.gapSetAdvParams   ble_host.lib(gap_peridevmgr.o)
    0x11024be8   0x11024be8   0x0000002c   Code   RO         2905    i.gapSetAdvParamsStatus  ble_host.lib(gap_peridevmgr.o)
    0x11024c14   0x11024c14   0x00000052   Code   RO         2795    i.gapUpdateConnSignCounter  ble_host.lib(gap_configmgr.o)
    0x11024c66   0x11024c66   0x00000012   Code   RO         2826    i.gapValidADType    ble_host.lib(gap_devmgr.o)
    0x11024c78   0x11024c78   0x00000030   Code   RO         2906    i.gapWriteAdvDataStatus  ble_host.lib(gap_peridevmgr.o)
    0x11024ca8   0x11024ca8   0x000000b8   Code   RO         2907    i.gapWriteAdvEnableStatus  ble_host.lib(gap_peridevmgr.o)
    0x11024d60   0x11024d60   0x00000024   Code   RO         2978    i.gattFindServerInfo  ble_host.lib(gatt_server.o)
    0x11024d84   0x11024d84   0x0000002c   Code   RO         2979    i.gattGetServerStatus  ble_host.lib(gatt_server.o)
    0x11024db0   0x11024db0   0x00000052   Code   RO         3035    i.gattNotifyEvent   ble_host.lib(gatt_task.o)
    0x11024e02   0x11024e02   0x00000002   PAD
    0x11024e04   0x11024e04   0x0000001c   Code   RO         2980    i.gattProcessExchangeMTUReq  ble_host.lib(gatt_server.o)
    0x11024e20   0x11024e20   0x00000004   Code   RO         2981    i.gattProcessExecuteWriteReq  ble_host.lib(gatt_server.o)
    0x11024e24   0x11024e24   0x0000002c   Code   RO         2982    i.gattProcessFindByTypeValueReq  ble_host.lib(gatt_server.o)
    0x11024e50   0x11024e50   0x000000e8   Code   RO         2983    i.gattProcessFindInfoReq  ble_host.lib(gatt_server.o)
    0x11024f38   0x11024f38   0x00000048   Code   RO         2984    i.gattProcessReadByGrpTypeReq  ble_host.lib(gatt_server.o)
    0x11024f80   0x11024f80   0x0000002c   Code   RO         2985    i.gattProcessReadByTypeReq  ble_host.lib(gatt_server.o)
    0x11024fac   0x11024fac   0x00000048   Code   RO         2986    i.gattProcessReadMultiReq  ble_host.lib(gatt_server.o)
    0x11024ff4   0x11024ff4   0x0000001e   Code   RO         2987    i.gattProcessReadReq  ble_host.lib(gatt_server.o)
    0x11025012   0x11025012   0x00000002   PAD
    0x11025014   0x11025014   0x00000094   Code   RO         3036    i.gattProcessRxData  ble_host.lib(gatt_task.o)
    0x110250a8   0x110250a8   0x00000022   Code   RO         2988    i.gattProcessWriteReq  ble_host.lib(gatt_server.o)
    0x110250ca   0x110250ca   0x00000002   PAD
    0x110250cc   0x110250cc   0x0000000c   Code   RO         3038    i.gattRegisterServer  ble_host.lib(gatt_task.o)
    0x110250d8   0x110250d8   0x00000010   Code   RO         2989    i.gattResetServerInfo  ble_host.lib(gatt_server.o)
    0x110250e8   0x110250e8   0x0000000e   Code   RO         1816    i.gattServApp_FindAuthorizeAttrCB  gattservapp.o
    0x110250f6   0x110250f6   0x0000001c   Code   RO         1817    i.gattServApp_FindCharCfgItem  gattservapp.o
    0x11025112   0x11025112   0x00000002   PAD
    0x11025114   0x11025114   0x00000024   Code   RO         1818    i.gattServApp_FindPrepareWriteQ  gattservapp.o
    0x11025138   0x11025138   0x00000020   Code   RO         1819    i.gattServApp_FindServiceCBs  gattservapp.o
    0x11025158   0x11025158   0x00000060   Code   RO         1820    i.gattServApp_HandleConnStatusCB  gattservapp.o
    0x110251b8   0x110251b8   0x00000088   Code   RO         1821    i.gattServApp_ProcessExecuteWriteReq  gattservapp.o
    0x11025240   0x11025240   0x000000f4   Code   RO         1822    i.gattServApp_ProcessFindByTypeValueReq  gattservapp.o
    0x11025334   0x11025334   0x0000015c   Code   RO         1823    i.gattServApp_ProcessMsg  gattservapp.o
    0x11025490   0x11025490   0x000000a0   Code   RO         1824    i.gattServApp_ProcessPrepareWriteReq  gattservapp.o
    0x11025530   0x11025530   0x00000158   Code   RO         1825    i.gattServApp_ProcessReadByGrpTypeReq  gattservapp.o
    0x11025688   0x11025688   0x00000140   Code   RO         1826    i.gattServApp_ProcessReadByTypeReq  gattservapp.o
    0x110257c8   0x110257c8   0x000000e0   Code   RO         1827    i.gattServApp_ProcessReadMultiReq  gattservapp.o
    0x110258a8   0x110258a8   0x0000007a   Code   RO         1828    i.gattServApp_ProcessWriteReq  gattservapp.o
    0x11025922   0x11025922   0x00000002   PAD
    0x11025924   0x11025924   0x00000078   Code   RO         1830    i.gattServApp_SetNumPrepareWrites  gattservapp.o
    0x1102599c   0x1102599c   0x00000030   Code   RO         1831    i.gattServApp_WriteAttrCB  gattservapp.o
    0x110259cc   0x110259cc   0x00000080   Code   RO         2990    i.gattServerHandleConnStatusCB  ble_host.lib(gatt_server.o)
    0x11025a4c   0x11025a4c   0x0000002a   Code   RO         2991    i.gattServerHandleTimerCB  ble_host.lib(gatt_server.o)
    0x11025a76   0x11025a76   0x00000002   PAD
    0x11025a78   0x11025a78   0x000000d0   Code   RO         2992    i.gattServerProcessMsgCB  ble_host.lib(gatt_server.o)
    0x11025b48   0x11025b48   0x00000018   Code   RO         2993    i.gattServiceLastHandle  ble_host.lib(gatt_server.o)
    0x11025b60   0x11025b60   0x00000010   Code   RO         3039    i.gattStartTimer    ble_host.lib(gatt_task.o)
    0x11025b70   0x11025b70   0x0000001a   Code   RO         3040    i.gattStopTimer     ble_host.lib(gatt_task.o)
    0x11025b8a   0x11025b8a   0x00000002   PAD
    0x11025b8c   0x11025b8c   0x00000098   Code   RO         3391    i.generate_subkey   ble_host.lib(sm_mgr.o)
    0x11025c24   0x11025c24   0x000000c2   Code   RO         1637    i.ggs_ReadAttrCB    gapgattserver.o
    0x11025ce6   0x11025ce6   0x00000058   Code   RO         1638    i.ggs_SetAttrWPermit  gapgattserver.o
    0x11025d3e   0x11025d3e   0x00000002   PAD
    0x11025d40   0x11025d40   0x000000e4   Code   RO         1639    i.ggs_WriteAttrCB   gapgattserver.o
    0x11025e24   0x11025e24   0x00000078   Code   RO          932    i.hal_pwm_ch_start_config  pwm.o
    0x11025e9c   0x11025e9c   0x00000054   Code   RO          935    i.hal_pwm_destroy   pwm.o
    0x11025ef0   0x11025ef0   0x00000064   Code   RO          936    i.hal_pwm_init      pwm.o
    0x11025f54   0x11025f54   0x00000044   Code   RO          938    i.hal_pwm_module_init  pwm.o
    0x11025f98   0x11025f98   0x00000030   Code   RO          939    i.hal_pwm_open_channel  pwm.o
    0x11025fc8   0x11025fc8   0x00000038   Code   RO          940    i.hal_pwm_set_count_val  pwm.o
    0x11026000   0x11026000   0x00000030   Code   RO          941    i.hal_pwm_start     pwm.o
    0x11026030   0x11026030   0x00000038   Code   RO          942    i.hal_pwm_stop      pwm.o
    0x11026068   0x11026068   0x0000002c   Code   RO         2908    i.isLimitedDiscoverableMode  ble_host.lib(gap_peridevmgr.o)
    0x11026094   0x11026094   0x00000038   Code   RO         3322    i.l2capAllocChannel  ble_host.lib(l2cap_util.o)
    0x110260cc   0x110260cc   0x0000002c   Code   RO         3326    i.l2capBuildParamUpdateReq  ble_host.lib(l2cap_util.o)
    0x110260f8   0x110260f8   0x000000b0   Code   RO         3327    i.l2capEncapSendData  ble_host.lib(l2cap_util.o)
    0x110261a8   0x110261a8   0x00000030   Code   RO         3328    i.l2capFindLocalId  ble_host.lib(l2cap_util.o)
    0x110261d8   0x110261d8   0x00000008   Code   RO         3329    i.l2capFreeChannel  ble_host.lib(l2cap_util.o)
    0x110261e0   0x110261e0   0x00000002   Code   RO         3330    i.l2capHandleRxError  ble_host.lib(l2cap_util.o)
    0x110261e2   0x110261e2   0x00000028   Code   RO         3331    i.l2capHandleTimerCB  ble_host.lib(l2cap_util.o)
    0x1102620a   0x1102620a   0x00000046   Code   RO         3332    i.l2capNotifyData   ble_host.lib(l2cap_util.o)
    0x11026250   0x11026250   0x0000004e   Code   RO         3333    i.l2capNotifySignal  ble_host.lib(l2cap_util.o)
    0x1102629e   0x1102629e   0x00000042   Code   RO         3334    i.l2capParseCmdReject  ble_host.lib(l2cap_util.o)
    0x110262e0   0x110262e0   0x00000190   Code   RO         3337    i.l2capParsePacket  ble_host.lib(l2cap_util.o)
    0x11026470   0x11026470   0x00000016   Code   RO         3338    i.l2capParseParamUpdateRsp  ble_host.lib(l2cap_util.o)
    0x11026486   0x11026486   0x00000014   Code   RO         3339    i.l2capParseSignalHdr  ble_host.lib(l2cap_util.o)
    0x1102649a   0x1102649a   0x00000002   PAD
    0x1102649c   0x1102649c   0x00000104   Code   RO         3340    i.l2capPktToSegmentBuff  ble_host.lib(l2cap_util.o)
    0x110265a0   0x110265a0   0x00000068   Code   RO         3090    i.l2capProcessRsp   ble_host.lib(l2cap_task.o)
    0x11026608   0x11026608   0x00000094   Code   RO         3091    i.l2capProcessRxData  ble_host.lib(l2cap_task.o)
    0x1102669c   0x1102669c   0x000000a8   Code   RO         3092    i.l2capProcessSignal  ble_host.lib(l2cap_task.o)
    0x11026744   0x11026744   0x00000064   Code   RO         3341    i.l2capSarBufReset  ble_host.lib(l2cap_util.o)
    0x110267a8   0x110267a8   0x00000060   Code   RO         3342    i.l2capSendCmd      ble_host.lib(l2cap_util.o)
    0x11026808   0x11026808   0x0000007c   Code   RO         3343    i.l2capSendReq      ble_host.lib(l2cap_util.o)
    0x11026884   0x11026884   0x00000010   Code   RO         3344    i.l2capStopTimer    ble_host.lib(l2cap_util.o)
    0x11026894   0x11026894   0x0000001c   Code   RO         3392    i.leftshift_onebit  ble_host.lib(sm_mgr.o)
    0x110268b0   0x110268b0   0x00000054   Code   RO         3104    i.linkDB_Add        ble_host.lib(linkdb.o)
    0x11026904   0x11026904   0x0000004c   Code   RO         3105    i.linkDB_Authen     ble_host.lib(linkdb.o)
    0x11026950   0x11026950   0x00000028   Code   RO         3106    i.linkDB_Find       ble_host.lib(linkdb.o)
    0x11026978   0x11026978   0x00000038   Code   RO         3107    i.linkDB_FindFirst  ble_host.lib(linkdb.o)
    0x110269b0   0x110269b0   0x0000003c   Code   RO         3108    i.linkDB_Init       ble_host.lib(linkdb.o)
    0x110269ec   0x110269ec   0x00000024   Code   RO         3109    i.linkDB_NumActive  ble_host.lib(linkdb.o)
    0x11026a10   0x11026a10   0x0000002c   Code   RO         3110    i.linkDB_PerformFunc  ble_host.lib(linkdb.o)
    0x11026a3c   0x11026a3c   0x00000024   Code   RO         3111    i.linkDB_Register   ble_host.lib(linkdb.o)
    0x11026a60   0x11026a60   0x00000036   Code   RO         3112    i.linkDB_Remove     ble_host.lib(linkdb.o)
    0x11026a96   0x11026a96   0x00000002   PAD
    0x11026a98   0x11026a98   0x00000024   Code   RO         3113    i.linkDB_State      ble_host.lib(linkdb.o)
    0x11026abc   0x11026abc   0x00000070   Code   RO         2213    i.osalInitTasks     osal_pwm_light.o
    0x11026b2c   0x11026b2c   0x00000004   Code   RO         1033    i.osal_snv_compact  osal_snv.o
    0x11026b30   0x11026b30   0x0000002e   Code   RO         1035    i.osal_snv_read     osal_snv.o
    0x11026b5e   0x11026b5e   0x0000008a   Code   RO         1036    i.osal_snv_write    osal_snv.o
    0x11026be8   0x11026be8   0x00000010   Code   RO         1037    i.print_hex         osal_snv.o
    0x11026bf8   0x11026bf8   0x000000d8   Code   RO         2362    i.pwm_light_init    color_mode.o
    0x11026cd0   0x11026cd0   0x00000028   Code   RO         3115    i.reportStatusChange  ble_host.lib(linkdb.o)
    0x11026cf8   0x11026cf8   0x00000194   Code   RO         3169    i.ret_check_lenze_app_data  cksys.lib(gattservapp_simple_chsys_1.o)
    0x11026e8c   0x11026e8c   0x000000d8   Code   RO         2856    i.sendAuthEvent     ble_host.lib(gap_linkmgr.o)
    0x11026f64   0x11026f64   0x0000005a   Code   RO         2857    i.sendEstLinkEvent  ble_host.lib(gap_linkmgr.o)
    0x11026fbe   0x11026fbe   0x0000002a   Code   RO         2858    i.sendTerminateEvent  ble_host.lib(gap_linkmgr.o)
    0x11026fe8   0x11026fe8   0x00000018   Code   RO         3393    i.smAuthReqToUint8  ble_host.lib(sm_mgr.o)
    0x11027000   0x11027000   0x00000028   Code   RO         3443    i.smDetermineKeySize  ble_host.lib(sm_pairing.o)
    0x11027028   0x11027028   0x00000010   Code   RO         3394    i.smEncrypt         ble_host.lib(sm_mgr.o)
    0x11027038   0x11027038   0x00000008   Code   RO         3395    i.smEncryptLocal    ble_host.lib(sm_mgr.o)
    0x11027040   0x11027040   0x00000028   Code   RO         3444    i.smEndPairing      ble_host.lib(sm_pairing.o)
    0x11027068   0x11027068   0x00000058   Code   RO         3445    i.smFreePairingParams  ble_host.lib(sm_pairing.o)
    0x110270c0   0x110270c0   0x0000002c   Code   RO         3446    i.smGenerateConfirm  ble_host.lib(sm_pairing.o)
    0x110270ec   0x110270ec   0x0000003c   Code   RO         3447    i.smGeneratePairingReqRsp  ble_host.lib(sm_pairing.o)
    0x11027128   0x11027128   0x00000026   Code   RO         3396    i.smGenerateRandBuf  ble_host.lib(sm_mgr.o)
    0x1102714e   0x1102714e   0x00000002   PAD
    0x11027150   0x11027150   0x0000002c   Code   RO         3448    i.smGenerateRandMsg  ble_host.lib(sm_pairing.o)
    0x1102717c   0x1102717c   0x00000020   Code   RO         3449    i.smLinkCheck       ble_host.lib(sm_pairing.o)
    0x1102719c   0x1102719c   0x00000038   Code   RO         3450    i.smNextPairingState  ble_host.lib(sm_pairing.o)
    0x110271d4   0x110271d4   0x00000014   Code   RO         3451    i.smPairingSendEncInfo  ble_host.lib(sm_pairing.o)
    0x110271e8   0x110271e8   0x00000028   Code   RO         3452    i.smPairingSendIdentityAddrInfo  ble_host.lib(sm_pairing.o)
    0x11027210   0x11027210   0x00000014   Code   RO         3453    i.smPairingSendIdentityInfo  ble_host.lib(sm_pairing.o)
    0x11027224   0x11027224   0x0000002c   Code   RO         3454    i.smPairingSendMasterID  ble_host.lib(sm_pairing.o)
    0x11027250   0x11027250   0x00000014   Code   RO         3455    i.smPairingSendSingingInfo  ble_host.lib(sm_pairing.o)
    0x11027264   0x11027264   0x0000009a   Code   RO         3456    i.smProcessDataMsg  ble_host.lib(sm_pairing.o)
    0x110272fe   0x110272fe   0x00000002   PAD
    0x11027300   0x11027300   0x000000ac   Code   RO         3457    i.smProcessEncryptChange  ble_host.lib(sm_pairing.o)
    0x110273ac   0x110273ac   0x00000094   Code   RO         3158    i.smProcessOSALMsg  ble_host.lib(sm_task.o)
    0x11027440   0x11027440   0x00000058   Code   RO         3458    i.smProcessPairingReq  ble_host.lib(sm_pairing.o)
    0x11027498   0x11027498   0x0000007c   Code   RO         3398    i.smProcessRandComplete  ble_host.lib(sm_mgr.o)
    0x11027514   0x11027514   0x0000000c   Code   RO         3460    i.smRegisterResponder  ble_host.lib(sm_pairing.o)
    0x11027520   0x11027520   0x000000e0   Code   RO         3134    i.smResponderProcessLTKReq  ble_host.lib(sm_rsppairing.o)
    0x11027600   0x11027600   0x0000019c   Code   RO         3135    i.smResponderSendNextKeyInfo  ble_host.lib(sm_rsppairing.o)
    0x1102779c   0x1102779c   0x00000164   Code   RO         3461    i.smSavePairInfo    ble_host.lib(sm_pairing.o)
    0x11027900   0x11027900   0x00000020   Code   RO         3462    i.smSendFailAndEnd  ble_host.lib(sm_pairing.o)
    0x11027920   0x11027920   0x00000044   Code   RO         3501    i.smSendSMMsg       ble_host.lib(smp.o)
    0x11027964   0x11027964   0x0000003c   Code   RO         3463    i.smSetPairingReqRsp  ble_host.lib(sm_pairing.o)
    0x110279a0   0x110279a0   0x00000020   Code   RO         3464    i.smStartEncryption  ble_host.lib(sm_pairing.o)
    0x110279c0   0x110279c0   0x0000001c   Code   RO         3399    i.smStartRspTimer   ble_host.lib(sm_mgr.o)
    0x110279dc   0x110279dc   0x00000014   Code   RO         3400    i.smStopRspTimer    ble_host.lib(sm_mgr.o)
    0x110279f0   0x110279f0   0x0000000a   Code   RO         3465    i.smTimedOut        ble_host.lib(sm_pairing.o)
    0x110279fa   0x110279fa   0x0000002c   Code   RO         3401    i.smUint8ToAuthReq  ble_host.lib(sm_mgr.o)
    0x11027a26   0x11027a26   0x00000154   Code   RO         3402    i.sm_CMAC           ble_host.lib(sm_mgr.o)
    0x11027b7a   0x11027b7a   0x00000044   Code   RO         3403    i.sm_ah             ble_host.lib(sm_mgr.o)
    0x11027bbe   0x11027bbe   0x00000002   PAD
    0x11027bc0   0x11027bc0   0x00000094   Code   RO         3466    i.sm_c1             ble_host.lib(sm_pairing.o)
    0x11027c54   0x11027c54   0x000000c2   Code   RO         3404    i.sm_c1new          ble_host.lib(sm_mgr.o)
    0x11027d16   0x11027d16   0x00000040   Code   RO         3407    i.sm_s1             ble_host.lib(sm_mgr.o)
    0x11027d56   0x11027d56   0x0000001a   Code   RO         3408    i.sm_xor            ble_host.lib(sm_mgr.o)
    0x11027d70   0x11027d70   0x00000022   Code   RO         3502    i.smpBuildEncInfo   ble_host.lib(smp.o)
    0x11027d92   0x11027d92   0x00000026   Code   RO         3503    i.smpBuildIdentityAddrInfo  ble_host.lib(smp.o)
    0x11027db8   0x11027db8   0x00000022   Code   RO         3504    i.smpBuildIdentityInfo  ble_host.lib(smp.o)
    0x11027dda   0x11027dda   0x0000002e   Code   RO         3505    i.smpBuildMasterID  ble_host.lib(smp.o)
    0x11027e08   0x11027e08   0x00000022   Code   RO         3506    i.smpBuildPairingConfirm  ble_host.lib(smp.o)
    0x11027e2a   0x11027e2a   0x00000018   Code   RO         3507    i.smpBuildPairingFailed  ble_host.lib(smp.o)
    0x11027e42   0x11027e42   0x00000022   Code   RO         3508    i.smpBuildPairingRandom  ble_host.lib(smp.o)
    0x11027e64   0x11027e64   0x0000000e   Code   RO         3509    i.smpBuildPairingReq  ble_host.lib(smp.o)
    0x11027e72   0x11027e72   0x00000084   Code   RO         3510    i.smpBuildPairingReqRsp  ble_host.lib(smp.o)
    0x11027ef6   0x11027ef6   0x0000000e   Code   RO         3511    i.smpBuildPairingRsp  ble_host.lib(smp.o)
    0x11027f04   0x11027f04   0x0000001e   Code   RO         3512    i.smpBuildSecurityReq  ble_host.lib(smp.o)
    0x11027f22   0x11027f22   0x00000022   Code   RO         3513    i.smpBuildSigningInfo  ble_host.lib(smp.o)
    0x11027f44   0x11027f44   0x0000001e   Code   RO         3514    i.smpParseEncInfo   ble_host.lib(smp.o)
    0x11027f62   0x11027f62   0x00000022   Code   RO         3515    i.smpParseIdentityAddrInfo  ble_host.lib(smp.o)
    0x11027f84   0x11027f84   0x0000001e   Code   RO         3516    i.smpParseIdentityInfo  ble_host.lib(smp.o)
    0x11027fa2   0x11027fa2   0x00000028   Code   RO         3517    i.smpParseMasterID  ble_host.lib(smp.o)
    0x11027fca   0x11027fca   0x0000001e   Code   RO         3518    i.smpParsePairingConfirm  ble_host.lib(smp.o)
    0x11027fe8   0x11027fe8   0x00000020   Code   RO         3519    i.smpParsePairingFailed  ble_host.lib(smp.o)
    0x11028008   0x11028008   0x0000001e   Code   RO         3520    i.smpParsePairingRandom  ble_host.lib(smp.o)
    0x11028026   0x11028026   0x00000002   PAD
    0x11028028   0x11028028   0x000000d4   Code   RO         3521    i.smpParsePairingReq  ble_host.lib(smp.o)
    0x110280fc   0x110280fc   0x0000001c   Code   RO         3522    i.smpParseSecurityReq  ble_host.lib(smp.o)
    0x11028118   0x11028118   0x0000001e   Code   RO         3523    i.smpParseSigningInfo  ble_host.lib(smp.o)
    0x11028136   0x11028136   0x00000002   PAD
    0x11028138   0x11028138   0x00000044   Code   RO         3467    i.smpProcessIncoming  ble_host.lib(sm_pairing.o)
    0x1102817c   0x1102817c   0x00000048   Code   RO         3136    i.smpResponderProcessEncryptionInformation  ble_host.lib(sm_rsppairing.o)
    0x110281c4   0x110281c4   0x00000144   Code   RO         3137    i.smpResponderProcessIncoming  ble_host.lib(sm_rsppairing.o)
    0x11028308   0x11028308   0x00000060   Code   RO         3138    i.smpResponderProcessMasterID  ble_host.lib(sm_rsppairing.o)
    0x11028368   0x11028368   0x00000048   Code   RO         3139    i.smpResponderProcessPairingConfirm  ble_host.lib(sm_rsppairing.o)
    0x110283b0   0x110283b0   0x000000ac   Code   RO         3140    i.smpResponderProcessPairingReq  ble_host.lib(sm_rsppairing.o)
    0x1102845c   0x1102845c   0x0000004c   Code   RO         3141    i.smpResponderProcessSigningInfo  ble_host.lib(sm_rsppairing.o)
    0x110284a8   0x110284a8   0x00000028   Code   RO         1038    i.snv_calc_addr     osal_snv.o
    0x110284d0   0x110284d0   0x0000003c   Code   RO         1039    i.snvwr             osal_snv.o
    0x1102850c   0x1102850c   0x00000016   Code   RO         3409    i.xor_128           ble_host.lib(sm_mgr.o)
    0x11028522   0x11028522   0x00000002   PAD
    0x11028524   0x11028524   0x00000008   Data   RO         1641    .constdata          gapgattserver.o
    0x1102852c   0x1102852c   0x0000000c   Data   RO         1642    .constdata          gapgattserver.o
    0x11028538   0x11028538   0x00000008   Data   RO         1833    .constdata          gattservapp.o
    0x11028540   0x11028540   0x0000000c   Data   RO         1834    .constdata          gattservapp.o
    0x1102854c   0x1102854c   0x00000002   Data   RO         2126    .constdata          devinfoservice.o
    0x1102854e   0x1102854e   0x00000002   Data   RO         2127    .constdata          devinfoservice.o
    0x11028550   0x11028550   0x00000002   Data   RO         2128    .constdata          devinfoservice.o
    0x11028552   0x11028552   0x00000002   Data   RO         2129    .constdata          devinfoservice.o
    0x11028554   0x11028554   0x00000002   Data   RO         2130    .constdata          devinfoservice.o
    0x11028556   0x11028556   0x00000002   Data   RO         2131    .constdata          devinfoservice.o
    0x11028558   0x11028558   0x00000002   Data   RO         2132    .constdata          devinfoservice.o
    0x1102855a   0x1102855a   0x00000002   Data   RO         2133    .constdata          devinfoservice.o
    0x1102855c   0x1102855c   0x00000002   Data   RO         2134    .constdata          devinfoservice.o
    0x1102855e   0x1102855e   0x00000002   Data   RO         2135    .constdata          devinfoservice.o
    0x11028560   0x11028560   0x00000008   Data   RO         2136    .constdata          devinfoservice.o
    0x11028568   0x11028568   0x00000080   Data   RO         2137    .constdata          devinfoservice.o
    0x110285e8   0x110285e8   0x0000002c   Data   RO         2214    .constdata          osal_pwm_light.o
    0x11028614   0x11028614   0x00000001   Data   RO         2215    .constdata          osal_pwm_light.o
    0x11028615   0x11028615   0x00000003   PAD
    0x11028618   0x11028618   0x00000008   Data   RO         2263    .constdata          pwmdemo.o
    0x11028620   0x11028620   0x00000002   Data   RO         2313    .constdata          pwmservice.o
    0x11028622   0x11028622   0x00000002   Data   RO         2314    .constdata          pwmservice.o
    0x11028624   0x11028624   0x00000008   Data   RO         2316    .constdata          pwmservice.o
    0x1102862c   0x1102862c   0x0000000c   Data   RO         2317    .constdata          pwmservice.o
    0x11028638   0x11028638   0x00000010   Data   RO         2660    .constdata          ble_host.lib(att_util.o)
    0x11028648   0x11028648   0x00000060   Data   RO         2995    .constdata          ble_host.lib(gatt_server.o)
    0x110286a8   0x110286a8   0x0000002a   Data   RO         3057    .constdata          ble_host.lib(gatt_uuid.o)
    0x110286d2   0x110286d2   0x00000010   Data   RO         3410    .constdata          ble_host.lib(sm_mgr.o)
    0x110286e2   0x110286e2   0x00000019   Data   RO         3468    .constdata          ble_host.lib(sm_pairing.o)


==============================================================================

Image component sizes


      Code (inc. data)   RO Data    RW Data    ZI Data      Debug   Object Name

        26          0          0          0          0      13592   central.o
       236         14          0          0          0       1744   clock.o
      1744        102          0         42         80       9367   color_mode.o
       364         32        156        329          0       4830   devinfoservice.o
       572         62          0          8          0      12213   flash.o
        62         16          0          0          0       1145   gap.o
      3340        172          0         36        166      35604   gapbondmgr.o
       678         44         20        131         22       5184   gapgattserver.o
      3498        214         20         77       2580      25654   gattservapp.o
      1376        154        138          0        300      20383   gpio.o
        28          8       1024       1024          0       1580   jump_table.o
       384         64         28          1       8224      81387   main.o
       112          4         45          4          0       4288   osal_pwm_light.o
       304         10          0          0          0       4756   osal_snv.o
         0          0          0          0          0       1704   ota_app_service.o
      1972        156          0         97         63      13144   peripheral.o
       580         60          0         10         68       8323   pwm.o
        20          0          0          0          0        495   pwm_light_main.o
       848         56          8         73          0       5235   pwmdemo.o
       304         42         24         73         20       3312   pwmservice.o
       508         66          0         24        120       7210   pwrmgr.o
        20         10          8          0       1024        444   startup_armcm0.o
        16          8          0          4          0        743   system_armcm0.o
        72         16          0          4          0       2181   timer.o
       376         40         12          0         64       4078   uart.o

    ----------------------------------------------------------------------
     18678       1758       1568       1952      12732     268596   Object Totals
      1224        408         80          0          0          0   (incl. Generated)
        14          0          5         15          1          0   (incl. Padding)

    ----------------------------------------------------------------------

      Code (inc. data)   RO Data    RW Data    ZI Data      Debug   Library Member Name

       356         70          0          0          0        956   att_server.o
      1216         36         16         10         16       1880   att_util.o
       806        110          0         90         28       1184   gap_configmgr.o
       114          4          0          8          0        268   gap_devmgr.o
      2014         72          0         16          0       1516   gap_linkmgr.o
      1360        168          0         28          0       1012   gap_peridevmgr.o
        80         14          0          0          0         72   gap_perilinkmgr.o
       692         74          0         12          0        472   gap_task.o
      1980        122         96          8         36       2000   gatt_server.o
       410         22          0         12          0        568   gatt_task.o
         0          0         42          0          0          0   gatt_uuid.o
       168         18          0          1          0        336   l2cap_if.o
       544         22          0          1         46        384   l2cap_task.o
      2052         80          0          4        916       1792   l2cap_util.o
       562         60          0          0        368        764   linkdb.o
      1700         20         16          4          0       1464   sm_mgr.o
      1948        164         25         12          0       1872   sm_pairing.o
      1480         74          0         12          0        664   sm_rsppairing.o
       280         32          0          1          0        212   sm_task.o
      1032          6          0          0          0       1564   smp.o
       694         22          0          4          0      19972   gattservapp_simple_chsys_1.o
        86          0          0          0          0          0   __dczerorl2.o
         0          0          0          0          0          0   entry.o
         0          0          0          0          0          0   entry10a.o
         0          0          0          0          0          0   entry11a.o
         8          4          0          0          0          0   entry2.o
         4          0          0          0          0          0   entry5.o
         0          0          0          0          0          0   entry7b.o
         0          0          0          0          0          0   entry8b.o
         8          4          0          0          0          0   entry9a.o
        30          0          0          0          0          0   handlers.o
        36          8          0          0          0         68   init.o
        36          0          0          0          0         60   memcpya.o
        36          0          0          0          0        100   memseta.o
        44          0          0          0          0         72   uidiv.o
      1242        218          0          4          0        580   patch.o
        38          6          0          0          0        136   phy_sec_ext.o
      1728        352          0          0          0        732   rf_phy_driver.o

    ----------------------------------------------------------------------
     22834       1782        196        232       1412      40700   Library Totals
        50          0          1          5          2          0   (incl. Padding)

    ----------------------------------------------------------------------

      Code (inc. data)   RO Data    RW Data    ZI Data      Debug   Library Name

     18794       1168        195        219       1410      18980   ble_host.lib
       694         22          0          4          0      19972   cksys.lib
       288         16          0          0          0        300   mc_p.l
      3008        576          0          4          0       1448   rf.lib

    ----------------------------------------------------------------------
     22834       1782        196        232       1412      40700   Library Totals

    ----------------------------------------------------------------------

==============================================================================


      Code (inc. data)   RO Data    RW Data    ZI Data      Debug   

     41512       3540       1764       2184      14144     289940   Grand Totals
     41512       3540       1764        436      14144     289940   ELF Image Totals (compressed)
     41512       3540       1764        436          0          0   ROM Totals

==============================================================================

    Total RO  Size (Code + RO Data)                43276 (  42.26kB)
    Total RW  Size (RW Data + ZI Data)             16328 (  15.95kB)
    Total ROM Size (Code + RO Data + RW Data)      43712 (  42.69kB)

==============================================================================

