<html>
<body>
<pre>
<h1>µVision Build Log</h1>
<h2>Tool Versions:</h2>
IDE-Version: ¦ÌVision V5.25.3.0
Copyright (C) 2018 ARM Ltd and ARM Germany GmbH. All rights reserved.
License Information: aaa bbb, Microsoft, LIC=HF82Z-JY0RV-GQ70H-WIMTJ-H9EMN-TYGAX
 
Tool Versions:
Toolchain:       MDK-ARM Professional  Version: 5.14.0.0
Toolchain Path:  C:\Keil_v5\ARM\ARMCC\Bin
C Compiler:      Armcc.exe V5.05 update 1 (build 106)
Assembler:       Armasm.exe V5.05 update 1 (build 106)
Linker/Locator:  ArmLink.exe V5.05 update 1 (build 106)
Library Manager: ArmAr.exe V5.05 update 1 (build 106)
Hex Converter:   FromElf.exe V5.05 update 1 (build 106)
CPU DLL:         SARMCM3.DLL V5.14.0.0
Dialog DLL:      DARMCM1.DLL V1.12.0.0
Target DLL:      UL2CM3.DLL V1.155.0.0
Dialog DLL:      TARMCM1.DLL V1.9.0.0
 
<h2>Project:</h2>
G:\ST17H66_Code\BLE5_ST17H66\ST17H66_SDK_3.0.6_201116\example\ble_peripheral\ble_pwm_light\ble_pwm_light.uvprojx
Project File Date:  11/18/2020

<h2>Output:</h2>
*** Using Compiler 'V5.05 update 1 (build 106)', folder: 'C:\Keil_v5\ARM\ARMCC\Bin'
Rebuild target 'Target 1'
compiling cliface.c...
compiling gpio.c...
compiling main.c...
compiling key.c...
compiling gap.c...
compiling clock.c...
compiling osal_snv.c...
compiling flash.c...
compiling pwm.c...
compiling fs.c...
compiling my_printf.c...
compiling timer.c...
compiling pwrmgr.c...
compiling central.c...
compiling uart.c...
compiling pwm_light_Main.c...
assembling startup_ARMCM0.s...
compiling gapbondmgr.c...
compiling gapgattserver.c...
compiling devinfoservice.c...
compiling ota_app_service.c...
compiling jump_table.c...
compiling OSAL_pwm_light.c...
compiling system_ARMCM0.c...
compiling peripheral.c...
compiling pwmservice.c...
source\pwmservice.c(207): warning:  #177-D: label "defualt" was declared but never referenced
  		defualt:
source\pwmservice.c(77): warning:  #550-D: variable "PWMServiceCB" was set but never used
  static PWMServiceCB_t PWMServiceCB;
source\pwmservice.c: 2 warnings, 0 errors
compiling pwmdemo.c...
source\pwmdemo.c(372): warning:  #177-D: label "defualt" was declared but never referenced
  			 defualt:
source\pwmdemo.c: 1 warning, 0 errors
compiling color_mode.c...
compiling gattservapp.c...
linking...
.\scatter_load.sct(46): warning: L6329W: Pattern ota_app_service.O(RO) only matches removed unused sections.
.\scatter_load.sct(51): warning: L6329W: Pattern my_printf.o(RO) only matches removed unused sections.
Program Size: Code=41512 RO-data=1764 RW-data=2184 ZI-data=14144  
Finished: 0 information, 2 warning and 0 error messages.
FromELF: creating hex file...
After Build - User command #1: fromelf.exe .\Objects\ble_pwm_light.axf --i32combined --output .\bin\ble_pwm_light.hex
After Build - User command #2: fromelf -c -a -d -e -v -o ble_pwm_light.asm ./Objects/ble_pwm_light.axf
".\Objects\ble_pwm_light.axf" - 0 Error(s), 5 Warning(s).

<h2>Software Packages used:</h2>

Package Vendor: ARM
                http://www.keil.com/pack/ARM.CMSIS.4.5.0.pack
                ARM.CMSIS.4.5.0
                CMSIS (Cortex Microcontroller Software Interface Standard)
   * Component: CORE Version: 4.3.0
   * Component: Startup Version: 1.0.1

<h2>Collection of Component include folders:</h2>
  .\RTE\_Target_1
  C:\Keil_v5\ARM\PACK\ARM\CMSIS\4.5.0\CMSIS\Include
  C:\Keil_v5\ARM\PACK\ARM\CMSIS\4.5.0\Device\ARM\ARMCM0\Include

<h2>Collection of Component Files used:</h2>

   * Component: ARM::CMSIS:CORE:4.3.0

   * Component: ARM::Device:Startup:1.0.1
      Include file:  Device\ARM\ARMCM0\Include\ARMCM0.h
      Source file:   Device\ARM\ARMCM0\Source\ARM\startup_ARMCM0.s
      Source file:   Device\ARM\ARMCM0\Source\system_ARMCM0.c
Build Time Elapsed:  00:00:02
</pre>
</body>
</html>
