<html>
<body>
<pre>
<h1>µVision Build Log</h1>
<h2>Tool Versions:</h2>
IDE-Version: ¦ÌVision V5.29.0.0
Copyright (C) 2019 ARM Ltd and ARM Germany GmbH. All rights reserved.
License Information: jz li, lenze, LIC=RC963-ACBLP-635MB-29981-IDFAR-1VKX9
 
Tool Versions:
Toolchain:       MDK-ARM Plus  Version: 5.29.0.0
Toolchain Path:  C:\Keil_v5\ARM\ARMCC\Bin
C Compiler:      Armcc.exe V5.06 update 6 (build 750)
Assembler:       Armasm.exe V5.06 update 6 (build 750)
Linker/Locator:  ArmLink.exe V5.06 update 6 (build 750)
Library Manager: ArmAr.exe V5.06 update 6 (build 750)
Hex Converter:   FromElf.exe V5.06 update 6 (build 750)
CPU DLL:         SARMCM3.DLL V5.29.0.0
Dialog DLL:      DARMCM1.DLL V1.19.2.0
Target DLL:      UL2CM3.DLL V1.163.0.0
Dialog DLL:      TARMCM1.DLL V1.14.1.0
 
<h2>Project:</h2>
K:\Project\PHY\17H66\SDK\ST17H66_SDK_5.0.5_200902\example\ble_peripheral\Bleuart\bleuart.uvprojx
Project File Date:  09/19/2020

<h2>Output:</h2>
*** Using Compiler 'V5.06 update 6 (build 750)', folder: 'C:\Keil_v5\ARM\ARMCC\Bin'
Rebuild target 'Target 1'
compiling gap.c...
compiling clock.c...
compiling cliface.c...
compiling timer.c...
compiling osal_snv.c...
compiling central.c...
compiling key.c...
compiling uart.c...
compiling flash.c...
compiling pwm.c...
compiling main.c...
compiling my_printf.c...
compiling pwrmgr.c...
compiling gpio.c...
compiling fs.c...
compiling bleuart_Main.c...
compiling gapgattserver.c...
assembling startup_ARMCM0.s...
compiling devinfoservice.c...
compiling ota_app_service.c...
compiling peripheral.c...
compiling sbpProfile_ota.c...
compiling jump_table.c...
compiling system_ARMCM0.c...
compiling gapbondmgr.c...
compiling bleuart_protocol.c...
source\bleuart_protocol.c(145): warning:  #177-D: variable "conn_hdl"  was declared but never referenced
    uint16_t conn_hdl;
source\bleuart_protocol.c(146): warning:  #177-D: variable "pctx"  was declared but never referenced
    BUP_ctx_t* pctx = &mBUP_Ctx;
source\bleuart_protocol.c(160): warning:  #177-D: variable "conn_hdl"  was declared but never referenced
    uint16_t conn_hdl;
source\bleuart_protocol.c(161): warning:  #177-D: variable "pctx"  was declared but never referenced
    BUP_ctx_t* pctx = &mBUP_Ctx;
source\bleuart_protocol.c: 4 warnings, 0 errors
compiling bleuart_service.c...
compiling bleuart.c...
source\bleuart.c(175): warning:  #177-D: variable "str"  was declared but never referenced
   uint8 str[7]; 
source\bleuart.c: 1 warning, 0 errors
compiling OSAL_bleuart.c...
compiling gattservapp.c...
linking...
.\scatter_load.sct(43): warning: L6314W: No section matches pattern RF433_analysis.o(RO).
.\scatter_load.sct(44): warning: L6329W: Pattern sbpProfile_ota.o(RO) only matches removed unused sections.
.\scatter_load.sct(46): warning: L6329W: Pattern pwm.o(RO) only matches removed unused sections.
.\scatter_load.sct(47): warning: L6329W: Pattern ota_app_service.O(RO) only matches removed unused sections.
.\scatter_load.sct(52): warning: L6329W: Pattern my_printf.o(RO) only matches removed unused sections.
Program Size: Code=37528 RO-data=1808 RW-data=2172 ZI-data=17056  
Finished: 0 information, 5 warning and 0 error messages.
FromELF: creating hex file...
After Build - User command #1: fromelf.exe .\Objects\BleUart.axf --i32combined --output .\bin\BleUart.hex
After Build - User command #2: fromelf -c -a -d -e -v -o BleUart.asm ./Objects/BleUart.axf
".\Objects\BleUart.axf" - 0 Error(s), 10 Warning(s).

<h2>Software Packages used:</h2>

Package Vendor: ARM
                http://www.keil.com/pack/ARM.CMSIS.5.6.0.pack
                ARM.CMSIS.5.6.0
                CMSIS (Cortex Microcontroller Software Interface Standard)
   * Component: CORE Version: 5.3.0
   * Component: Startup Version: 1.2.0

<h2>Collection of Component include folders:</h2>
  .\RTE\_Target_1
  C:\Users\jzli\AppData\Local\Arm\Packs\ARM\CMSIS\5.6.0\CMSIS\Core\Include
  C:\Users\jzli\AppData\Local\Arm\Packs\ARM\CMSIS\5.6.0\Device\ARM\ARMCM0\Include

<h2>Collection of Component Files used:</h2>

   * Component: ARM::CMSIS:CORE:5.3.0

   * Component: ARM::Device:Startup:1.2.0
      Include file:  Device\ARM\ARMCM0\Include\ARMCM0.h
      Source file:   Device\ARM\ARMCM0\Source\ARM\startup_ARMCM0.s
      Source file:   Device\ARM\ARMCM0\Source\system_ARMCM0.c
Build Time Elapsed:  00:00:01
</pre>
</body>
</html>
