<html>
<body>
<pre>
<h1>µVision Build Log</h1>
<h2>Tool Versions:</h2>
IDE-Version: ¦ÌVision V5.29.0.0
Copyright (C) 2019 ARM Ltd and ARM Germany GmbH. All rights reserved.
License Information: jz li, lenze, LIC=RC963-ACBLP-635MB-29981-IDFAR-1VKX9
 
Tool Versions:
Toolchain:       MDK-ARM Plus  Version: 5.29.0.0
Toolchain Path:  C:\Keil_v5\ARM\ARMCC\Bin
C Compiler:      Armcc.exe V5.06 update 6 (build 750)
Assembler:       Armasm.exe V5.06 update 6 (build 750)
Linker/Locator:  ArmLink.exe V5.06 update 6 (build 750)
Library Manager: ArmAr.exe V5.06 update 6 (build 750)
Hex Converter:   FromElf.exe V5.06 update 6 (build 750)
CPU DLL:         SARMCM3.DLL V5.29.0.0
Dialog DLL:      DARMCM1.DLL V1.19.2.0
Target DLL:      UL2CM3.DLL V1.163.0.0
Dialog DLL:      TARMCM1.DLL V1.14.1.0
 
<h2>Project:</h2>
K:\Project\PHY\17H66\SDK\release_ST17H66\ST17H66_SDK_5.0.6_200919\example\ble_peripheral\HIDKeyboard\HIDKeyBoard.uvprojx
Project File Date:  09/19/2020

<h2>Output:</h2>
*** Using Compiler 'V5.06 update 6 (build 750)', folder: 'C:\Keil_v5\ARM\ARMCC\Bin'
Rebuild target 'Target 1'
compiling clock.c...
compiling gap.c...
compiling osal_snv.c...
compiling key.c...
compiling flash.c...
compiling pwm.c...
compiling main.c...
compiling gpio.c...
compiling timer.c...
compiling my_printf.c...
compiling pwrmgr.c...
compiling central.c...
compiling uart.c...
compiling fs.c...
compiling gapbondmgr.c...
compiling gapgattserver.c...
assembling startup_ARMCM0.s...
compiling hidkbd_Main.c...
compiling devinfoservice.c...
compiling ota_app_service.c...
compiling hidkbdservice.c...
compiling scanparamservice.c...
compiling battservice.c...
compiling peripheral.c...
compiling touch_key.c...
compiling system_ARMCM0.c...
compiling jump_table.c...
compiling hiddev.c...
compiling OSAL_hidkbd.c...
compiling hidkbd.c...
compiling gattservapp.c...
linking...
Program Size: Code=49388 RO-data=2492 RW-data=3036 ZI-data=11728  
FromELF: creating hex file...
After Build - User command #1: fromelf.exe .\Objects\HIDKeyBoard.axf --i32combined --output .\bin\HIDKeyBoard.hex
After Build - User command #2: fromelf -c -a -d -e -v -o HIDKeyBoard.asm ./Objects/HIDKeyBoard.axf
".\Objects\HIDKeyBoard.axf" - 0 Error(s), 0 Warning(s).

<h2>Software Packages used:</h2>

Package Vendor: ARM
                http://www.keil.com/pack/ARM.CMSIS.5.6.0.pack
                ARM.CMSIS.5.6.0
                CMSIS (Cortex Microcontroller Software Interface Standard)
   * Component: CORE Version: 5.3.0
   * Component: Startup Version: 1.2.0

<h2>Collection of Component include folders:</h2>
  .\RTE\_Target_1
  C:\Users\jzli\AppData\Local\Arm\Packs\ARM\CMSIS\5.6.0\CMSIS\Core\Include
  C:\Users\jzli\AppData\Local\Arm\Packs\ARM\CMSIS\5.6.0\Device\ARM\ARMCM0\Include

<h2>Collection of Component Files used:</h2>

   * Component: ARM::CMSIS:CORE:5.3.0

   * Component: ARM::Device:Startup:1.2.0
      Source file:   Device\ARM\ARMCM0\Source\system_ARMCM0.c
      Source file:   Device\ARM\ARMCM0\Source\ARM\startup_ARMCM0.s
      Include file:  Device\ARM\ARMCM0\Include\ARMCM0.h
Build Time Elapsed:  00:00:02
</pre>
</body>
</html>
