Component: ARM Compiler 5.05 update 1 (build 106) Tool: armlink [4d0efa]

==============================================================================

Section Cross References

    main.o(i.hal_init) refers to memcpya.o(.text) for __aeabi_memcpy4
    main.o(i.hal_init) refers to gpio.o(i.hal_gpio_pull_set) for hal_gpio_pull_set
    main.o(i.hal_init) refers to pwrmgr.o(i.hal_pwrmgr_RAM_retention) for hal_pwrmgr_RAM_retention
    main.o(i.hal_init) refers to pwrmgr.o(i.hal_pwrmgr_RAM_retention_set) for hal_pwrmgr_RAM_retention_set
    main.o(i.hal_init) refers to pwrmgr.o(i.hal_pwrmgr_LowCurrentLdo_enable) for hal_pwrmgr_LowCurrentLdo_enable
    main.o(i.hal_init) refers to clock.o(i.hal_rtc_clock_config) for hal_rtc_clock_config
    main.o(i.hal_init) refers to pwrmgr.o(i.hal_pwrmgr_init) for hal_pwrmgr_init
    main.o(i.hal_init) refers to flash.o(i.hal_spif_cache_init) for hal_spif_cache_init
    main.o(i.hal_init) refers to my_printf.o(i.dbg_printf_init) for dbg_printf_init
    main.o(i.hal_init) refers to gpio.o(i.hal_gpio_init) for hal_gpio_init
    main.o(i.hal_init) refers to main.o(.constdata) for .constdata
    main.o(i.hal_init) refers to main.o(.data) for .data
    main.o(i.hal_rfphy_init) refers to patch.o(i.hal_rom_boot_init) for hal_rom_boot_init
    main.o(i.hal_rfphy_init) refers to main.o(i.NVIC_SetPriority) for NVIC_SetPriority
    main.o(i.hal_rfphy_init) refers to main.o(.bss) for .bss
    main.o(i.main) refers to patch.o(_section_xip_code_) for init_config
    main.o(i.main) refers to main.o(i.hal_rfphy_init) for hal_rfphy_init
    main.o(i.main) refers to main.o(i.hal_init) for hal_init
    main.o(i.main) refers to my_printf.o(i.dbg_printf) for dbg_printf
    main.o(i.main) refers to simplebleperipheral_main.o(i.app_main) for app_main
    main.o(i.main) refers to main.o(.data) for .data
    main.o(i.main) refers to main.o(.conststring) for .conststring
    uart.o(i.hal_UART0_IRQHandler) refers to uart.o(i.irq_rx_handler) for irq_rx_handler
    uart.o(i.hal_UART0_IRQHandler) refers to uart.o(i.irq_tx_empty_handler) for irq_tx_empty_handler
    uart.o(i.hal_UART1_IRQHandler) refers to uart.o(i.irq_rx_handler) for irq_rx_handler
    uart.o(i.hal_UART1_IRQHandler) refers to uart.o(i.irq_tx_empty_handler) for irq_tx_empty_handler
    uart.o(i.hal_uart_deinit) refers to uart.o(i.uart_hw_deinit) for uart_hw_deinit
    uart.o(i.hal_uart_deinit) refers to memseta.o(.text) for __aeabi_memclr4
    uart.o(i.hal_uart_deinit) refers to pwrmgr.o(i.hal_pwrmgr_unregister) for hal_pwrmgr_unregister
    uart.o(i.hal_uart_deinit) refers to uart.o(.bss) for .bss
    uart.o(i.hal_uart_get_tx_ready) refers to uart.o(.bss) for .bss
    uart.o(i.hal_uart_init) refers to memseta.o(.text) for __aeabi_memclr4
    uart.o(i.hal_uart_init) refers to uart.o(i.uart_hw_init) for uart_hw_init
    uart.o(i.hal_uart_init) refers to pwrmgr.o(i.hal_pwrmgr_register) for hal_pwrmgr_register
    uart.o(i.hal_uart_init) refers to uart.o(.bss) for .bss
    uart.o(i.hal_uart_init) refers to uart.o(i.uart_wakeup_process_1) for uart_wakeup_process_1
    uart.o(i.hal_uart_init) refers to uart.o(i.uart_wakeup_process_0) for uart_wakeup_process_0
    uart.o(i.hal_uart_send_buff) refers to uart.o(i.txmit_buf_use_tx_buf) for txmit_buf_use_tx_buf
    uart.o(i.hal_uart_send_buff) refers to uart.o(i.txmit_buf_polling) for txmit_buf_polling
    uart.o(i.hal_uart_send_buff) refers to uart.o(.bss) for .bss
    uart.o(i.hal_uart_set_tx_buf) refers to uart.o(.bss) for .bss
    uart.o(i.irq_rx_handler) refers to uart.o(.bss) for .bss
    uart.o(i.irq_tx_empty_handler) refers to pwrmgr.o(i.hal_pwrmgr_unlock) for hal_pwrmgr_unlock
    uart.o(i.irq_tx_empty_handler) refers to uart.o(.bss) for .bss
    uart.o(i.irq_tx_empty_handler) refers to uart.o(.constdata) for .constdata
    uart.o(i.txmit_buf_use_tx_buf) refers to memcpya.o(.text) for __aeabi_memcpy
    uart.o(i.txmit_buf_use_tx_buf) refers to pwrmgr.o(i.hal_pwrmgr_lock) for hal_pwrmgr_lock
    uart.o(i.txmit_buf_use_tx_buf) refers to uart.o(.bss) for .bss
    uart.o(i.uart_hw_deinit) refers to gpio.o(i.hal_gpio_fmux) for hal_gpio_fmux
    uart.o(i.uart_hw_deinit) refers to clock.o(i.hal_clk_reset) for hal_clk_reset
    uart.o(i.uart_hw_deinit) refers to clock.o(i.hal_clk_gate_disable) for hal_clk_gate_disable
    uart.o(i.uart_hw_deinit) refers to uart.o(.bss) for .bss
    uart.o(i.uart_hw_init) refers to clock.o(i.hal_clk_gate_enable) for hal_clk_gate_enable
    uart.o(i.uart_hw_init) refers to clock.o(i.hal_clk_reset) for hal_clk_reset
    uart.o(i.uart_hw_init) refers to gpio.o(i.hal_gpio_pull_set) for hal_gpio_pull_set
    uart.o(i.uart_hw_init) refers to gpio.o(i.hal_gpio_fmux_set) for hal_gpio_fmux_set
    uart.o(i.uart_hw_init) refers to uidiv.o(.text) for __aeabi_uidivmod
    uart.o(i.uart_hw_init) refers to uart.o(.bss) for .bss
    uart.o(i.uart_hw_init) refers to uart.o(i.hal_UART1_IRQHandler) for hal_UART1_IRQHandler
[...]
    0x1fff19b0   0x1fff19b0   0x0000000c   Ven    RO         3941    Veneer$$Code        anon$$obj.o
    0x1fff19bc   0x1fff19bc   0x0000000c   Ven    RO         3942    Veneer$$Code        anon$$obj.o
    0x1fff19c8   0x1fff19c8   0x0000000c   Ven    RO         3943    Veneer$$Code        anon$$obj.o
    0x1fff19d4   0x1fff19d4   0x0000000c   Ven    RO         3944    Veneer$$Code        anon$$obj.o
    0x1fff19e0   0x1fff19e0   0x0000000c   Ven    RO         3945    Veneer$$Code        anon$$obj.o
    0x1fff19ec   0x1fff19ec   0x0000000c   Ven    RO         3946    Veneer$$Code        anon$$obj.o
    0x1fff19f8   0x1fff19f8   0x0000000c   Ven    RO         3947    Veneer$$Code        anon$$obj.o
    0x1fff1a04   0x1fff1a04   0x0000000c   Ven    RO         3948    Veneer$$Code        anon$$obj.o
    0x1fff1a10   0x1fff1a10   0x0000000c   Ven    RO         3949    Veneer$$Code        anon$$obj.o
    0x1fff1a1c   0x1fff1a1c   0x0000000c   Ven    RO         3950    Veneer$$Code        anon$$obj.o
    0x1fff1a28   0x1fff1a28   0x0000000c   Ven    RO         3951    Veneer$$Code        anon$$obj.o
    0x1fff1a34   0x1fff1a34   0x0000000c   Ven    RO         3952    Veneer$$Code        anon$$obj.o
    0x1fff1a40   0x1fff1a40   0x0000000c   Ven    RO         3953    Veneer$$Code        anon$$obj.o
    0x1fff1a4c   0x1fff1a4c   0x0000000c   Ven    RO         3954    Veneer$$Code        anon$$obj.o
    0x1fff1a58   0x1fff1a58   0x0000000c   Ven    RO         3955    Veneer$$Code        anon$$obj.o
    0x1fff1a64   0x1fff1a64   0x0000000c   Ven    RO         3956    Veneer$$Code        anon$$obj.o
    0x1fff1a70   0x1fff1a70   0x0000000c   Ven    RO         3957    Veneer$$Code        anon$$obj.o
    0x1fff1a7c   0x1fff1a7c   0x0000000c   Ven    RO         3958    Veneer$$Code        anon$$obj.o
    0x1fff1a88   0x1fff1a88   0x0000000c   Ven    RO         3959    Veneer$$Code        anon$$obj.o
    0x1fff1a94   0x1fff1a94   0x0000000c   Ven    RO         3960    Veneer$$Code        anon$$obj.o
    0x1fff1aa0   0x1fff1aa0   0x0000000c   Ven    RO         3961    Veneer$$Code        anon$$obj.o
    0x1fff1aac   0x1fff1aac   0x0000000c   Ven    RO         3962    Veneer$$Code        anon$$obj.o
    0x1fff1ab8   0x1fff1ab8   0x0000000c   Ven    RO         3963    Veneer$$Code        anon$$obj.o
    0x1fff1ac4   0x1fff1ac4   0x0000000c   Ven    RO         3964    Veneer$$Code        anon$$obj.o
    0x1fff1ad0   0x1fff1ad0   0x0000000c   Ven    RO         3965    Veneer$$Code        anon$$obj.o
    0x1fff1adc   0x1fff1adc   0x0000000c   Ven    RO         3966    Veneer$$Code        anon$$obj.o
    0x1fff1ae8   0x1fff1ae8   0x0000000c   Ven    RO         3967    Veneer$$Code        anon$$obj.o
    0x1fff1af4   0x1fff1af4   0x0000000c   Ven    RO         3968    Veneer$$Code        anon$$obj.o
    0x1fff1b00   0x1fff1b00   0x0000000c   Ven    RO         3969    Veneer$$Code        anon$$obj.o
    0x1fff1b0c   0x1fff1b0c   0x0000000c   Ven    RO         3970    Veneer$$Code        anon$$obj.o
    0x1fff1b18   0x1fff1b18   0x0000000c   Ven    RO         3971    Veneer$$Code        anon$$obj.o
    0x1fff1b24   0x1fff1b24   0x0000000c   Ven    RO         3972    Veneer$$Code        anon$$obj.o
    0x1fff1b30   0x1fff1b30   0x0000000c   Ven    RO         3973    Veneer$$Code        anon$$obj.o
    0x1fff1b3c   0x1fff1b3c   0x0000000c   Ven    RO         3974    Veneer$$Code        anon$$obj.o
    0x1fff1b48   0x1fff1b48   0x0000000c   Ven    RO         3975    Veneer$$Code        anon$$obj.o
    0x1fff1b54   0x1fff1b54   0x0000000c   Ven    RO         3976    Veneer$$Code        anon$$obj.o
    0x1fff1b60   0x1fff1b60   0x0000000c   Ven    RO         3977    Veneer$$Code        anon$$obj.o
    0x1fff1b6c   0x1fff1b6c   0x0000000c   Ven    RO         3978    Veneer$$Code        anon$$obj.o
    0x1fff1b78   0x1fff1b78   0x0000000c   Ven    RO         3979    Veneer$$Code        anon$$obj.o
    0x1fff1b84   0x1fff1b84   0x0000000c   Ven    RO         3980    Veneer$$Code        anon$$obj.o
    0x1fff1b90   0x1fff1b90   0x0000000c   Ven    RO         3981    Veneer$$Code        anon$$obj.o
    0x1fff1b9c   0x1fff1b9c   0x0000000c   Ven    RO         3982    Veneer$$Code        anon$$obj.o
    0x1fff1ba8   0x1fff1ba8   0x0000000c   Ven    RO         3983    Veneer$$Code        anon$$obj.o
    0x1fff1bb4   0x1fff1bb4   0x0000000c   Ven    RO         3984    Veneer$$Code        anon$$obj.o
    0x1fff1bc0   0x1fff1bc0   0x0000000c   Ven    RO         3985    Veneer$$Code        anon$$obj.o
    0x1fff1bcc   0x1fff1bcc   0x0000000c   Ven    RO         3986    Veneer$$Code        anon$$obj.o
    0x1fff1bd8   0x1fff1bd8   0x0000000c   Ven    RO         3987    Veneer$$Code        anon$$obj.o
    0x1fff1be4   0x1fff1be4   0x0000000c   Ven    RO         3988    Veneer$$Code        anon$$obj.o
    0x1fff1bf0   0x1fff1bf0   0x0000000c   Ven    RO         3989    Veneer$$Code        anon$$obj.o
    0x1fff1bfc   0x1fff1bfc   0x0000000c   Ven    RO         3990    Veneer$$Code        anon$$obj.o
    0x1fff1c08   0x1fff1c08   0x0000000c   Ven    RO         3991    Veneer$$Code        anon$$obj.o
    0x1fff1c14   0x1fff1c14   0x0000000c   Ven    RO         3992    Veneer$$Code        anon$$obj.o
    0x1fff1c20   0x1fff1c20   0x0000000c   Ven    RO         3993    Veneer$$Code        anon$$obj.o
    0x1fff1c2c   0x1fff1c2c   0x0000000c   Ven    RO         3994    Veneer$$Code        anon$$obj.o
    0x1fff1c38   0x1fff1c38   0x0000000c   Ven    RO         3995    Veneer$$Code        anon$$obj.o
    0x1fff1c44   0x1fff1c44   0x000000a8   Code   RO         3371    _section_sram_code_  ble_host.lib(l2cap_util.o)
    0x1fff1cec   0x1fff1cec   0x00000274   Code   RO         2537    _section_xip_code_  rf.lib(patch.o)
    0x1fff1f60   0x1fff1f60   0x00000042   Code   RO         3372    i.L2CAP_BuildCmdReject  ble_host.lib(l2cap_util.o)
    0x1fff1fa2   0x1fff1fa2   0x00000008   Code   RO         3376    i.L2CAP_Fragment_bm_alloc  ble_host.lib(l2cap_util.o)
    0x1fff1faa   0x1fff1faa   0x00000034   Code   RO         3378    i.L2CAP_ParseParamUpdateReq  ble_host.lib(l2cap_util.o)
    0x1fff1fde   COMPRESSED   0x00000002   PAD
    0x1fff1fe0   0x1fff1fe0   0x00000028   Code   RO         3379    i.L2CAP_ReassemblePkt_Reset  ble_host.lib(l2cap_util.o)
    0x1fff2008   0x1fff2008   0x00000044   Code   RO         3380    i.L2CAP_SegmentPkt_Reset  ble_host.lib(l2cap_util.o)
    0x1fff204c   0x1fff204c   0x00000018   Code   RO         3381    i.L2CAP_bm_alloc    ble_host.lib(l2cap_util.o)
    0x1fff2064   0x1fff2064   0x0000001a   Code   RO         2539    i.LL_ENC_AES128_Encrypt1  rf.lib(patch.o)
    0x1fff207e   0x1fff207e   0x0000001a   Code   RO         2540    i.LL_ENC_Decrypt1   rf.lib(patch.o)
    0x1fff2098   0x1fff2098   0x0000001a   Code   RO         2541    i.LL_ENC_Encrypt1   rf.lib(patch.o)
    0x1fff20b2   COMPRESSED   0x00000002   PAD
    0x1fff20b4   0x1fff20b4   0x000000bc   Code   RO         2542    i.LL_IRQHandler1    rf.lib(patch.o)
    0x1fff2170   0x1fff2170   0x0000003c   Code   RO         2546    i.LL_SetAdvParam1   rf.lib(patch.o)
    0x1fff21ac   0x1fff21ac   0x00000044   Code   RO            3    i.NVIC_SetPriority  main.o
    0x1fff21f0   0x1fff21f0   0x00000044   Code   RO          402    i.NVIC_SetPriority  gpio.o
    0x1fff2234   0x1fff2234   0x00000010   Code   RO         2500    i.SystemInit        system_armcm0.o
    0x1fff2244   0x1fff2244   0x00000028   Code   RO          314    i.WaitMs            clock.o
    0x1fff226c   0x1fff226c   0x00000028   Code   RO         3713    i.__0sprintf$3      mc_p.l(printf3.o)
    0x1fff2294   0x1fff2294   0x00000006   Code   RO         2577    i.__psr             rf.lib(patch.o)
    0x1fff229a   0x1fff229a   0x0000000e   Code   RO         3929    i.__scatterload_copy  mc_p.l(handlers.o)
    0x1fff22a8   0x1fff22a8   0x00000002   Code   RO         3930    i.__scatterload_null  mc_p.l(handlers.o)
    0x1fff22aa   0x1fff22aa   0x0000000e   Code   RO         3931    i.__scatterload_zeroinit  mc_p.l(handlers.o)
    0x1fff22b8   0x1fff22b8   0x0000000e   Code   RO         3354    i._efuse_chip_version_check  rf.lib(phy_sec_ext.o)
    0x1fff22c6   COMPRESSED   0x00000002   PAD
    0x1fff22c8   0x1fff22c8   0x000001cc   Code   RO         3718    i._printf_core      mc_p.l(printf3.o)
    0x1fff2494   0x1fff2494   0x00000018   Code   RO         3355    i._rom_sec_boot_init  rf.lib(phy_sec_ext.o)
    0x1fff24ac   0x1fff24ac   0x00000068   Code   RO         1161    i._spif_wait_nobusy_x  flash.o
    0x1fff2514   0x1fff2514   0x0000000a   Code   RO         3720    i._sputc            mc_p.l(printf3.o)
    0x1fff251e   0x1fff251e   0x00000014   Code   RO         2418    i.app_main          simplebleperipheral_main.o
    0x1fff2532   COMPRESSED   0x00000002   PAD
    0x1fff2534   0x1fff2534   0x00000020   Code   RO         1243    i.check_addr        fs.o
    0x1fff2554   0x1fff2554   0x0000014c   Code   RO         1244    i.fs_init           fs.o
    0x1fff26a0   0x1fff26a0   0x00000174   Code   RO         1245    i.fs_search_items   fs.o
    0x1fff2814   0x1fff2814   0x0000002c   Code   RO         1246    i.fs_spif_read      fs.o
    0x1fff2840   0x1fff2840   0x00000040   Code   RO         1247    i.fs_spif_write     fs.o
    0x1fff2880   0x1fff2880   0x00000018   Code   RO          403    i.hal_GPIO_IRQHandler  gpio.o
    0x1fff2898   0x1fff2898   0x00000024   Code   RO          583    i.hal_TIMER5_IRQHandler  timer.o
    0x1fff28bc   0x1fff28bc   0x00000024   Code   RO          584    i.hal_TIMER6_IRQHandler  timer.o
    0x1fff28e0   0x1fff28e0   0x00000044   Code   RO          170    i.hal_UART0_IRQHandler  uart.o
    0x1fff2924   0x1fff2924   0x00000044   Code   RO          171    i.hal_UART1_IRQHandler  uart.o
    0x1fff2968   0x1fff2968   0x00000048   Code   RO         1163    i.hal_cache_tag_flush  flash.o
    0x1fff29b0   0x1fff29b0   0x00000034   Code   RO          316    i.hal_clk_gate_disable  clock.o
    0x1fff29e4   0x1fff29e4   0x00000034   Code   RO          317    i.hal_clk_gate_enable  clock.o
    0x1fff2a18   0x1fff2a18   0x0000007a   Code   RO          320    i.hal_clk_reset     clock.o
    0x1fff2a92   COMPRESSED   0x00000002   PAD
    0x1fff2a94   0x1fff2a94   0x00000060   Code   RO         1166    i.hal_flash_erase_sector  flash.o
    0x1fff2af4   0x1fff2af4   0x00000054   Code   RO         1167    i.hal_flash_read    flash.o
    0x1fff2b48   0x1fff2b48   0x0000009c   Code   RO         1168    i.hal_flash_write   flash.o
    0x1fff2be4   0x1fff2be4   0x00000108   Code   RO         1249    i.hal_fs_garbage_collect  fs.o
    0x1fff2cec   0x1fff2cec   0x00000048   Code   RO         1250    i.hal_fs_get_free_size  fs.o
    0x1fff2d34   0x1fff2d34   0x00000038   Code   RO         1251    i.hal_fs_get_garbage_size  fs.o
    0x1fff2d6c   0x1fff2d6c   0x000000a4   Code   RO         1254    i.hal_fs_item_del   fs.o
    0x1fff2e10   0x1fff2e10   0x00000024   Code   RO         1255    i.hal_fs_item_find_id  fs.o
    0x1fff2e34   0x1fff2e34   0x000000ac   Code   RO         1256    i.hal_fs_item_read  fs.o
    0x1fff2ee0   0x1fff2ee0   0x00000148   Code   RO         1257    i.hal_fs_item_write  fs.o
    0x1fff3028   0x1fff3028   0x00000030   Code   RO          404    i.hal_gpio_cfg_analog_io  gpio.o
    0x1fff3058   0x1fff3058   0x0000001c   Code   RO          408    i.hal_gpio_fmux     gpio.o
    0x1fff3074   0x1fff3074   0x00000038   Code   RO          409    i.hal_gpio_fmux_set  gpio.o
    0x1fff30ac   0x1fff30ac   0x00000060   Code   RO          410    i.hal_gpio_init     gpio.o
    0x1fff310c   0x1fff310c   0x00000040   Code   RO          411    i.hal_gpio_interrupt_enable  gpio.o
    0x1fff314c   0x1fff314c   0x0000001c   Code   RO          412    i.hal_gpio_pin2pin3_control  gpio.o
    0x1fff3168   0x1fff3168   0x00000058   Code   RO          413    i.hal_gpio_pin_init  gpio.o
    0x1fff31c0   0x1fff31c0   0x00000044   Code   RO          414    i.hal_gpio_pull_set  gpio.o
    0x1fff3204   0x1fff3204   0x00000024   Code   RO          415    i.hal_gpio_read     gpio.o
    0x1fff3228   0x1fff3228   0x0000005c   Code   RO          416    i.hal_gpio_retention_enable  gpio.o
    0x1fff3284   0x1fff3284   0x00000048   Code   RO          417    i.hal_gpio_sleep_handler  gpio.o
    0x1fff32cc   0x1fff32cc   0x00000044   Code   RO          418    i.hal_gpio_wakeup_control  gpio.o
    0x1fff3310   0x1fff3310   0x00000090   Code   RO          419    i.hal_gpio_wakeup_handler  gpio.o
    0x1fff33a0   0x1fff33a0   0x00000078   Code   RO          420    i.hal_gpio_wakeup_set  gpio.o
    0x1fff3418   0x1fff3418   0x00000024   Code   RO          421    i.hal_gpio_write    gpio.o
    0x1fff343c   0x1fff343c   0x00000064   Code   RO          423    i.hal_gpioin_enable  gpio.o
    0x1fff34a0   0x1fff34a0   0x00000068   Code   RO          424    i.hal_gpioin_event  gpio.o
    0x1fff3508   0x1fff3508   0x00000024   Code   RO          425    i.hal_gpioin_event_pin  gpio.o
    0x1fff352c   0x1fff352c   0x00000088   Code   RO            4    i.hal_init          main.o
    0x1fff35b4   0x1fff35b4   0x00000014   Code   RO          673    i.hal_pwrmgr_LowCurrentLdo_enable  pwrmgr.o
    0x1fff35c8   0x1fff35c8   0x00000018   Code   RO          674    i.hal_pwrmgr_RAM_retention  pwrmgr.o
    0x1fff35e0   0x1fff35e0   0x00000020   Code   RO          676    i.hal_pwrmgr_RAM_retention_set  pwrmgr.o
    0x1fff3600   0x1fff3600   0x00000030   Code   RO          678    i.hal_pwrmgr_init   pwrmgr.o
    0x1fff3630   0x1fff3630   0x00000058   Code   RO          680    i.hal_pwrmgr_lock   pwrmgr.o
    0x1fff3688   0x1fff3688   0x0000003c   Code   RO          682    i.hal_pwrmgr_register  pwrmgr.o
    0x1fff36c4   0x1fff36c4   0x00000030   Code   RO          683    i.hal_pwrmgr_sleep_process  pwrmgr.o
    0x1fff36f4   0x1fff36f4   0x00000068   Code   RO          684    i.hal_pwrmgr_unlock  pwrmgr.o
    0x1fff375c   0x1fff375c   0x00000054   Code   RO          686    i.hal_pwrmgr_wakeup_process  pwrmgr.o
    0x1fff37b0   0x1fff37b0   0x00000088   Code   RO            5    i.hal_rfphy_init    main.o
    0x1fff3838   0x1fff3838   0x00000008   Code   RO         2548    i.hal_rom_boot_init  rf.lib(patch.o)
    0x1fff3840   0x1fff3840   0x00000084   Code   RO          322    i.hal_rtc_clock_config  clock.o
    0x1fff38c4   0x1fff38c4   0x00000020   Code   RO         1170    i.hal_spif_cache_init  flash.o
    0x1fff38e4   0x1fff38e4   0x0000000e   Code   RO          323    i.hal_system_soft_reset  clock.o
    0x1fff38f2   COMPRESSED   0x00000002   PAD
    0x1fff38f4   0x1fff38f4   0x00000064   Code   RO          174    i.hal_uart_init     uart.o
    0x1fff3958   0x1fff3958   0x00000020   Code   RO          175    i.hal_uart_send_buff  uart.o
    0x1fff3978   0x1fff3978   0x00000054   Code   RO         2284    i.hard_fault        jump_table.o
    0x1fff39cc   0x1fff39cc   0x00000070   Code   RO         1171    i.hw_spif_cache_config  flash.o
    0x1fff3a3c   0x1fff3a3c   0x00000058   Code   RO          178    i.irq_rx_handler    uart.o
    0x1fff3a94   0x1fff3a94   0x00000098   Code   RO          179    i.irq_tx_empty_handler  uart.o
    0x1fff3b2c   0x1fff3b2c   0x00000038   Code   RO         3382    i.l2capAllocChannel  ble_host.lib(l2cap_util.o)
    0x1fff3b64   0x1fff3b64   0x0000002c   Code   RO         3386    i.l2capBuildParamUpdateReq  ble_host.lib(l2cap_util.o)
    0x1fff3b90   0x1fff3b90   0x000000b0   Code   RO         3387    i.l2capEncapSendData  ble_host.lib(l2cap_util.o)
    0x1fff3c40   0x1fff3c40   0x00000030   Code   RO         3388    i.l2capFindLocalId  ble_host.lib(l2cap_util.o)
    0x1fff3c70   0x1fff3c70   0x00000008   Code   RO         3389    i.l2capFreeChannel  ble_host.lib(l2cap_util.o)
    0x1fff3c78   0x1fff3c78   0x00000002   Code   RO         3390    i.l2capHandleRxError  ble_host.lib(l2cap_util.o)
    0x1fff3c7a   0x1fff3c7a   0x00000028   Code   RO         3391    i.l2capHandleTimerCB  ble_host.lib(l2cap_util.o)
    0x1fff3ca2   0x1fff3ca2   0x00000046   Code   RO         3392    i.l2capNotifyData   ble_host.lib(l2cap_util.o)
    0x1fff3ce8   0x1fff3ce8   0x0000004e   Code   RO         3393    i.l2capNotifySignal  ble_host.lib(l2cap_util.o)
    0x1fff3d36   0x1fff3d36   0x00000042   Code   RO         3394    i.l2capParseCmdReject  ble_host.lib(l2cap_util.o)
    0x1fff3d78   0x1fff3d78   0x00000190   Code   RO         3397    i.l2capParsePacket  ble_host.lib(l2cap_util.o)
    0x1fff3f08   0x1fff3f08   0x00000016   Code   RO         3398    i.l2capParseParamUpdateRsp  ble_host.lib(l2cap_util.o)
    0x1fff3f1e   0x1fff3f1e   0x00000014   Code   RO         3399    i.l2capParseSignalHdr  ble_host.lib(l2cap_util.o)
    0x1fff3f32   COMPRESSED   0x00000002   PAD
    0x1fff3f34   0x1fff3f34   0x00000104   Code   RO         3400    i.l2capPktToSegmentBuff  ble_host.lib(l2cap_util.o)
    0x1fff4038   0x1fff4038   0x00000064   Code   RO         3401    i.l2capSarBufReset  ble_host.lib(l2cap_util.o)
    0x1fff409c   0x1fff409c   0x00000060   Code   RO         3402    i.l2capSendCmd      ble_host.lib(l2cap_util.o)
    0x1fff40fc   0x1fff40fc   0x0000007c   Code   RO         3403    i.l2capSendReq      ble_host.lib(l2cap_util.o)
    0x1fff4178   0x1fff4178   0x00000010   Code   RO         3404    i.l2capStopTimer    ble_host.lib(l2cap_util.o)
    0x1fff4188   0x1fff4188   0x00000118   Code   RO         2550    i.ll_hw_go1         rf.lib(patch.o)
    0x1fff42a0   0x1fff42a0   0x000000fc   Code   RO            6    i.main              main.o
    0x1fff439c   0x1fff439c   0x00000068   Code   RO         2583    i.rc32k_calibration  rf.lib(rf_phy_driver.o)
    0x1fff4404   0x1fff4404   0x00000020   Code   RO         2584    i.rf_calibrate1     rf.lib(rf_phy_driver.o)
    0x1fff4424   0x1fff4424   0x00000114   Code   RO         2585    i.rf_phy_ana_cfg    rf.lib(rf_phy_driver.o)
    0x1fff4538   0x1fff4538   0x00000180   Code   RO         2586    i.rf_phy_bb_cfg     rf.lib(rf_phy_driver.o)
    0x1fff46b8   0x1fff46b8   0x00000094   Code   RO         2587    i.rf_phy_change_cfg0  rf.lib(rf_phy_driver.o)
    0x1fff474c   0x1fff474c   0x0000003c   Code   RO         2596    i.rf_phy_ini        rf.lib(rf_phy_driver.o)
    0x1fff4788   0x1fff4788   0x00000074   Code   RO         2597    i.rf_phy_set_txPower  rf.lib(rf_phy_driver.o)
    0x1fff47fc   0x1fff47fc   0x00000120   Code   RO         2598    i.rf_rxDcoc_cfg     rf.lib(rf_phy_driver.o)
    0x1fff491c   0x1fff491c   0x0000004c   Code   RO         2601    i.rf_tpCal_gen_cap_arrary  rf.lib(rf_phy_driver.o)
    0x1fff4968   0x1fff4968   0x000000f4   Code   RO         2602    i.rf_tp_cal         rf.lib(rf_phy_driver.o)
    0x1fff4a5c   0x1fff4a5c   0x0000006c   Code   RO          180    i.txmit_buf_polling  uart.o
    0x1fff4ac8   0x1fff4ac8   0x00000098   Code   RO          181    i.txmit_buf_use_tx_buf  uart.o
    0x1fff4b60   0x1fff4b60   0x00000150   Code   RO          183    i.uart_hw_init      uart.o
    0x1fff4cb0   0x1fff4cb0   0x0000000a   Code   RO          184    i.uart_wakeup_process_0  uart.o
    0x1fff4cba   0x1fff4cba   0x0000000a   Code   RO          185    i.uart_wakeup_process_1  uart.o
    0x1fff4cc4   0x1fff4cc4   0x0000001c   Data   RO            8    .constdata          main.o
    0x1fff4ce0   0x1fff4ce0   0x0000000c   Data   RO          187    .constdata          uart.o
    0x1fff4cec   0x1fff4cec   0x0000008a   Data   RO          431    .constdata          gpio.o
    0x1fff4d76   COMPRESSED   0x00000002   PAD
    0x1fff4d78   0x1fff4d78   0x00000054   Data   RO            9    .conststring        main.o
    0x1fff4dcc   0x1fff4dcc   0x00000050   Data   RO         3927    Region$$Table       anon$$obj.o
    0x1fff4e1c   COMPRESSED   0x00000001   Data   RW           10    .data               main.o
    0x1fff4e1d   COMPRESSED   0x00000003   PAD
    0x1fff4e20   COMPRESSED   0x00000004   Data   RW          595    .data               timer.o
    0x1fff4e24   COMPRESSED   0x00000018   Data   RW          688    .data               pwrmgr.o
    0x1fff4e3c   COMPRESSED   0x00000008   Data   RW          794    .data               my_printf.o
    0x1fff4e44   COMPRESSED   0x0000000a   Data   RW          945    .data               pwm.o
    0x1fff4e4e   COMPRESSED   0x00000006   Data   RW         1044    .data               led_light.o
    0x1fff4e54   COMPRESSED   0x00000008   Data   RW         1172    .data               flash.o
    0x1fff4e5c   COMPRESSED   0x00000008   Data   RW         1259    .data               fs.o
    0x1fff4e64   COMPRESSED   0x00000024   Data   RW         1533    .data               gapbondmgr.o
    0x1fff4e88   COMPRESSED   0x00000080   Data   RW         1707    .data               gapgattserver.o
    0x1fff4f08   COMPRESSED   0x00000001   Data   RW         1708    .data               gapgattserver.o
    0x1fff4f09   COMPRESSED   0x00000001   Data   RW         1709    .data               gapgattserver.o
    0x1fff4f0a   COMPRESSED   0x00000001   Data   RW         1710    .data               gapgattserver.o
    0x1fff4f0b   COMPRESSED   0x00000001   PAD
    0x1fff4f0c   COMPRESSED   0x00000061   Data   RW         1786    .data               peripheral.o
    0x1fff4f6d   COMPRESSED   0x00000003   PAD
    0x1fff4f70   COMPRESSED   0x0000004c   Data   RW         1899    .data               gattservapp.o
    0x1fff4fbc   COMPRESSED   0x00000001   Data   RW         1900    .data               gattservapp.o
    0x1fff4fbd   COMPRESSED   0x00000001   Data   RW         2107    .data               ota_app_service.o
    0x1fff4fbe   COMPRESSED   0x00000001   Data   RW         2108    .data               ota_app_service.o
    0x1fff4fbf   COMPRESSED   0x00000001   Data   RW         2109    .data               ota_app_service.o
    0x1fff4fc0   COMPRESSED   0x00000001   Data   RW         2110    .data               ota_app_service.o
    0x1fff4fc1   COMPRESSED   0x00000003   PAD
    0x1fff4fc4   COMPRESSED   0x00000068   Data   RW         2111    .data               ota_app_service.o
    0x1fff502c   COMPRESSED   0x0000018c   Data   RW         2210    .data               sbpprofile_ota.o
    0x1fff51b8   COMPRESSED   0x00000001   Data   RW         2211    .data               sbpprofile_ota.o
    0x1fff51b9   COMPRESSED   0x00000006   Data   RW         2212    .data               sbpprofile_ota.o
    0x1fff51bf   COMPRESSED   0x00000001   Data   RW         2213    .data               sbpprofile_ota.o
    0x1fff51c0   COMPRESSED   0x00000007   Data   RW         2214    .data               sbpprofile_ota.o
    0x1fff51c7   COMPRESSED   0x00000001   Data   RW         2215    .data               sbpprofile_ota.o
    0x1fff51c8   COMPRESSED   0x00000007   Data   RW         2216    .data               sbpprofile_ota.o
    0x1fff51cf   COMPRESSED   0x00000001   Data   RW         2217    .data               sbpprofile_ota.o
    0x1fff51d0   COMPRESSED   0x00000007   Data   RW         2218    .data               sbpprofile_ota.o
    0x1fff51d7   COMPRESSED   0x00000001   Data   RW         2219    .data               sbpprofile_ota.o
    0x1fff51d8   COMPRESSED   0x00000007   Data   RW         2220    .data               sbpprofile_ota.o
    0x1fff51df   COMPRESSED   0x00000001   Data   RW         2221    .data               sbpprofile_ota.o
    0x1fff51e0   COMPRESSED   0x00000008   Data   RW         2222    .data               sbpprofile_ota.o
    0x1fff51e8   COMPRESSED   0x00000001   Data   RW         2223    .data               sbpprofile_ota.o
    0x1fff51e9   COMPRESSED   0x0000000b   Data   RW         2224    .data               sbpprofile_ota.o
    0x1fff51f4   COMPRESSED   0x00000004   Data   RW         2314    .data               osal_simplebleperipheral.o
    0x1fff51f8   COMPRESSED   0x00000077   Data   RW         2359    .data               simplebleperipheral.o
    0x1fff526f   COMPRESSED   0x00000001   PAD
    0x1fff5270   COMPRESSED   0x00000004   Data   RW         2501    .data               system_armcm0.o
    0x1fff5274   COMPRESSED   0x00000004   Data   RW         2556    .data               rf.lib(patch.o)
    0x1fff5278   COMPRESSED   0x00000006   Data   RW         2721    .data               ble_host.lib(att_util.o)
    0x1fff527e   COMPRESSED   0x00000004   Data   RW         2722    .data               ble_host.lib(att_util.o)
    0x1fff5282   COMPRESSED   0x0000005a   Data   RW         2857    .data               ble_host.lib(gap_configmgr.o)
    0x1fff52dc   COMPRESSED   0x00000008   Data   RW         2887    .data               ble_host.lib(gap_devmgr.o)
    0x1fff52e4   COMPRESSED   0x00000010   Data   RW         2919    .data               ble_host.lib(gap_linkmgr.o)
    0x1fff52f4   COMPRESSED   0x0000001c   Data   RW         2969    .data               ble_host.lib(gap_peridevmgr.o)
    0x1fff5310   COMPRESSED   0x0000000c   Data   RW         3011    .data               ble_host.lib(gap_task.o)
    0x1fff531c   COMPRESSED   0x00000008   Data   RW         3056    .data               ble_host.lib(gatt_server.o)
    0x1fff5324   COMPRESSED   0x0000000c   Data   RW         3101    .data               ble_host.lib(gatt_task.o)
    0x1fff5330   COMPRESSED   0x00000001   Data   RW         3133    .data               ble_host.lib(l2cap_if.o)
    0x1fff5331   COMPRESSED   0x00000001   Data   RW         3154    .data               ble_host.lib(l2cap_task.o)
    0x1fff5332   COMPRESSED   0x00000002   PAD
    0x1fff5334   COMPRESSED   0x0000000c   Data   RW         3202    .data               ble_host.lib(sm_rsppairing.o)
    0x1fff5340   COMPRESSED   0x00000001   Data   RW         3219    .data               ble_host.lib(sm_task.o)
    0x1fff5341   COMPRESSED   0x00000001   PAD
    0x1fff5342   COMPRESSED   0x00000004   Data   RW         3230    .data               cksys.lib(gattservapp_simple_chsys_1.o)
    0x1fff5346   COMPRESSED   0x00000004   Data   RW         3406    .data               ble_host.lib(l2cap_util.o)
    0x1fff534a   COMPRESSED   0x00000002   PAD
    0x1fff534c   COMPRESSED   0x00000004   Data   RW         3471    .data               ble_host.lib(sm_mgr.o)
    0x1fff5350   COMPRESSED   0x0000000c   Data   RW         3529    .data               ble_host.lib(sm_pairing.o)
    0x1fff535c        -       0x00002020   Zero   RW            7    .bss                main.o
    0x1fff737c        -       0x00000040   Zero   RW          186    .bss                uart.o
    0x1fff73bc        -       0x0000012c   Zero   RW          430    .bss                gpio.o
    0x1fff74e8        -       0x00000078   Zero   RW          687    .bss                pwrmgr.o
    0x1fff7560        -       0x00000014   Zero   RW         1258    .bss                fs.o
    0x1fff7574        -       0x000000a6   Zero   RW         1532    .bss                gapbondmgr.o
    0x1fff761a        -       0x00000016   Zero   RW         1704    .bss                gapgattserver.o
    0x1fff7630        -       0x0000003f   Zero   RW         1785    .bss                peripheral.o
    0x1fff766f   COMPRESSED   0x00000001   PAD
    0x1fff7670        -       0x00000a14   Zero   RW         1896    .bss                gattservapp.o
    0x1fff8084        -       0x00000024   Zero   RW         2101    .bss                ota_app_service.o
    0x1fff80a8        -       0x00000358   Zero   RW         2199    .bss                sbpprofile_ota.o
    0x1fff8400        -       0x000002cc   Zero   RW         2357    .bss                simplebleperipheral.o
    0x1fff86cc        -       0x00000010   Zero   RW         2719    .bss                ble_host.lib(att_util.o)
    0x1fff86dc        -       0x0000001c   Zero   RW         2856    .bss                ble_host.lib(gap_configmgr.o)
    0x1fff86f8        -       0x00000024   Zero   RW         3054    .bss                ble_host.lib(gatt_server.o)
    0x1fff871c        -       0x0000002e   Zero   RW         3153    .bss                ble_host.lib(l2cap_task.o)
    0x1fff874a   COMPRESSED   0x00000002   PAD
    0x1fff874c        -       0x00000170   Zero   RW         3176    .bss                ble_host.lib(linkdb.o)
    0x1fff88bc        -       0x00000394   Zero   RW         3405    .bss                ble_host.lib(l2cap_util.o)
    0x1fff8c50        -       0x00000400   Zero   RW         2490    STACK               startup_armcm0.o



  Load Region LR_ROM_JT_GC (Base: 0x1fff0000, Size: 0x00000800, Max: 0x00000800, ABSOLUTE, COMPRESSED[0x0000040c])

    Execution Region JUMP_TABLE (Exec base: 0x1fff0000, Load base: 0x1fff0000, Size: 0x00000400, Max: 0x00000400, ABSOLUTE)

    Exec Addr    Load Addr    Size         Type   Attr      Idx    E Section Name        Object

    0x1fff0000   0x1fff0000   0x00000400   Data   RO         2286    jump_table_mem_area  jump_table.o


    Execution Region GOLBAL_CONFIG (Exec base: 0x1fff0400, Load base: 0x1fff0400, Size: 0x00000400, Max: 0x00000400, ABSOLUTE, COMPRESSED[0x0000000c])

    Exec Addr    Load Addr    Size         Type   Attr      Idx    E Section Name        Object

    0x1fff0400   COMPRESSED   0x00000400   Data   RW         2285    global_config_area  jump_table.o



  Load Region LR_ROM_XIP (Base: 0x11020000, Size: 0x00008ed0, Max: 0x00020000, ABSOLUTE)

    Execution Region ER_ROM_XIP (Exec base: 0x11020000, Load base: 0x11020000, Size: 0x00008ed0, Max: 0x00020000, ABSOLUTE)

    Exec Addr    Load Addr    Size         Type   Attr      Idx    E Section Name        Object

    0x11020000   0x11020000   0x0000000c   Ven    RO         3996    Veneer$$Code        anon$$obj.o
    0x1102000c   0x1102000c   0x0000000c   Ven    RO         3997    Veneer$$Code        anon$$obj.o
    0x11020018   0x11020018   0x0000000c   Ven    RO         3998    Veneer$$Code        anon$$obj.o
    0x11020024   0x11020024   0x0000000c   Ven    RO         3999    Veneer$$Code        anon$$obj.o
    0x11020030   0x11020030   0x0000000c   Ven    RO         4000    Veneer$$Code        anon$$obj.o
    0x1102003c   0x1102003c   0x0000000c   Ven    RO         4001    Veneer$$Code        anon$$obj.o
    0x11020048   0x11020048   0x0000000c   Ven    RO         4002    Veneer$$Code        anon$$obj.o
    0x11020054   0x11020054   0x0000000c   Ven    RO         4003    Veneer$$Code        anon$$obj.o
    0x11020060   0x11020060   0x0000000c   Ven    RO         4004    Veneer$$Code        anon$$obj.o
    0x1102006c   0x1102006c   0x0000000c   Ven    RO         4005    Veneer$$Code        anon$$obj.o
    0x11020078   0x11020078   0x0000000c   Ven    RO         4006    Veneer$$Code        anon$$obj.o
    0x11020084   0x11020084   0x0000000c   Ven    RO         4007    Veneer$$Code        anon$$obj.o
    0x11020090   0x11020090   0x0000000c   Ven    RO         4008    Veneer$$Code        anon$$obj.o
    0x1102009c   0x1102009c   0x0000000c   Ven    RO         4009    Veneer$$Code        anon$$obj.o
    0x110200a8   0x110200a8   0x0000000c   Ven    RO         4010    Veneer$$Code        anon$$obj.o
    0x110200b4   0x110200b4   0x0000000c   Ven    RO         4011    Veneer$$Code        anon$$obj.o
    0x110200c0   0x110200c0   0x0000000c   Ven    RO         4012    Veneer$$Code        anon$$obj.o
    0x110200cc   0x110200cc   0x0000000c   Ven    RO         4013    Veneer$$Code        anon$$obj.o
    0x110200d8   0x110200d8   0x0000000c   Ven    RO         4014    Veneer$$Code        anon$$obj.o
    0x110200e4   0x110200e4   0x0000000c   Ven    RO         4015    Veneer$$Code        anon$$obj.o
    0x110200f0   0x110200f0   0x0000000c   Ven    RO         4016    Veneer$$Code        anon$$obj.o
    0x110200fc   0x110200fc   0x0000000c   Ven    RO         4017    Veneer$$Code        anon$$obj.o
    0x11020108   0x11020108   0x0000000c   Ven    RO         4018    Veneer$$Code        anon$$obj.o
    0x11020114   0x11020114   0x0000000c   Ven    RO         4019    Veneer$$Code        anon$$obj.o
    0x11020120   0x11020120   0x0000000c   Ven    RO         4020    Veneer$$Code        anon$$obj.o
    0x1102012c   0x1102012c   0x0000000c   Ven    RO         4021    Veneer$$Code        anon$$obj.o
    0x11020138   0x11020138   0x0000000c   Ven    RO         4022    Veneer$$Code        anon$$obj.o
    0x11020144   0x11020144   0x0000000c   Ven    RO         4023    Veneer$$Code        anon$$obj.o
    0x11020150   0x11020150   0x0000000c   Ven    RO         4024    Veneer$$Code        anon$$obj.o
    0x1102015c   0x1102015c   0x0000000c   Ven    RO         4025    Veneer$$Code        anon$$obj.o
    0x11020168   0x11020168   0x0000000c   Ven    RO         4026    Veneer$$Code        anon$$obj.o
    0x11020174   0x11020174   0x0000000c   Ven    RO         4027    Veneer$$Code        anon$$obj.o
    0x11020180   0x11020180   0x0000000c   Ven    RO         4028    Veneer$$Code        anon$$obj.o
    0x1102018c   0x1102018c   0x0000000c   Ven    RO         4029    Veneer$$Code        anon$$obj.o
    0x11020198   0x11020198   0x0000000c   Ven    RO         4030    Veneer$$Code        anon$$obj.o
    0x110201a4   0x110201a4   0x0000000c   Ven    RO         4031    Veneer$$Code        anon$$obj.o
    0x110201b0   0x110201b0   0x0000000c   Ven    RO         4032    Veneer$$Code        anon$$obj.o
    0x110201bc   0x110201bc   0x0000000c   Ven    RO         4033    Veneer$$Code        anon$$obj.o
    0x110201c8   0x110201c8   0x0000000c   Ven    RO         4034    Veneer$$Code        anon$$obj.o
    0x110201d4   0x110201d4   0x0000000c   Ven    RO         4035    Veneer$$Code        anon$$obj.o
    0x110201e0   0x110201e0   0x0000000c   Ven    RO         4036    Veneer$$Code        anon$$obj.o
    0x110201ec   0x110201ec   0x0000000c   Ven    RO         4037    Veneer$$Code        anon$$obj.o
    0x110201f8   0x110201f8   0x0000000c   Ven    RO         4038    Veneer$$Code        anon$$obj.o
    0x11020204   0x11020204   0x0000000c   Ven    RO         4039    Veneer$$Code        anon$$obj.o
    0x11020210   0x11020210   0x0000000c   Ven    RO         4040    Veneer$$Code        anon$$obj.o
    0x1102021c   0x1102021c   0x0000000c   Ven    RO         4041    Veneer$$Code        anon$$obj.o
    0x11020228   0x11020228   0x0000000c   Ven    RO         4042    Veneer$$Code        anon$$obj.o
    0x11020234   0x11020234   0x0000000c   Ven    RO         4043    Veneer$$Code        anon$$obj.o
    0x11020240   0x11020240   0x0000000c   Ven    RO         4044    Veneer$$Code        anon$$obj.o
    0x1102024c   0x1102024c   0x0000000c   Ven    RO         4045    Veneer$$Code        anon$$obj.o
    0x11020258   0x11020258   0x0000000c   Ven    RO         4046    Veneer$$Code        anon$$obj.o
    0x11020264   0x11020264   0x0000000c   Ven    RO         4047    Veneer$$Code        anon$$obj.o
    0x11020270   0x11020270   0x0000000c   Ven    RO         4048    Veneer$$Code        anon$$obj.o
    0x1102027c   0x1102027c   0x0000000c   Ven    RO         4049    Veneer$$Code        anon$$obj.o
    0x11020288   0x11020288   0x0000000c   Ven    RO         4050    Veneer$$Code        anon$$obj.o
    0x11020294   0x11020294   0x0000000c   Ven    RO         4051    Veneer$$Code        anon$$obj.o
    0x110202a0   0x110202a0   0x0000000c   Ven    RO         4052    Veneer$$Code        anon$$obj.o
    0x110202ac   0x110202ac   0x0000000c   Ven    RO         4053    Veneer$$Code        anon$$obj.o
    0x110202b8   0x110202b8   0x0000000c   Ven    RO         4054    Veneer$$Code        anon$$obj.o
    0x110202c4   0x110202c4   0x0000000c   Ven    RO         4055    Veneer$$Code        anon$$obj.o
    0x110202d0   0x110202d0   0x0000000c   Ven    RO         4056    Veneer$$Code        anon$$obj.o
    0x110202dc   0x110202dc   0x0000000c   Ven    RO         4057    Veneer$$Code        anon$$obj.o
    0x110202e8   0x110202e8   0x0000000c   Ven    RO         4058    Veneer$$Code        anon$$obj.o
    0x110202f4   0x110202f4   0x0000000c   Ven    RO         4059    Veneer$$Code        anon$$obj.o
    0x11020300   0x11020300   0x0000000c   Ven    RO         4060    Veneer$$Code        anon$$obj.o
    0x1102030c   0x1102030c   0x0000000c   Ven    RO         4061    Veneer$$Code        anon$$obj.o
    0x11020318   0x11020318   0x0000000c   Ven    RO         4062    Veneer$$Code        anon$$obj.o
    0x11020324   0x11020324   0x0000000c   Ven    RO         4063    Veneer$$Code        anon$$obj.o
    0x11020330   0x11020330   0x0000000c   Ven    RO         4064    Veneer$$Code        anon$$obj.o
    0x1102033c   0x1102033c   0x0000000c   Ven    RO         4065    Veneer$$Code        anon$$obj.o
    0x11020348   0x11020348   0x0000000c   Ven    RO         4066    Veneer$$Code        anon$$obj.o
    0x11020354   0x11020354   0x0000000c   Ven    RO         4067    Veneer$$Code        anon$$obj.o
    0x11020360   0x11020360   0x0000000c   Ven    RO         4068    Veneer$$Code        anon$$obj.o
    0x1102036c   0x1102036c   0x0000000c   Ven    RO         4069    Veneer$$Code        anon$$obj.o
    0x11020378   0x11020378   0x0000000c   Ven    RO         4070    Veneer$$Code        anon$$obj.o
    0x11020384   0x11020384   0x0000000c   Ven    RO         4071    Veneer$$Code        anon$$obj.o
    0x11020390   0x11020390   0x0000000c   Ven    RO         4072    Veneer$$Code        anon$$obj.o
    0x1102039c   0x1102039c   0x0000000c   Ven    RO         4073    Veneer$$Code        anon$$obj.o
    0x110203a8   0x110203a8   0x0000000c   Ven    RO         4074    Veneer$$Code        anon$$obj.o
    0x110203b4   0x110203b4   0x0000000c   Ven    RO         4075    Veneer$$Code        anon$$obj.o
    0x110203c0   0x110203c0   0x0000000c   Ven    RO         4076    Veneer$$Code        anon$$obj.o
    0x110203cc   0x110203cc   0x0000000c   Ven    RO         4077    Veneer$$Code        anon$$obj.o
    0x110203d8   0x110203d8   0x0000000c   Ven    RO         4078    Veneer$$Code        anon$$obj.o
    0x110203e4   0x110203e4   0x0000000c   Ven    RO         4079    Veneer$$Code        anon$$obj.o
    0x110203f0   0x110203f0   0x0000000c   Ven    RO         4080    Veneer$$Code        anon$$obj.o
    0x110203fc   0x110203fc   0x0000000c   Ven    RO         4081    Veneer$$Code        anon$$obj.o
    0x11020408   0x11020408   0x0000000c   Ven    RO         4082    Veneer$$Code        anon$$obj.o
    0x11020414   0x11020414   0x0000000c   Ven    RO         4083    Veneer$$Code        anon$$obj.o
    0x11020420   0x11020420   0x0000000c   Ven    RO         4084    Veneer$$Code        anon$$obj.o
    0x1102042c   0x1102042c   0x0000000c   Ven    RO         4085    Veneer$$Code        anon$$obj.o
    0x11020438   0x11020438   0x0000000c   Ven    RO         4086    Veneer$$Code        anon$$obj.o
    0x11020444   0x11020444   0x0000000c   Ven    RO         4087    Veneer$$Code        anon$$obj.o
    0x11020450   0x11020450   0x0000000c   Ven    RO         4088    Veneer$$Code        anon$$obj.o
    0x1102045c   0x1102045c   0x0000000c   Ven    RO         4089    Veneer$$Code        anon$$obj.o
    0x11020468   0x11020468   0x0000000c   Ven    RO         4090    Veneer$$Code        anon$$obj.o
    0x11020474   0x11020474   0x0000000c   Ven    RO         4091    Veneer$$Code        anon$$obj.o
    0x11020480   0x11020480   0x0000000c   Ven    RO         4092    Veneer$$Code        anon$$obj.o
    0x1102048c   0x1102048c   0x0000000c   Ven    RO         4093    Veneer$$Code        anon$$obj.o
    0x11020498   0x11020498   0x0000000c   Ven    RO         4094    Veneer$$Code        anon$$obj.o
    0x110204a4   0x110204a4   0x0000000c   Ven    RO         4095    Veneer$$Code        anon$$obj.o
    0x110204b0   0x110204b0   0x0000000c   Ven    RO         4096    Veneer$$Code        anon$$obj.o
    0x110204bc   0x110204bc   0x0000000c   Ven    RO         4097    Veneer$$Code        anon$$obj.o
    0x110204c8   0x110204c8   0x0000000c   Ven    RO         4098    Veneer$$Code        anon$$obj.o
    0x110204d4   0x110204d4   0x0000000c   Ven    RO         4099    Veneer$$Code        anon$$obj.o
    0x110204e0   0x110204e0   0x00000016   Code   RO         2663    i.ATT_BuildErrorRsp  ble_host.lib(att_util.o)
    0x110204f6   0x110204f6   0x0000000e   Code   RO         2665    i.ATT_BuildExchangeMTURsp  ble_host.lib(att_util.o)
    0x11020504   0x11020504   0x00000030   Code   RO         2668    i.ATT_BuildFindByTypeValueRsp  ble_host.lib(att_util.o)
    0x11020534   0x11020534   0x0000006c   Code   RO         2670    i.ATT_BuildFindInfoRsp  ble_host.lib(att_util.o)
    0x110205a0   0x110205a0   0x0000001e   Code   RO         2671    i.ATT_BuildHandleValueInd  ble_host.lib(att_util.o)
    0x110205be   0x110205be   0x00000028   Code   RO         2673    i.ATT_BuildPrepareWriteRsp  ble_host.lib(att_util.o)
    0x110205e6   0x110205e6   0x00000010   Code   RO         2675    i.ATT_BuildReadBlobRsp  ble_host.lib(att_util.o)
    0x110205f6   0x110205f6   0x0000001a   Code   RO         2676    i.ATT_BuildReadByGrpTypeRsp  ble_host.lib(att_util.o)
    0x11020610   0x11020610   0x0000001a   Code   RO         2678    i.ATT_BuildReadByTypeRsp  ble_host.lib(att_util.o)
    0x1102062a   0x1102062a   0x00000010   Code   RO         2680    i.ATT_BuildReadMultiRsp  ble_host.lib(att_util.o)
    0x1102063a   0x1102063a   0x00000010   Code   RO         2682    i.ATT_BuildReadRsp  ble_host.lib(att_util.o)
    0x1102064a   0x1102064a   0x0000004a   Code   RO         2684    i.ATT_CompareUUID   ble_host.lib(att_util.o)
    0x11020694   0x11020694   0x0000002c   Code   RO         2685    i.ATT_ConvertUUIDto128  ble_host.lib(att_util.o)
    0x110206c0   0x110206c0   0x00000014   Code   RO         2631    i.ATT_ErrorRsp      ble_host.lib(att_server.o)
    0x110206d4   0x110206d4   0x00000040   Code   RO         2632    i.ATT_ExchangeMTURsp  ble_host.lib(att_server.o)
    0x11020714   0x11020714   0x0000000e   Code   RO         2633    i.ATT_ExecuteWriteRsp  ble_host.lib(att_server.o)
    0x11020722   0x11020722   0x00000002   PAD
    0x11020724   0x11020724   0x0000001c   Code   RO         2634    i.ATT_FindByTypeValueRsp  ble_host.lib(att_server.o)
    0x11020740   0x11020740   0x00000028   Code   RO         2635    i.ATT_FindInfoRsp   ble_host.lib(att_server.o)
    0x11020768   0x11020768   0x0000000c   Code   RO         2687    i.ATT_GetCurrentMTUSize  ble_host.lib(att_util.o)
    0x11020774   0x11020774   0x00000014   Code   RO         2636    i.ATT_HandleValueInd  ble_host.lib(att_server.o)
    0x11020788   0x11020788   0x00000014   Code   RO         2637    i.ATT_HandleValueNoti  ble_host.lib(att_server.o)
    0x1102079c   0x1102079c   0x00000018   Code   RO         2689    i.ATT_InitMtuSize   ble_host.lib(att_util.o)
    0x110207b4   0x110207b4   0x00000018   Code   RO         2691    i.ATT_ParseExchangeMTUReq  ble_host.lib(att_util.o)
    0x110207cc   0x110207cc   0x00000012   Code   RO         2693    i.ATT_ParseExecuteWriteReq  ble_host.lib(att_util.o)
    0x110207de   0x110207de   0x00000048   Code   RO         2695    i.ATT_ParseFindByTypeValueReq  ble_host.lib(att_util.o)
    0x11020826   0x11020826   0x00000022   Code   RO         2697    i.ATT_ParseFindInfoReq  ble_host.lib(att_util.o)
    0x11020848   0x11020848   0x00000060   Code   RO         2701    i.ATT_ParsePacket   ble_host.lib(att_util.o)
    0x110208a8   0x110208a8   0x00000038   Code   RO         2702    i.ATT_ParsePrepareWriteReq  ble_host.lib(att_util.o)
    0x110208e0   0x110208e0   0x00000022   Code   RO         2704    i.ATT_ParseReadBlobReq  ble_host.lib(att_util.o)
    0x11020902   0x11020902   0x0000003c   Code   RO         2707    i.ATT_ParseReadByTypeReq  ble_host.lib(att_util.o)
    0x1102093e   0x1102093e   0x00000002   PAD
    0x11020940   0x11020940   0x00000044   Code   RO         2709    i.ATT_ParseReadMultiReq  ble_host.lib(att_util.o)
    0x11020984   0x11020984   0x00000018   Code   RO         2711    i.ATT_ParseReadReq  ble_host.lib(att_util.o)
    0x1102099c   0x1102099c   0x00000042   Code   RO         2713    i.ATT_ParseWriteReq  ble_host.lib(att_util.o)
    0x110209de   0x110209de   0x00000002   PAD
    0x110209e0   0x110209e0   0x00000014   Code   RO         2638    i.ATT_PrepareWriteRsp  ble_host.lib(att_server.o)
    0x110209f4   0x110209f4   0x00000014   Code   RO         2639    i.ATT_ReadBlobRsp   ble_host.lib(att_server.o)
    0x11020a08   0x11020a08   0x0000001c   Code   RO         2640    i.ATT_ReadByGrpTypeRsp  ble_host.lib(att_server.o)
    0x11020a24   0x11020a24   0x0000001c   Code   RO         2641    i.ATT_ReadByTypeRsp  ble_host.lib(att_server.o)
    0x11020a40   0x11020a40   0x00000014   Code   RO         2642    i.ATT_ReadMultiRsp  ble_host.lib(att_server.o)
    0x11020a54   0x11020a54   0x00000014   Code   RO         2643    i.ATT_ReadRsp       ble_host.lib(att_server.o)
    0x11020a68   0x11020a68   0x0000002c   Code   RO         2715    i.ATT_SetMTUSizeMax  ble_host.lib(att_util.o)
    0x11020a94   0x11020a94   0x00000018   Code   RO         2717    i.ATT_UpdateMtuSize  ble_host.lib(att_util.o)
    0x11020aac   0x11020aac   0x0000000e   Code   RO         2644    i.ATT_WriteRsp      ble_host.lib(att_server.o)
    0x11020aba   0x11020aba   0x00000002   PAD
    0x11020abc   0x11020abc   0x00000010   Code   RO         1505    i.GAPBondMgr_Init   gapbondmgr.o
    0x11020acc   0x11020acc   0x00000140   Code   RO         1506    i.GAPBondMgr_LinkEst  gapbondmgr.o
    0x11020c0c   0x11020c0c   0x000000b0   Code   RO         1508    i.GAPBondMgr_ProcessEvent  gapbondmgr.o
    0x11020cbc   0x11020cbc   0x000001bc   Code   RO         1509    i.GAPBondMgr_ProcessGAPMsg  gapbondmgr.o
    0x11020e78   0x11020e78   0x0000001c   Code   RO         1510    i.GAPBondMgr_Register  gapbondmgr.o
    0x11020e94   0x11020e94   0x000000b8   Code   RO         1511    i.GAPBondMgr_ResolveAddr  gapbondmgr.o
    0x11020f4c   0x11020f4c   0x0000006c   Code   RO         1512    i.GAPBondMgr_ServiceChangeInd  gapbondmgr.o
    0x11020fb8   0x11020fb8   0x00000164   Code   RO         1513    i.GAPBondMgr_SetParameter  gapbondmgr.o
    0x1102111c   0x1102111c   0x00000058   Code   RO         1514    i.GAPBondMgr_UpdateCharCfg  gapbondmgr.o
    0x11021174   0x11021174   0x000000e8   Code   RO         1774    i.GAPRole_GetParameter  peripheral.o
    0x1102125c   0x1102125c   0x00000044   Code   RO         1775    i.GAPRole_Init      peripheral.o
    0x110212a0   0x110212a0   0x000000f4   Code   RO         1776    i.GAPRole_ProcessEvent  peripheral.o
    0x11021394   0x11021394   0x00000058   Code   RO         1778    i.GAPRole_SendUpdateParam  peripheral.o
    0x110213ec   0x110213ec   0x00000214   Code   RO         1779    i.GAPRole_SetParameter  peripheral.o
    0x11021600   0x11021600   0x00000038   Code   RO         1780    i.GAPRole_StartDevice  peripheral.o
    0x11021638   0x11021638   0x00000020   Code   RO         1781    i.GAPRole_TerminateConnection  peripheral.o
    0x11021658   0x11021658   0x000000a8   Code   RO         2897    i.GAP_Authenticate  ble_host.lib(gap_linkmgr.o)
    0x11021700   0x11021700   0x00000088   Code   RO         2898    i.GAP_Bond          ble_host.lib(gap_linkmgr.o)
    0x11021788   0x11021788   0x0000003e   Code   RO         1483    i.GAP_DeviceInit    gap.o
    0x110217c6   0x110217c6   0x00000002   PAD
    0x110217c8   0x110217c8   0x00000054   Code   RO         2946    i.GAP_EndDiscoverable  ble_host.lib(gap_peridevmgr.o)
    0x1102181c   0x1102181c   0x00000018   Code   RO         2837    i.GAP_GetParamValue  ble_host.lib(gap_configmgr.o)
    0x11021834   0x11021834   0x00000020   Code   RO         3003    i.GAP_Init          ble_host.lib(gap_task.o)
    0x11021854   0x11021854   0x000000c0   Code   RO         2948    i.GAP_MakeDiscoverable  ble_host.lib(gap_peridevmgr.o)
    0x11021914   0x11021914   0x00000008   Code   RO         3004    i.GAP_NumActiveConnections  ble_host.lib(gap_task.o)
    0x1102191c   0x1102191c   0x00000038   Code   RO         2838    i.GAP_ParamsInit    ble_host.lib(gap_configmgr.o)
    0x11021954   0x11021954   0x00000048   Code   RO         2899    i.GAP_PasscodeUpdate  ble_host.lib(gap_linkmgr.o)
    0x1102199c   0x1102199c   0x00000048   Code   RO         2949    i.GAP_PeriDevMgrInit  ble_host.lib(gap_peridevmgr.o)
    0x110219e4   0x110219e4   0x000000e0   Code   RO         3005    i.GAP_ProcessEvent  ble_host.lib(gap_task.o)
    0x11021ac4   0x11021ac4   0x0000000c   Code   RO         3006    i.GAP_RegisterForHCIMsgs  ble_host.lib(gap_task.o)
    0x11021ad0   0x11021ad0   0x00000008   Code   RO         2882    i.GAP_ResolvePrivateAddr  ble_host.lib(gap_devmgr.o)
    0x11021ad8   0x11021ad8   0x00000040   Code   RO         2839    i.GAP_SecParamsInit  ble_host.lib(gap_configmgr.o)
    0x11021b18   0x11021b18   0x00000050   Code   RO         2997    i.GAP_SendSlaveSecurityRequest  ble_host.lib(gap_perilinkmgr.o)
    0x11021b68   0x11021b68   0x00000020   Code   RO         2840    i.GAP_SetParamValue  ble_host.lib(gap_configmgr.o)
    0x11021b88   0x11021b88   0x0000004c   Code   RO         2901    i.GAP_Signable      ble_host.lib(gap_linkmgr.o)
    0x11021bd4   0x11021bd4   0x00000020   Code   RO         2902    i.GAP_TerminateAuth  ble_host.lib(gap_linkmgr.o)
    0x11021bf4   0x11021bf4   0x00000080   Code   RO         2903    i.GAP_TerminateLinkReq  ble_host.lib(gap_linkmgr.o)
    0x11021c74   0x11021c74   0x00000074   Code   RO         2953    i.GAP_UpdateAdvertisingData  ble_host.lib(gap_peridevmgr.o)
    0x11021ce8   0x11021ce8   0x00000020   Code   RO         1858    i.GATTServApp_AddService  gattservapp.o
    0x11021d08   0x11021d08   0x00000022   Code   RO         1861    i.GATTServApp_FindAttr  gattservapp.o
    0x11021d2a   0x11021d2a   0x00000002   PAD
    0x11021d2c   0x11021d2c   0x00000050   Code   RO         1864    i.GATTServApp_Init  gattservapp.o
    0x11021d7c   0x11021d7c   0x00000030   Code   RO         1865    i.GATTServApp_InitCharCfg  gattservapp.o
    0x11021dac   0x11021dac   0x00000058   Code   RO         1866    i.GATTServApp_ProcessCCCWriteReq  gattservapp.o
    0x11021e04   0x11021e04   0x000000a4   Code   RO         1867    i.GATTServApp_ProcessCharCfg  gattservapp.o
    0x11021ea8   0x11021ea8   0x00000038   Code   RO         1868    i.GATTServApp_ProcessEvent  gattservapp.o
    0x11021ee0   0x11021ee0   0x00000224   Code   RO         1869    i.GATTServApp_ReadAttr  gattservapp.o
    0x11022104   0x11022104   0x0000000e   Code   RO         1870    i.GATTServApp_ReadCharCfg  gattservapp.o
    0x11022112   0x11022112   0x00000002   PAD
    0x11022114   0x11022114   0x0000000c   Code   RO         1871    i.GATTServApp_RegisterForMsg  gattservapp.o
    0x11022120   0x11022120   0x00000070   Code   RO         1872    i.GATTServApp_RegisterService  gattservapp.o
    0x11022190   0x11022190   0x0000009c   Code   RO         3227    i.GATTServApp_RegisterService_simple  cksys.lib(gattservapp_simple_chsys_1.o)
    0x1102222c   0x1102222c   0x00000038   Code   RO         1873    i.GATTServApp_SendCCCUpdatedEvent  gattservapp.o
    0x11022264   0x11022264   0x00000024   Code   RO         1874    i.GATTServApp_SendServiceChangedInd  gattservapp.o
    0x11022288   0x11022288   0x00000018   Code   RO         1877    i.GATTServApp_UpdateCharCfg  gattservapp.o
    0x110222a0   0x110222a0   0x0000004c   Code   RO         1878    i.GATTServApp_WriteAttr  gattservapp.o
    0x110222ec   0x110222ec   0x0000002c   Code   RO         1879    i.GATTServApp_WriteCharCfg  gattservapp.o
    0x11022318   0x11022318   0x00000086   Code   RO         3228    i.GATTServApp_simple_WriteAttrCB  cksys.lib(gattservapp_simple_chsys_1.o)
    0x1102239e   0x1102239e   0x0000002e   Code   RO         3091    i.GATT_AppCompletedMsg  ble_host.lib(gatt_task.o)
    0x110223cc   0x110223cc   0x0000004c   Code   RO         3025    i.GATT_FindHandle   ble_host.lib(gatt_server.o)
    0x11022418   0x11022418   0x00000064   Code   RO         3026    i.GATT_FindHandleUUID  ble_host.lib(gatt_server.o)
    0x1102247c   0x1102247c   0x00000094   Code   RO         3027    i.GATT_FindNextAttr  ble_host.lib(gatt_server.o)
    0x11022510   0x11022510   0x00000054   Code   RO         3028    i.GATT_Indication   ble_host.lib(gatt_server.o)
    0x11022564   0x11022564   0x0000001c   Code   RO         3092    i.GATT_Init         ble_host.lib(gatt_task.o)
    0x11022580   0x11022580   0x00000048   Code   RO         3029    i.GATT_InitServer   ble_host.lib(gatt_server.o)
    0x110225c8   0x110225c8   0x0000002e   Code   RO         3030    i.GATT_Notification  ble_host.lib(gatt_server.o)
    0x110225f6   0x110225f6   0x00000002   PAD
    0x110225f8   0x110225f8   0x00000034   Code   RO         3093    i.GATT_ProcessEvent  ble_host.lib(gatt_task.o)
    0x1102262c   0x1102262c   0x0000000c   Code   RO         3031    i.GATT_RegisterForReq  ble_host.lib(gatt_server.o)
    0x11022638   0x11022638   0x000000a8   Code   RO         3032    i.GATT_RegisterService  ble_host.lib(gatt_server.o)
    0x110226e0   0x110226e0   0x00000050   Code   RO         3033    i.GATT_ServiceChangedInd  ble_host.lib(gatt_server.o)
    0x11022730   0x11022730   0x00000020   Code   RO         3034    i.GATT_ServiceNumAttrs  ble_host.lib(gatt_server.o)
    0x11022750   0x11022750   0x00000026   Code   RO         3036    i.GATT_VerifyReadPermissions  ble_host.lib(gatt_server.o)
    0x11022776   0x11022776   0x00000042   Code   RO         3037    i.GATT_VerifyWritePermissions  ble_host.lib(gatt_server.o)
    0x110227b8   0x110227b8   0x00000020   Code   RO         1694    i.GGS_AddService    gapgattserver.o
    0x110227d8   0x110227d8   0x00000088   Code   RO         1700    i.GGS_SetParameter  gapgattserver.o
    0x11022860   0x11022860   0x00000018   Code   RO         3123    i.L2CAP_CmdReject   ble_host.lib(l2cap_if.o)
    0x11022878   0x11022878   0x00000018   Code   RO         3124    i.L2CAP_ConnParamUpdateReq  ble_host.lib(l2cap_if.o)
    0x11022890   0x11022890   0x00000018   Code   RO         3127    i.L2CAP_HostNumCompletedPkts  ble_host.lib(l2cap_if.o)
    0x110228a8   0x110228a8   0x00000048   Code   RO         3148    i.L2CAP_Init        ble_host.lib(l2cap_task.o)
    0x110228f0   0x110228f0   0x00000034   Code   RO         3149    i.L2CAP_ProcessEvent  ble_host.lib(l2cap_task.o)
    0x11022924   0x11022924   0x0000002c   Code   RO         3129    i.L2CAP_RegisterApp  ble_host.lib(l2cap_if.o)
    0x11022950   0x11022950   0x00000034   Code   RO         3130    i.L2CAP_SendData    ble_host.lib(l2cap_if.o)
    0x11022984   0x11022984   0x00000044   Code   RO         3445    i.SM_CalcRandomAddr  ble_host.lib(sm_mgr.o)
    0x110229c8   0x110229c8   0x0000009a   Code   RO         3447    i.SM_GenerateAuthenSig  ble_host.lib(sm_mgr.o)
    0x11022a62   0x11022a62   0x00000002   PAD
    0x11022a64   0x11022a64   0x00000024   Code   RO         3216    i.SM_Init           ble_host.lib(sm_task.o)
    0x11022a88   0x11022a88   0x00000084   Code   RO         3501    i.SM_PasskeyUpdate  ble_host.lib(sm_pairing.o)
    0x11022b0c   0x11022b0c   0x00000060   Code   RO         3217    i.SM_ProcessEvent   ble_host.lib(sm_task.o)
    0x11022b6c   0x11022b6c   0x0000004c   Code   RO         3449    i.SM_ResolveRandomAddrs  ble_host.lib(sm_mgr.o)
    0x11022bb8   0x11022bb8   0x00000020   Code   RO         3193    i.SM_ResponderInit  ble_host.lib(sm_rsppairing.o)
    0x11022bd8   0x11022bd8   0x00000088   Code   RO         3502    i.SM_StartPairing   ble_host.lib(sm_pairing.o)
    0x11022c60   0x11022c60   0x000000ce   Code   RO         3450    i.SM_VerifyAuthenSig  ble_host.lib(sm_mgr.o)
    0x11022d2e   0x11022d2e   0x00000002   PAD
    0x11022d30   0x11022d30   0x0000026c   Code   RO         2349    i.SimpleBLEPeripheral_Init  simplebleperipheral.o
    0x11022f9c   0x11022f9c   0x000002dc   Code   RO         2350    i.SimpleBLEPeripheral_ProcessEvent  simplebleperipheral.o
    0x11023278   0x11023278   0x0000003c   Code   RO         2191    i.SimpleProfile_AddService  sbpprofile_ota.o
    0x110232b4   0x110232b4   0x00000064   Code   RO         2192    i.SimpleProfile_GetParameter  sbpprofile_ota.o
    0x11023318   0x11023318   0x00000014   Code   RO         2193    i.SimpleProfile_RegisterAppCBs  sbpprofile_ota.o
    0x1102332c   0x1102332c   0x00000088   Code   RO         2194    i.SimpleProfile_SetParameter  sbpprofile_ota.o
    0x110233b4   0x110233b4   0x0000001a   Code   RO         1098    i.__ARM_common_switch8  led_light.o
    0x110233ce   0x110233ce   0x0000000e   Code   RO          786    i._uart_putc        my_printf.o
    0x110233dc   0x110233dc   0x0000007c   Code   RO         2718    i.attSendMsg        ble_host.lib(att_util.o)
    0x11023458   0x11023458   0x00000060   Code   RO         2351    i.bdAddr2Str        simplebleperipheral.o
    0x110234b8   0x110234b8   0x00000174   Code   RO         2352    i.check_PerStatsProcess  simplebleperipheral.o
    0x1102362c   0x1102362c   0x0000001c   Code   RO          787    i.dbg_printf        my_printf.o
    0x11023648   0x11023648   0x00000014   Code   RO          788    i.dbg_printf_init   my_printf.o
    0x1102365c   0x1102365c   0x0000001a   Code   RO         2904    i.disconnectNext    ble_host.lib(gap_linkmgr.o)
    0x11023676   0x11023676   0x00000032   Code   RO         2841    i.gapAddAddrAdj     ble_host.lib(gap_configmgr.o)
    0x110236a8   0x110236a8   0x00000054   Code   RO         2955    i.gapAllocAdvRecs   ble_host.lib(gap_peridevmgr.o)
    0x110236fc   0x110236fc   0x0000001c   Code   RO         1515    i.gapBondFreeAuthEvt  gapbondmgr.o
    0x11023718   0x11023718   0x00000138   Code   RO         1516    i.gapBondMgrAddBond  gapbondmgr.o
    0x11023850   0x11023850   0x000000e8   Code   RO         1517    i.gapBondMgrAuthenticate  gapbondmgr.o
    0x11023938   0x11023938   0x00000030   Code   RO         1518    i.gapBondMgrBondTotal  gapbondmgr.o
    0x11023968   0x11023968   0x00000058   Code   RO         1519    i.gapBondMgrChangeState  gapbondmgr.o
    0x110239c0   0x110239c0   0x00000018   Code   RO         1520    i.gapBondMgrEraseAllBondings  gapbondmgr.o
    0x110239d8   0x110239d8   0x000000e4   Code   RO         1521    i.gapBondMgrEraseBonding  gapbondmgr.o
    0x11023abc   0x11023abc   0x00000030   Code   RO         1522    i.gapBondMgrFindAddr  gapbondmgr.o
    0x11023aec   0x11023aec   0x0000001c   Code   RO         1523    i.gapBondMgrFindCharCfgItem  gapbondmgr.o
    0x11023b08   0x11023b08   0x00000036   Code   RO         1524    i.gapBondMgrGetPublicAddr  gapbondmgr.o
    0x11023b3e   0x11023b3e   0x0000001c   Code   RO         1525    i.gapBondMgrInvertCharCfgItem  gapbondmgr.o
    0x11023b5a   0x11023b5a   0x00000002   PAD
    0x11023b5c   0x11023b5c   0x0000005c   Code   RO         1526    i.gapBondMgrReadBonds  gapbondmgr.o
    0x11023bb8   0x11023bb8   0x00000014   Code   RO         1527    i.gapBondMgrSendServiceChange  gapbondmgr.o
    0x11023bcc   0x11023bcc   0x000000aa   Code   RO         1528    i.gapBondMgrUpdateCharCfg  gapbondmgr.o
    0x11023c76   0x11023c76   0x00000002   PAD
    0x11023c78   0x11023c78   0x00000088   Code   RO         1529    i.gapBondMgr_SyncCharCfg  gapbondmgr.o
    0x11023d00   0x11023d00   0x00000034   Code   RO         1530    i.gapBondMgr_SyncWhiteList  gapbondmgr.o
    0x11023d34   0x11023d34   0x00000020   Code   RO         1531    i.gapBondSetupPrivFlag  gapbondmgr.o
    0x11023d54   0x11023d54   0x0000001e   Code   RO         2842    i.gapDetermineAddrType  ble_host.lib(gap_configmgr.o)
    0x11023d72   0x11023d72   0x00000048   Code   RO         2883    i.gapFindADType     ble_host.lib(gap_devmgr.o)
    0x11023dba   0x11023dba   0x00000002   PAD
    0x11023dbc   0x11023dbc   0x00000018   Code   RO         2960    i.gapFreeAdvertState  ble_host.lib(gap_peridevmgr.o)
    0x11023dd4   0x11023dd4   0x0000003c   Code   RO         2905    i.gapFreeAuthLink   ble_host.lib(gap_linkmgr.o)
    0x11023e10   0x11023e10   0x00000018   Code   RO         2906    i.gapFreeEstLink    ble_host.lib(gap_linkmgr.o)
    0x11023e28   0x11023e28   0x0000001c   Code   RO         2843    i.gapGetDevAddress  ble_host.lib(gap_configmgr.o)
    0x11023e44   0x11023e44   0x0000000c   Code   RO         2844    i.gapGetDevAddressMode  ble_host.lib(gap_configmgr.o)
    0x11023e50   0x11023e50   0x0000000c   Code   RO         2845    i.gapGetIRK         ble_host.lib(gap_configmgr.o)
    0x11023e5c   0x11023e5c   0x0000000c   Code   RO         2846    i.gapGetSRK         ble_host.lib(gap_configmgr.o)
    0x11023e68   0x11023e68   0x0000000c   Code   RO         2847    i.gapGetSignCounter  ble_host.lib(gap_configmgr.o)
    0x11023e74   0x11023e74   0x00000028   Code   RO         2848    i.gapIncSignCounter  ble_host.lib(gap_configmgr.o)
    0x11023e9c   0x11023e9c   0x00000010   Code   RO         2884    i.gapIsAdvertising  ble_host.lib(gap_devmgr.o)
    0x11023eac   0x11023eac   0x00000128   Code   RO         2907    i.gapPairingCompleteCB  ble_host.lib(gap_linkmgr.o)
    0x11023fd4   0x11023fd4   0x00000064   Code   RO         2908    i.gapPasskeyNeededCB  ble_host.lib(gap_linkmgr.o)
    0x11024038   0x11024038   0x00000090   Code   RO         2961    i.gapPeriProcessHCICmdCompleteEvt  ble_host.lib(gap_peridevmgr.o)
    0x110240c8   0x110240c8   0x00000080   Code   RO         2962    i.gapProcessAdvertisingEvt  ble_host.lib(gap_peridevmgr.o)
    0x11024148   0x11024148   0x00000014   Code   RO         2909    i.gapProcessConnUpdateCompleteEvt  ble_host.lib(gap_linkmgr.o)
    0x1102415c   0x1102415c   0x000000c0   Code   RO         2910    i.gapProcessConnectionCompleteEvt  ble_host.lib(gap_linkmgr.o)
    0x1102421c   0x1102421c   0x00000068   Code   RO         2911    i.gapProcessDisconnectCompleteEvt  ble_host.lib(gap_linkmgr.o)
    0x11024284   0x11024284   0x000000c0   Code   RO         3007    i.gapProcessHCICmdCompleteEvt  ble_host.lib(gap_task.o)
    0x11024344   0x11024344   0x0000002c   Code   RO         2849    i.gapProcessNewAddr  ble_host.lib(gap_configmgr.o)
    0x11024370   0x11024370   0x000000d4   Code   RO         3008    i.gapProcessOSALMsg  ble_host.lib(gap_task.o)
    0x11024444   0x11024444   0x0000006c   Code   RO         2850    i.gapProcessRandomAddrComplete  ble_host.lib(gap_configmgr.o)
    0x110244b0   0x110244b0   0x00000044   Code   RO         2851    i.gapReadBD_ADDRStatus  ble_host.lib(gap_configmgr.o)
    0x110244f4   0x110244f4   0x0000003c   Code   RO         2852    i.gapReadBufSizeCmdStatus  ble_host.lib(gap_configmgr.o)
    0x11024530   0x11024530   0x0000000c   Code   RO         3010    i.gapRegisterPeripheral  ble_host.lib(gap_task.o)
    0x1102453c   0x1102453c   0x000001f4   Code   RO         1782    i.gapRole_ProcessGAPMsg  peripheral.o
    0x11024730   0x11024730   0x000000b0   Code   RO         1783    i.gapRole_ProcessOSALMsg  peripheral.o
    0x110247e0   0x110247e0   0x0000005c   Code   RO         1784    i.gapRole_startConnUpdate  peripheral.o
    0x1102483c   0x1102483c   0x00000044   Code   RO         2913    i.gapSendBondCompleteEvent  ble_host.lib(gap_linkmgr.o)
    0x11024880   0x11024880   0x00000048   Code   RO         2853    i.gapSendDeviceInitDoneEvent  ble_host.lib(gap_configmgr.o)
    0x110248c8   0x110248c8   0x00000048   Code   RO         2914    i.gapSendLinkUpdateEvent  ble_host.lib(gap_linkmgr.o)
    0x11024910   0x11024910   0x0000003c   Code   RO         2963    i.gapSendMakeDiscEvent  ble_host.lib(gap_peridevmgr.o)
    0x1102494c   0x1102494c   0x0000005c   Code   RO         2915    i.gapSendPairingReqEvent  ble_host.lib(gap_linkmgr.o)
    0x110249a8   0x110249a8   0x00000088   Code   RO         2964    i.gapSetAdvParams   ble_host.lib(gap_peridevmgr.o)
    0x11024a30   0x11024a30   0x0000002c   Code   RO         2965    i.gapSetAdvParamsStatus  ble_host.lib(gap_peridevmgr.o)
    0x11024a5c   0x11024a5c   0x00000052   Code   RO         2855    i.gapUpdateConnSignCounter  ble_host.lib(gap_configmgr.o)
    0x11024aae   0x11024aae   0x00000012   Code   RO         2886    i.gapValidADType    ble_host.lib(gap_devmgr.o)
    0x11024ac0   0x11024ac0   0x00000030   Code   RO         2966    i.gapWriteAdvDataStatus  ble_host.lib(gap_peridevmgr.o)
    0x11024af0   0x11024af0   0x000000b8   Code   RO         2967    i.gapWriteAdvEnableStatus  ble_host.lib(gap_peridevmgr.o)
    0x11024ba8   0x11024ba8   0x00000024   Code   RO         3038    i.gattFindServerInfo  ble_host.lib(gatt_server.o)
    0x11024bcc   0x11024bcc   0x0000002c   Code   RO         3039    i.gattGetServerStatus  ble_host.lib(gatt_server.o)
    0x11024bf8   0x11024bf8   0x00000052   Code   RO         3095    i.gattNotifyEvent   ble_host.lib(gatt_task.o)
    0x11024c4a   0x11024c4a   0x00000002   PAD
    0x11024c4c   0x11024c4c   0x0000001c   Code   RO         3040    i.gattProcessExchangeMTUReq  ble_host.lib(gatt_server.o)
    0x11024c68   0x11024c68   0x00000004   Code   RO         3041    i.gattProcessExecuteWriteReq  ble_host.lib(gatt_server.o)
    0x11024c6c   0x11024c6c   0x0000002c   Code   RO         3042    i.gattProcessFindByTypeValueReq  ble_host.lib(gatt_server.o)
    0x11024c98   0x11024c98   0x000000e8   Code   RO         3043    i.gattProcessFindInfoReq  ble_host.lib(gatt_server.o)
    0x11024d80   0x11024d80   0x00000048   Code   RO         3044    i.gattProcessReadByGrpTypeReq  ble_host.lib(gatt_server.o)
    0x11024dc8   0x11024dc8   0x0000002c   Code   RO         3045    i.gattProcessReadByTypeReq  ble_host.lib(gatt_server.o)
    0x11024df4   0x11024df4   0x00000048   Code   RO         3046    i.gattProcessReadMultiReq  ble_host.lib(gatt_server.o)
    0x11024e3c   0x11024e3c   0x0000001e   Code   RO         3047    i.gattProcessReadReq  ble_host.lib(gatt_server.o)
    0x11024e5a   0x11024e5a   0x00000002   PAD
    0x11024e5c   0x11024e5c   0x00000094   Code   RO         3096    i.gattProcessRxData  ble_host.lib(gatt_task.o)
    0x11024ef0   0x11024ef0   0x00000022   Code   RO         3048    i.gattProcessWriteReq  ble_host.lib(gatt_server.o)
    0x11024f12   0x11024f12   0x00000002   PAD
    0x11024f14   0x11024f14   0x0000000c   Code   RO         3098    i.gattRegisterServer  ble_host.lib(gatt_task.o)
    0x11024f20   0x11024f20   0x00000010   Code   RO         3049    i.gattResetServerInfo  ble_host.lib(gatt_server.o)
    0x11024f30   0x11024f30   0x0000000e   Code   RO         1880    i.gattServApp_FindAuthorizeAttrCB  gattservapp.o
    0x11024f3e   0x11024f3e   0x0000001c   Code   RO         1881    i.gattServApp_FindCharCfgItem  gattservapp.o
    0x11024f5a   0x11024f5a   0x00000002   PAD
    0x11024f5c   0x11024f5c   0x00000024   Code   RO         1882    i.gattServApp_FindPrepareWriteQ  gattservapp.o
    0x11024f80   0x11024f80   0x00000020   Code   RO         1883    i.gattServApp_FindServiceCBs  gattservapp.o
    0x11024fa0   0x11024fa0   0x00000060   Code   RO         1884    i.gattServApp_HandleConnStatusCB  gattservapp.o
    0x11025000   0x11025000   0x00000088   Code   RO         1885    i.gattServApp_ProcessExecuteWriteReq  gattservapp.o
    0x11025088   0x11025088   0x000000f4   Code   RO         1886    i.gattServApp_ProcessFindByTypeValueReq  gattservapp.o
    0x1102517c   0x1102517c   0x0000015c   Code   RO         1887    i.gattServApp_ProcessMsg  gattservapp.o
    0x110252d8   0x110252d8   0x000000a0   Code   RO         1888    i.gattServApp_ProcessPrepareWriteReq  gattservapp.o
    0x11025378   0x11025378   0x00000158   Code   RO         1889    i.gattServApp_ProcessReadByGrpTypeReq  gattservapp.o
    0x110254d0   0x110254d0   0x00000140   Code   RO         1890    i.gattServApp_ProcessReadByTypeReq  gattservapp.o
    0x11025610   0x11025610   0x000000e0   Code   RO         1891    i.gattServApp_ProcessReadMultiReq  gattservapp.o
    0x110256f0   0x110256f0   0x0000007a   Code   RO         1892    i.gattServApp_ProcessWriteReq  gattservapp.o
    0x1102576a   0x1102576a   0x00000002   PAD
    0x1102576c   0x1102576c   0x00000078   Code   RO         1894    i.gattServApp_SetNumPrepareWrites  gattservapp.o
    0x110257e4   0x110257e4   0x00000030   Code   RO         1895    i.gattServApp_WriteAttrCB  gattservapp.o
    0x11025814   0x11025814   0x00000080   Code   RO         3050    i.gattServerHandleConnStatusCB  ble_host.lib(gatt_server.o)
    0x11025894   0x11025894   0x0000002a   Code   RO         3051    i.gattServerHandleTimerCB  ble_host.lib(gatt_server.o)
    0x110258be   0x110258be   0x00000002   PAD
    0x110258c0   0x110258c0   0x000000d0   Code   RO         3052    i.gattServerProcessMsgCB  ble_host.lib(gatt_server.o)
    0x11025990   0x11025990   0x00000018   Code   RO         3053    i.gattServiceLastHandle  ble_host.lib(gatt_server.o)
    0x110259a8   0x110259a8   0x00000010   Code   RO         3099    i.gattStartTimer    ble_host.lib(gatt_task.o)
    0x110259b8   0x110259b8   0x0000001a   Code   RO         3100    i.gattStopTimer     ble_host.lib(gatt_task.o)
    0x110259d2   0x110259d2   0x00000002   PAD
    0x110259d4   0x110259d4   0x00000098   Code   RO         3451    i.generate_subkey   ble_host.lib(sm_mgr.o)
    0x11025a6c   0x11025a6c   0x000000c2   Code   RO         1701    i.ggs_ReadAttrCB    gapgattserver.o
    0x11025b2e   0x11025b2e   0x00000058   Code   RO         1702    i.ggs_SetAttrWPermit  gapgattserver.o
    0x11025b86   0x11025b86   0x00000002   PAD
    0x11025b88   0x11025b88   0x000000e4   Code   RO         1703    i.ggs_WriteAttrCB   gapgattserver.o
    0x11025c6c   0x11025c6c   0x00000030   Code   RO          935    i.hal_pwm_close_channel  pwm.o
    0x11025c9c   0x11025c9c   0x00000054   Code   RO          936    i.hal_pwm_destroy   pwm.o
    0x11025cf0   0x11025cf0   0x00000064   Code   RO          937    i.hal_pwm_init      pwm.o
    0x11025d54   0x11025d54   0x00000030   Code   RO          940    i.hal_pwm_open_channel  pwm.o
    0x11025d84   0x11025d84   0x00000038   Code   RO          941    i.hal_pwm_set_count_val  pwm.o
    0x11025dbc   0x11025dbc   0x00000030   Code   RO          942    i.hal_pwm_start     pwm.o
    0x11025dec   0x11025dec   0x00000038   Code   RO          943    i.hal_pwm_stop      pwm.o
    0x11025e24   0x11025e24   0x00000070   Code   RO         2090    i.handleConnStatusCB  ota_app_service.o
    0x11025e94   0x11025e94   0x0000002c   Code   RO         2968    i.isLimitedDiscoverableMode  ble_host.lib(gap_peridevmgr.o)
    0x11025ec0   0x11025ec0   0x00000068   Code   RO         3150    i.l2capProcessRsp   ble_host.lib(l2cap_task.o)
    0x11025f28   0x11025f28   0x00000094   Code   RO         3151    i.l2capProcessRxData  ble_host.lib(l2cap_task.o)
    0x11025fbc   0x11025fbc   0x000000a8   Code   RO         3152    i.l2capProcessSignal  ble_host.lib(l2cap_task.o)
    0x11026064   0x11026064   0x0000001c   Code   RO         3452    i.leftshift_onebit  ble_host.lib(sm_mgr.o)
    0x11026080   0x11026080   0x0000006e   Code   RO         1037    i.light_color_quickSet  led_light.o
    0x110260ee   0x110260ee   0x00000002   PAD
    0x110260f0   0x110260f0   0x00000020   Code   RO         1038    i.light_config      led_light.o
    0x11026110   0x11026110   0x0000013c   Code   RO         1041    i.light_reflash     led_light.o
    0x1102624c   0x1102624c   0x00000054   Code   RO         3164    i.linkDB_Add        ble_host.lib(linkdb.o)
    0x110262a0   0x110262a0   0x0000004c   Code   RO         3165    i.linkDB_Authen     ble_host.lib(linkdb.o)
    0x110262ec   0x110262ec   0x00000028   Code   RO         3166    i.linkDB_Find       ble_host.lib(linkdb.o)
    0x11026314   0x11026314   0x00000038   Code   RO         3167    i.linkDB_FindFirst  ble_host.lib(linkdb.o)
    0x1102634c   0x1102634c   0x0000003c   Code   RO         3168    i.linkDB_Init       ble_host.lib(linkdb.o)
    0x11026388   0x11026388   0x00000024   Code   RO         3169    i.linkDB_NumActive  ble_host.lib(linkdb.o)
    0x110263ac   0x110263ac   0x0000002c   Code   RO         3170    i.linkDB_PerformFunc  ble_host.lib(linkdb.o)
    0x110263d8   0x110263d8   0x00000024   Code   RO         3171    i.linkDB_Register   ble_host.lib(linkdb.o)
    0x110263fc   0x110263fc   0x00000036   Code   RO         3172    i.linkDB_Remove     ble_host.lib(linkdb.o)
    0x11026432   0x11026432   0x00000002   PAD
    0x11026434   0x11026434   0x00000024   Code   RO         3173    i.linkDB_State      ble_host.lib(linkdb.o)
    0x11026458   0x11026458   0x0000007c   Code   RO         2091    i.load_ota_version  ota_app_service.o
    0x110264d4   0x110264d4   0x00000268   Code   RO          789    i.log_vsprintf      my_printf.o
    0x1102673c   0x1102673c   0x00000168   Code   RO          790    i.number            my_printf.o
    0x110268a4   0x110268a4   0x00000070   Code   RO         2311    i.osalInitTasks     osal_simplebleperipheral.o
    0x11026914   0x11026914   0x00000004   Code   RO         1109    i.osal_snv_compact  osal_snv.o
    0x11026918   0x11026918   0x00000058   Code   RO         1111    i.osal_snv_read     osal_snv.o
    0x11026970   0x11026970   0x00000074   Code   RO         1112    i.osal_snv_write    osal_snv.o
    0x110269e4   0x110269e4   0x00000028   Code   RO         2092    i.ota_ReadAttrCB    ota_app_service.o
    0x11026a0c   0x11026a0c   0x000000a4   Code   RO         2093    i.ota_WriteAttrCB   ota_app_service.o
    0x11026ab0   0x11026ab0   0x0000005c   Code   RO         2094    i.ota_app_AddService  ota_app_service.o
    0x11026b0c   0x11026b0c   0x00000014   Code   RO         2095    i.ota_disconnect_link  ota_app_service.o
    0x11026b20   0x11026b20   0x000000d0   Code   RO         2353    i.peripheralStateNotificationCB  simplebleperipheral.o
    0x11026bf0   0x11026bf0   0x00000002   Code   RO         2354    i.peripheralStateReadRssiCB  simplebleperipheral.o
    0x11026bf2   0x11026bf2   0x00000002   PAD
    0x11026bf4   0x11026bf4   0x00000034   Code   RO         1113    i.print_hex         osal_snv.o
    0x11026c28   0x11026c28   0x000000e4   Code   RO         2098    i.process_cmd       ota_app_service.o
    0x11026d0c   0x11026d0c   0x00000028   Code   RO         3175    i.reportStatusChange  ble_host.lib(linkdb.o)
    0x11026d34   0x11026d34   0x0000006c   Code   RO         2099    i.response          ota_app_service.o
    0x11026da0   0x11026da0   0x00000194   Code   RO         3229    i.ret_check_lenze_app_data  cksys.lib(gattservapp_simple_chsys_1.o)
    0x11026f34   0x11026f34   0x000000d8   Code   RO         2916    i.sendAuthEvent     ble_host.lib(gap_linkmgr.o)
    0x1102700c   0x1102700c   0x0000005a   Code   RO         2917    i.sendEstLinkEvent  ble_host.lib(gap_linkmgr.o)
    0x11027066   0x11027066   0x0000002a   Code   RO         2918    i.sendTerminateEvent  ble_host.lib(gap_linkmgr.o)
    0x11027090   0x11027090   0x00000018   Code   RO         2100    i.set_ota_mode      ota_app_service.o
    0x110270a8   0x110270a8   0x0000037c   Code   RO         2355    i.simpleProfileChangeCB  simplebleperipheral.o
    0x11027424   0x11027424   0x00000030   Code   RO         2195    i.simpleProfile_HandleConnStatusCB  sbpprofile_ota.o
    0x11027454   0x11027454   0x00000068   Code   RO         2196    i.simpleProfile_Notify  sbpprofile_ota.o
    0x110274bc   0x110274bc   0x00000094   Code   RO         2197    i.simpleProfile_ReadAttrCB  sbpprofile_ota.o
    0x11027550   0x11027550   0x00000184   Code   RO         2198    i.simpleProfile_WriteAttrCB  sbpprofile_ota.o
    0x110276d4   0x110276d4   0x00000020   Code   RO          791    i.skip_atoi         my_printf.o
    0x110276f4   0x110276f4   0x00000018   Code   RO         3453    i.smAuthReqToUint8  ble_host.lib(sm_mgr.o)
    0x1102770c   0x1102770c   0x00000028   Code   RO         3503    i.smDetermineKeySize  ble_host.lib(sm_pairing.o)
    0x11027734   0x11027734   0x00000010   Code   RO         3454    i.smEncrypt         ble_host.lib(sm_mgr.o)
    0x11027744   0x11027744   0x00000008   Code   RO         3455    i.smEncryptLocal    ble_host.lib(sm_mgr.o)
    0x1102774c   0x1102774c   0x00000028   Code   RO         3504    i.smEndPairing      ble_host.lib(sm_pairing.o)
    0x11027774   0x11027774   0x00000058   Code   RO         3505    i.smFreePairingParams  ble_host.lib(sm_pairing.o)
    0x110277cc   0x110277cc   0x0000002c   Code   RO         3506    i.smGenerateConfirm  ble_host.lib(sm_pairing.o)
    0x110277f8   0x110277f8   0x0000003c   Code   RO         3507    i.smGeneratePairingReqRsp  ble_host.lib(sm_pairing.o)
    0x11027834   0x11027834   0x00000026   Code   RO         3456    i.smGenerateRandBuf  ble_host.lib(sm_mgr.o)
    0x1102785a   0x1102785a   0x00000002   PAD
    0x1102785c   0x1102785c   0x0000002c   Code   RO         3508    i.smGenerateRandMsg  ble_host.lib(sm_pairing.o)
    0x11027888   0x11027888   0x00000020   Code   RO         3509    i.smLinkCheck       ble_host.lib(sm_pairing.o)
    0x110278a8   0x110278a8   0x00000038   Code   RO         3510    i.smNextPairingState  ble_host.lib(sm_pairing.o)
    0x110278e0   0x110278e0   0x00000014   Code   RO         3511    i.smPairingSendEncInfo  ble_host.lib(sm_pairing.o)
    0x110278f4   0x110278f4   0x00000028   Code   RO         3512    i.smPairingSendIdentityAddrInfo  ble_host.lib(sm_pairing.o)
    0x1102791c   0x1102791c   0x00000014   Code   RO         3513    i.smPairingSendIdentityInfo  ble_host.lib(sm_pairing.o)
    0x11027930   0x11027930   0x0000002c   Code   RO         3514    i.smPairingSendMasterID  ble_host.lib(sm_pairing.o)
    0x1102795c   0x1102795c   0x00000014   Code   RO         3515    i.smPairingSendSingingInfo  ble_host.lib(sm_pairing.o)
    0x11027970   0x11027970   0x0000009a   Code   RO         3516    i.smProcessDataMsg  ble_host.lib(sm_pairing.o)
    0x11027a0a   0x11027a0a   0x00000002   PAD
    0x11027a0c   0x11027a0c   0x000000ac   Code   RO         3517    i.smProcessEncryptChange  ble_host.lib(sm_pairing.o)
    0x11027ab8   0x11027ab8   0x00000094   Code   RO         3218    i.smProcessOSALMsg  ble_host.lib(sm_task.o)
    0x11027b4c   0x11027b4c   0x00000058   Code   RO         3518    i.smProcessPairingReq  ble_host.lib(sm_pairing.o)
    0x11027ba4   0x11027ba4   0x0000007c   Code   RO         3458    i.smProcessRandComplete  ble_host.lib(sm_mgr.o)
    0x11027c20   0x11027c20   0x0000000c   Code   RO         3520    i.smRegisterResponder  ble_host.lib(sm_pairing.o)
    0x11027c2c   0x11027c2c   0x000000e0   Code   RO         3194    i.smResponderProcessLTKReq  ble_host.lib(sm_rsppairing.o)
    0x11027d0c   0x11027d0c   0x0000019c   Code   RO         3195    i.smResponderSendNextKeyInfo  ble_host.lib(sm_rsppairing.o)
    0x11027ea8   0x11027ea8   0x00000164   Code   RO         3521    i.smSavePairInfo    ble_host.lib(sm_pairing.o)
    0x1102800c   0x1102800c   0x00000020   Code   RO         3522    i.smSendFailAndEnd  ble_host.lib(sm_pairing.o)
    0x1102802c   0x1102802c   0x00000044   Code   RO         3561    i.smSendSMMsg       ble_host.lib(smp.o)
    0x11028070   0x11028070   0x0000003c   Code   RO         3523    i.smSetPairingReqRsp  ble_host.lib(sm_pairing.o)
    0x110280ac   0x110280ac   0x00000020   Code   RO         3524    i.smStartEncryption  ble_host.lib(sm_pairing.o)
    0x110280cc   0x110280cc   0x0000001c   Code   RO         3459    i.smStartRspTimer   ble_host.lib(sm_mgr.o)
    0x110280e8   0x110280e8   0x00000014   Code   RO         3460    i.smStopRspTimer    ble_host.lib(sm_mgr.o)
    0x110280fc   0x110280fc   0x0000000a   Code   RO         3525    i.smTimedOut        ble_host.lib(sm_pairing.o)
    0x11028106   0x11028106   0x0000002c   Code   RO         3461    i.smUint8ToAuthReq  ble_host.lib(sm_mgr.o)
    0x11028132   0x11028132   0x00000154   Code   RO         3462    i.sm_CMAC           ble_host.lib(sm_mgr.o)
    0x11028286   0x11028286   0x00000044   Code   RO         3463    i.sm_ah             ble_host.lib(sm_mgr.o)
    0x110282ca   0x110282ca   0x00000002   PAD
    0x110282cc   0x110282cc   0x00000094   Code   RO         3526    i.sm_c1             ble_host.lib(sm_pairing.o)
    0x11028360   0x11028360   0x000000c2   Code   RO         3464    i.sm_c1new          ble_host.lib(sm_mgr.o)
    0x11028422   0x11028422   0x00000040   Code   RO         3467    i.sm_s1             ble_host.lib(sm_mgr.o)
    0x11028462   0x11028462   0x0000001a   Code   RO         3468    i.sm_xor            ble_host.lib(sm_mgr.o)
    0x1102847c   0x1102847c   0x00000022   Code   RO         3562    i.smpBuildEncInfo   ble_host.lib(smp.o)
    0x1102849e   0x1102849e   0x00000026   Code   RO         3563    i.smpBuildIdentityAddrInfo  ble_host.lib(smp.o)
    0x110284c4   0x110284c4   0x00000022   Code   RO         3564    i.smpBuildIdentityInfo  ble_host.lib(smp.o)
    0x110284e6   0x110284e6   0x0000002e   Code   RO         3565    i.smpBuildMasterID  ble_host.lib(smp.o)
    0x11028514   0x11028514   0x00000022   Code   RO         3566    i.smpBuildPairingConfirm  ble_host.lib(smp.o)
    0x11028536   0x11028536   0x00000018   Code   RO         3567    i.smpBuildPairingFailed  ble_host.lib(smp.o)
    0x1102854e   0x1102854e   0x00000022   Code   RO         3568    i.smpBuildPairingRandom  ble_host.lib(smp.o)
    0x11028570   0x11028570   0x0000000e   Code   RO         3569    i.smpBuildPairingReq  ble_host.lib(smp.o)
    0x1102857e   0x1102857e   0x00000084   Code   RO         3570    i.smpBuildPairingReqRsp  ble_host.lib(smp.o)
    0x11028602   0x11028602   0x0000000e   Code   RO         3571    i.smpBuildPairingRsp  ble_host.lib(smp.o)
    0x11028610   0x11028610   0x0000001e   Code   RO         3572    i.smpBuildSecurityReq  ble_host.lib(smp.o)
    0x1102862e   0x1102862e   0x00000022   Code   RO         3573    i.smpBuildSigningInfo  ble_host.lib(smp.o)
    0x11028650   0x11028650   0x0000001e   Code   RO         3574    i.smpParseEncInfo   ble_host.lib(smp.o)
    0x1102866e   0x1102866e   0x00000022   Code   RO         3575    i.smpParseIdentityAddrInfo  ble_host.lib(smp.o)
    0x11028690   0x11028690   0x0000001e   Code   RO         3576    i.smpParseIdentityInfo  ble_host.lib(smp.o)
    0x110286ae   0x110286ae   0x00000028   Code   RO         3577    i.smpParseMasterID  ble_host.lib(smp.o)
    0x110286d6   0x110286d6   0x0000001e   Code   RO         3578    i.smpParsePairingConfirm  ble_host.lib(smp.o)
    0x110286f4   0x110286f4   0x00000020   Code   RO         3579    i.smpParsePairingFailed  ble_host.lib(smp.o)
    0x11028714   0x11028714   0x0000001e   Code   RO         3580    i.smpParsePairingRandom  ble_host.lib(smp.o)
    0x11028732   0x11028732   0x00000002   PAD
    0x11028734   0x11028734   0x000000d4   Code   RO         3581    i.smpParsePairingReq  ble_host.lib(smp.o)
    0x11028808   0x11028808   0x0000001c   Code   RO         3582    i.smpParseSecurityReq  ble_host.lib(smp.o)
    0x11028824   0x11028824   0x0000001e   Code   RO         3583    i.smpParseSigningInfo  ble_host.lib(smp.o)
    0x11028842   0x11028842   0x00000002   PAD
    0x11028844   0x11028844   0x00000044   Code   RO         3527    i.smpProcessIncoming  ble_host.lib(sm_pairing.o)
    0x11028888   0x11028888   0x00000048   Code   RO         3196    i.smpResponderProcessEncryptionInformation  ble_host.lib(sm_rsppairing.o)
    0x110288d0   0x110288d0   0x00000144   Code   RO         3197    i.smpResponderProcessIncoming  ble_host.lib(sm_rsppairing.o)
    0x11028a14   0x11028a14   0x00000060   Code   RO         3198    i.smpResponderProcessMasterID  ble_host.lib(sm_rsppairing.o)
    0x11028a74   0x11028a74   0x00000048   Code   RO         3199    i.smpResponderProcessPairingConfirm  ble_host.lib(sm_rsppairing.o)
    0x11028abc   0x11028abc   0x000000ac   Code   RO         3200    i.smpResponderProcessPairingReq  ble_host.lib(sm_rsppairing.o)
    0x11028b68   0x11028b68   0x0000004c   Code   RO         3201    i.smpResponderProcessSigningInfo  ble_host.lib(sm_rsppairing.o)
    0x11028bb4   0x11028bb4   0x000000d4   Code   RO         2356    i.updateAdvData     simplebleperipheral.o
    0x11028c88   0x11028c88   0x00000016   Code   RO         3469    i.xor_128           ble_host.lib(sm_mgr.o)
    0x11028c9e   0x11028c9e   0x00000002   PAD
    0x11028ca0   0x11028ca0   0x00000010   Data   RO          792    .constdata          my_printf.o
    0x11028cb0   0x11028cb0   0x00000008   Data   RO         1705    .constdata          gapgattserver.o
    0x11028cb8   0x11028cb8   0x0000000c   Data   RO         1706    .constdata          gapgattserver.o
    0x11028cc4   0x11028cc4   0x00000008   Data   RO         1897    .constdata          gattservapp.o
    0x11028ccc   0x11028ccc   0x0000000c   Data   RO         1898    .constdata          gattservapp.o
    0x11028cd8   0x11028cd8   0x00000010   Data   RO         2102    .constdata          ota_app_service.o
    0x11028ce8   0x11028ce8   0x00000010   Data   RO         2103    .constdata          ota_app_service.o
    0x11028cf8   0x11028cf8   0x00000010   Data   RO         2104    .constdata          ota_app_service.o
    0x11028d08   0x11028d08   0x00000008   Data   RO         2105    .constdata          ota_app_service.o
    0x11028d10   0x11028d10   0x0000000c   Data   RO         2106    .constdata          ota_app_service.o
    0x11028d1c   0x11028d1c   0x00000002   Data   RO         2200    .constdata          sbpprofile_ota.o
    0x11028d1e   0x11028d1e   0x00000002   Data   RO         2201    .constdata          sbpprofile_ota.o
    0x11028d20   0x11028d20   0x00000002   Data   RO         2202    .constdata          sbpprofile_ota.o
    0x11028d22   0x11028d22   0x00000002   Data   RO         2203    .constdata          sbpprofile_ota.o
    0x11028d24   0x11028d24   0x00000002   Data   RO         2204    .constdata          sbpprofile_ota.o
    0x11028d26   0x11028d26   0x00000002   Data   RO         2205    .constdata          sbpprofile_ota.o
    0x11028d28   0x11028d28   0x00000002   Data   RO         2206    .constdata          sbpprofile_ota.o
    0x11028d2a   0x11028d2a   0x00000002   Data   RO         2207    .constdata          sbpprofile_ota.o
    0x11028d2c   0x11028d2c   0x00000008   Data   RO         2208    .constdata          sbpprofile_ota.o
    0x11028d34   0x11028d34   0x0000000c   Data   RO         2209    .constdata          sbpprofile_ota.o
    0x11028d40   0x11028d40   0x0000002c   Data   RO         2312    .constdata          osal_simplebleperipheral.o
    0x11028d6c   0x11028d6c   0x00000001   Data   RO         2313    .constdata          osal_simplebleperipheral.o
    0x11028d6d   0x11028d6d   0x00000010   Data   RO         2720    .constdata          ble_host.lib(att_util.o)
    0x11028d7d   0x11028d7d   0x00000003   PAD
    0x11028d80   0x11028d80   0x00000060   Data   RO         3055    .constdata          ble_host.lib(gatt_server.o)
    0x11028de0   0x11028de0   0x0000002a   Data   RO         3117    .constdata          ble_host.lib(gatt_uuid.o)
    0x11028e0a   0x11028e0a   0x00000010   Data   RO         3470    .constdata          ble_host.lib(sm_mgr.o)
    0x11028e1a   0x11028e1a   0x00000019   Data   RO         3528    .constdata          ble_host.lib(sm_pairing.o)
    0x11028e33   0x11028e33   0x00000001   PAD
    0x11028e34   0x11028e34   0x0000004d   Data   RO          793    .conststring        my_printf.o
    0x11028e81   0x11028e81   0x00000003   PAD
    0x11028e84   0x11028e84   0x00000049   Data   RO         2358    .conststring        simplebleperipheral.o


==============================================================================

Image component sizes


      Code (inc. data)   RO Data    RW Data    ZI Data      Debug   Object Name

         0          0          0          0          0      13544   central.o
       412         20          0          0          0       3469   clock.o
       656         66          0          8          0      12994   flash.o
      1936         98          0          8         20      11973   fs.o
        62         16          0          0          0       1157   gap.o
      3340        172          0         36        166      35796   gapbondmgr.o
       678         44         20        131         22       5228   gapgattserver.o
      3696        222         20         77       2580      27399   gattservapp.o
      1376        154        138          0        300      20507   gpio.o
        84         42       1024       1024          0       1640   jump_table.o
       484         20          0          6          0       4921   led_light.o
       592        206        112          1       8224      82087   main.o
      1070         22         93          8          0       6287   my_printf.o
       112          4         45          4          0       2168   osal_simplebleperipheral.o
       260         84          0          0          0       3444   osal_snv.o
       912        254         68        108         36       9790   ota_app_service.o
      2020        182          0         97         63      13156   peripheral.o
       440         54          0         10          0       7699   pwm.o
       508         66          0         24        120       7278   pwrmgr.o
      1004        124         36        456        856      11610   sbpprofile_ota.o
      3134        790         73        119        716      13433   simplebleperipheral.o
        20          0          0          0          0        523   simplebleperipheral_main.o
        20         10          8          0       1024        452   startup_armcm0.o
        16          8          0          4          0        755   system_armcm0.o
        72         16          0          4          0       2201   timer.o
      1124        122         12          0         64      15719   uart.o

    ----------------------------------------------------------------------
     26010       3448       1737       2136      14192     315230   Object Totals
      1956        652         80          0          0          0   (incl. Generated)
        26          0          8         11          1          0   (incl. Padding)

    ----------------------------------------------------------------------

      Code (inc. data)   RO Data    RW Data    ZI Data      Debug   Library Member Name

       356         70          0          0          0        956   att_server.o
      1260         40         16         10         16       1940   att_util.o
       806        110          0         90         28       1184   gap_configmgr.o
       114          4          0          8          0        268   gap_devmgr.o
      2014         72          0         16          0       1516   gap_linkmgr.o
      1360        168          0         28          0       1012   gap_peridevmgr.o
        80         14          0          0          0         72   gap_perilinkmgr.o
       692         74          0         12          0        472   gap_task.o
      1980        122         96          8         36       2000   gatt_server.o
       410         22          0         12          0        568   gatt_task.o
         0          0         42          0          0          0   gatt_uuid.o
       168         18          0          1          0        336   l2cap_if.o
       544         22          0          1         46        384   l2cap_task.o
      2052         80          0          4        916       1792   l2cap_util.o
       562         60          0          0        368        764   linkdb.o
      1700         20         16          4          0       1464   sm_mgr.o
      1948        164         25         12          0       1872   sm_pairing.o
      1480         74          0         12          0        664   sm_rsppairing.o
       280         32          0          1          0        212   sm_task.o
      1032          6          0          0          0       1564   smp.o
       694         22          0          4          0      19972   gattservapp_simple_chsys_1.o
        86          0          0          0          0          0   __dczerorl2.o
         0          0          0          0          0          0   entry.o
         0          0          0          0          0          0   entry10a.o
         0          0          0          0          0          0   entry11a.o
         8          4          0          0          0          0   entry2.o
         4          0          0          0          0          0   entry5.o
         0          0          0          0          0          0   entry7b.o
         0          0          0          0          0          0   entry8b.o
         8          4          0          0          0          0   entry9a.o
        30          0          0          0          0          0   handlers.o
        40          0          0          0          0         72   idiv.o
        36          8          0          0          0         68   init.o
        36          0          0          0          0         60   memcpya.o
        36          0          0          0          0        100   memseta.o
       510          8          0          0          0        228   printf3.o
        44          0          0          0          0         72   uidiv.o
      1248        218          0          4          0        640   patch.o
        38          6          0          0          0        136   phy_sec_ext.o
      1728        352          0          0          0        732   rf_phy_driver.o

    ----------------------------------------------------------------------
     23434       1794        199        232       1412      41120   Library Totals
        50          0          4          5          2          0   (incl. Padding)

    ----------------------------------------------------------------------

      Code (inc. data)   RO Data    RW Data    ZI Data      Debug   Library Name

     18838       1172        195        219       1410      19040   ble_host.lib
       694         22          0          4          0      19972   cksys.lib
       838         24          0          0          0        600   mc_p.l
      3014        576          0          4          0       1508   rf.lib

    ----------------------------------------------------------------------
     23434       1794        199        232       1412      41120   Library Totals

    ----------------------------------------------------------------------

==============================================================================


      Code (inc. data)   RO Data    RW Data    ZI Data      Debug   

     49444       5242       1936       2368      15604     335014   Grand Totals
     49444       5242       1936        536      15604     335014   ELF Image Totals (compressed)
     49444       5242       1936        536          0          0   ROM Totals

==============================================================================

    Total RO  Size (Code + RO Data)                51380 (  50.18kB)
    Total RW  Size (RW Data + ZI Data)             17972 (  17.55kB)
    Total ROM Size (Code + RO Data + RW Data)      51916 (  50.70kB)

==============================================================================

