<html>
<body>
<pre>
<h1>µVision Build Log</h1>
<h2>Tool Versions:</h2>
IDE-Version: ¦ÌVision V5.29.0.0
Copyright (C) 2019 ARM Ltd and ARM Germany GmbH. All rights reserved.
License Information: jz li, lenze, LIC=RC963-ACBLP-635MB-29981-IDFAR-1VKX9
 
Tool Versions:
Toolchain:       MDK-ARM Plus  Version: 5.29.0.0
Toolchain Path:  C:\Keil_v5\ARM\ARMCC\Bin
C Compiler:      Armcc.exe V5.06 update 6 (build 750)
Assembler:       Armasm.exe V5.06 update 6 (build 750)
Linker/Locator:  ArmLink.exe V5.06 update 6 (build 750)
Library Manager: ArmAr.exe V5.06 update 6 (build 750)
Hex Converter:   FromElf.exe V5.06 update 6 (build 750)
CPU DLL:         SARMCM3.DLL V5.29.0.0
Dialog DLL:      DARMCM1.DLL V1.19.2.0
Target DLL:      UL2CM3.DLL V1.163.0.0
Dialog DLL:      TARMCM1.DLL V1.14.1.0
 
<h2>Project:</h2>
K:\Project\PHY\17H66\SDK\ST17H66_SDK_5.0.5_200902\example\ble_peripheral\ble_pwm_light\ble_pwm_light.uvprojx
Project File Date:  09/19/2020

<h2>Output:</h2>
*** Using Compiler 'V5.06 update 6 (build 750)', folder: 'C:\Keil_v5\ARM\ARMCC\Bin'
Rebuild target 'Target 1'
compiling cliface.c...
compiling main.c...
compiling pwm.c...
compiling flash.c...
compiling uart.c...
compiling timer.c...
compiling gap.c...
compiling clock.c...
compiling osal_snv.c...
compiling key.c...
compiling my_printf.c...
compiling pwrmgr.c...
compiling central.c...
compiling fs.c...
compiling gpio.c...
compiling gapgattserver.c...
compiling pwm_light_Main.c...
assembling startup_ARMCM0.s...
compiling devinfoservice.c...
compiling jump_table.c...
compiling ota_app_service.c...
compiling system_ARMCM0.c...
compiling peripheral.c...
compiling OSAL_pwm_light.c...
compiling pwmdemo.c...
source\pwmdemo.c(372): warning:  #177-D: label "defualt"  was declared but never referenced
  			 defualt:
source\pwmdemo.c: 1 warning, 0 errors
compiling pwmservice.c...
source\pwmservice.c(207): warning:  #177-D: label "defualt"  was declared but never referenced
  		defualt:
source\pwmservice.c(77): warning:  #550-D: variable "PWMServiceCB"  was set but never used
  static PWMServiceCB_t PWMServiceCB;
source\pwmservice.c: 2 warnings, 0 errors
compiling gapbondmgr.c...
compiling color_mode.c...
compiling gattservapp.c...
linking...
.\scatter_load.sct(46): warning: L6329W: Pattern ota_app_service.O(RO) only matches removed unused sections.
Program Size: Code=45264 RO-data=1944 RW-data=2192 ZI-data=14144  
Finished: 0 information, 1 warning and 0 error messages.
FromELF: creating hex file...
After Build - User command #1: fromelf.exe .\Objects\ble_pwm_light.axf --i32combined --output .\bin\ble_pwm_light.hex
After Build - User command #2: fromelf -c -a -d -e -v -o ble_pwm_light.asm ./Objects/ble_pwm_light.axf
".\Objects\ble_pwm_light.axf" - 0 Error(s), 4 Warning(s).

<h2>Software Packages used:</h2>

Package Vendor: ARM
                http://www.keil.com/pack/ARM.CMSIS.5.6.0.pack
                ARM.CMSIS.5.6.0
                CMSIS (Cortex Microcontroller Software Interface Standard)
   * Component: CORE Version: 5.3.0
   * Component: Startup Version: 1.2.0

<h2>Collection of Component include folders:</h2>
  .\RTE\_Target_1
  C:\Users\jzli\AppData\Local\Arm\Packs\ARM\CMSIS\5.6.0\CMSIS\Core\Include
  C:\Users\jzli\AppData\Local\Arm\Packs\ARM\CMSIS\5.6.0\Device\ARM\ARMCM0\Include

<h2>Collection of Component Files used:</h2>

   * Component: ARM::CMSIS:CORE:5.3.0

   * Component: ARM::Device:Startup:1.2.0
      Include file:  Device\ARM\ARMCM0\Include\ARMCM0.h
      Source file:   Device\ARM\ARMCM0\Source\ARM\startup_ARMCM0.s
      Source file:   Device\ARM\ARMCM0\Source\system_ARMCM0.c
Build Time Elapsed:  00:00:01
</pre>
</body>
</html>
