Component: ARM Compiler 5.05 update 1 (build 106) Tool: armlink [4d0efa]

==============================================================================

Section Cross References

    main.o(i.hal_init) refers to memcpya.o(.text) for __aeabi_memcpy4
    main.o(i.hal_init) refers to gpio.o(i.hal_gpio_pull_set) for hal_gpio_pull_set
    main.o(i.hal_init) refers to pwrmgr.o(i.hal_pwrmgr_RAM_retention) for hal_pwrmgr_RAM_retention
    main.o(i.hal_init) refers to pwrmgr.o(i.hal_pwrmgr_RAM_retention_set) for hal_pwrmgr_RAM_retention_set
    main.o(i.hal_init) refers to pwrmgr.o(i.hal_pwrmgr_LowCurrentLdo_enable) for hal_pwrmgr_LowCurrentLdo_enable
    main.o(i.hal_init) refers to clock.o(i.hal_rtc_clock_config) for hal_rtc_clock_config
    main.o(i.hal_init) refers to pwrmgr.o(i.hal_pwrmgr_init) for hal_pwrmgr_init
    main.o(i.hal_init) refers to flash.o(i.hal_spif_cache_init) for hal_spif_cache_init
    main.o(i.hal_init) refers to my_printf.o(i.dbg_printf_init) for dbg_printf_init
    main.o(i.hal_init) refers to gpio.o(i.hal_gpio_init) for hal_gpio_init
    main.o(i.hal_init) refers to main.o(.constdata) for .constdata
    main.o(i.hal_init) refers to main.o(.data) for .data
    main.o(i.hal_rfphy_init) refers to patch.o(i.hal_rom_boot_init) for hal_rom_boot_init
    main.o(i.hal_rfphy_init) refers to main.o(i.NVIC_SetPriority) for NVIC_SetPriority
    main.o(i.hal_rfphy_init) refers to main.o(.bss) for .bss
    main.o(i.main) refers to patch.o(_section_xip_code_) for init_config
    main.o(i.main) refers to main.o(i.hal_rfphy_init) for hal_rfphy_init
    main.o(i.main) refers to main.o(i.hal_init) for hal_init
    main.o(i.main) refers to simplebleperipheral_main.o(i.app_main) for app_main
    main.o(i.main) refers to main.o(.data) for .data
    uart.o(i.hal_UART0_IRQHandler) refers to uart.o(i.irq_rx_handler) for irq_rx_handler
    uart.o(i.hal_UART0_IRQHandler) refers to uart.o(i.irq_tx_empty_handler) for irq_tx_empty_handler
    uart.o(i.hal_UART1_IRQHandler) refers to uart.o(i.irq_rx_handler) for irq_rx_handler
    uart.o(i.hal_UART1_IRQHandler) refers to uart.o(i.irq_tx_empty_handler) for irq_tx_empty_handler
    uart.o(i.hal_uart_deinit) refers to uart.o(i.uart_hw_deinit) for uart_hw_deinit
    uart.o(i.hal_uart_deinit) refers to memseta.o(.text) for __aeabi_memclr4
    uart.o(i.hal_uart_deinit) refers to pwrmgr.o(i.hal_pwrmgr_unregister) for hal_pwrmgr_unregister
    uart.o(i.hal_uart_deinit) refers to uart.o(.bss) for .bss
    uart.o(i.hal_uart_get_tx_ready) refers to uart.o(.bss) for .bss
    uart.o(i.hal_uart_init) refers to memseta.o(.text) for __aeabi_memclr4
    uart.o(i.hal_uart_init) refers to uart.o(i.uart_hw_init) for uart_hw_init
    uart.o(i.hal_uart_init) refers to pwrmgr.o(i.hal_pwrmgr_register) for hal_pwrmgr_register
    uart.o(i.hal_uart_init) refers to uart.o(.bss) for .bss
    uart.o(i.hal_uart_init) refers to uart.o(i.uart_wakeup_process_1) for uart_wakeup_process_1
    uart.o(i.hal_uart_init) refers to uart.o(i.uart_wakeup_process_0) for uart_wakeup_process_0
    uart.o(i.hal_uart_send_buff) refers to uart.o(i.txmit_buf_use_tx_buf) for txmit_buf_use_tx_buf
    uart.o(i.hal_uart_send_buff) refers to uart.o(i.txmit_buf_polling) for txmit_buf_polling
    uart.o(i.hal_uart_send_buff) refers to uart.o(.bss) for .bss
    uart.o(i.hal_uart_set_tx_buf) refers to uart.o(.bss) for .bss
    uart.o(i.irq_rx_handler) refers to uart.o(.bss) for .bss
    uart.o(i.irq_tx_empty_handler) refers to pwrmgr.o(i.hal_pwrmgr_unlock) for hal_pwrmgr_unlock
    uart.o(i.irq_tx_empty_handler) refers to uart.o(.bss) for .bss
    uart.o(i.irq_tx_empty_handler) refers to uart.o(.constdata) for .constdata
    uart.o(i.txmit_buf_use_tx_buf) refers to memcpya.o(.text) for __aeabi_memcpy
    uart.o(i.txmit_buf_use_tx_buf) refers to pwrmgr.o(i.hal_pwrmgr_lock) for hal_pwrmgr_lock
    uart.o(i.txmit_buf_use_tx_buf) refers to uart.o(.bss) for .bss
    uart.o(i.uart_hw_deinit) refers to gpio.o(i.hal_gpio_fmux) for hal_gpio_fmux
    uart.o(i.uart_hw_deinit) refers to clock.o(i.hal_clk_reset) for hal_clk_reset
    uart.o(i.uart_hw_deinit) refers to clock.o(i.hal_clk_gate_disable) for hal_clk_gate_disable
    uart.o(i.uart_hw_deinit) refers to uart.o(.bss) for .bss
    uart.o(i.uart_hw_init) refers to clock.o(i.hal_clk_gate_enable) for hal_clk_gate_enable
    uart.o(i.uart_hw_init) refers to clock.o(i.hal_clk_reset) for hal_clk_reset
    uart.o(i.uart_hw_init) refers to gpio.o(i.hal_gpio_pull_set) for hal_gpio_pull_set
    uart.o(i.uart_hw_init) refers to gpio.o(i.hal_gpio_fmux_set) for hal_gpio_fmux_set
    uart.o(i.uart_hw_init) refers to uidiv.o(.text) for __aeabi_uidivmod
    uart.o(i.uart_hw_init) refers to uart.o(.bss) for .bss
    uart.o(i.uart_hw_init) refers to uart.o(i.hal_UART1_IRQHandler) for hal_UART1_IRQHandler
    uart.o(i.uart_hw_init) refers to uart.o(i.hal_UART0_IRQHandler) for hal_UART0_IRQHandler
    uart.o(i.uart_wakeup_process_0) refers to uart.o(i.uart_hw_init) for uart_hw_init
[...]
    0x1fff1850   0x1fff1850   0x00000000   Code   RO         4337    .ARM.Collect$$$$0000000F  mc_p.l(entry11a.o)
    0x1fff1850   0x1fff1850   0x00000004   Code   RO         4326    .ARM.Collect$$$$00002712  mc_p.l(entry2.o)
    0x1fff1854   0x1fff1854   0x00000014   Code   RO         3030    .text               startup_armcm0.o
    0x1fff1868   0x1fff1868   0x0000002c   Code   RO         4022    .text               mc_p.l(uidiv.o)
    0x1fff1894   0x1fff1894   0x00000028   Code   RO         4024    .text               mc_p.l(idiv.o)
    0x1fff18bc   0x1fff18bc   0x00000024   Code   RO         4026    .text               mc_p.l(memcpya.o)
    0x1fff18e0   0x1fff18e0   0x00000024   Code   RO         4028    .text               mc_p.l(memseta.o)
    0x1fff1904   0x1fff1904   0x00000024   Code   RO         4359    .text               mc_p.l(init.o)
    0x1fff1928   0x1fff1928   0x00000056   Code   RO         4373    .text               mc_p.l(__dczerorl2.o)
    0x1fff197e   COMPRESSED   0x00000002   PAD
    0x1fff1980   0x1fff1980   0x0000000c   Ven    RO         4375    Veneer$$Code        anon$$obj.o
    0x1fff198c   0x1fff198c   0x0000000c   Ven    RO         4376    Veneer$$Code        anon$$obj.o
    0x1fff1998   0x1fff1998   0x0000000c   Ven    RO         4377    Veneer$$Code        anon$$obj.o
    0x1fff19a4   0x1fff19a4   0x0000000c   Ven    RO         4378    Veneer$$Code        anon$$obj.o
    0x1fff19b0   0x1fff19b0   0x0000000c   Ven    RO         4379    Veneer$$Code        anon$$obj.o
    0x1fff19bc   0x1fff19bc   0x0000000c   Ven    RO         4380    Veneer$$Code        anon$$obj.o
    0x1fff19c8   0x1fff19c8   0x0000000c   Ven    RO         4381    Veneer$$Code        anon$$obj.o
    0x1fff19d4   0x1fff19d4   0x0000000c   Ven    RO         4382    Veneer$$Code        anon$$obj.o
    0x1fff19e0   0x1fff19e0   0x0000000c   Ven    RO         4383    Veneer$$Code        anon$$obj.o
    0x1fff19ec   0x1fff19ec   0x0000000c   Ven    RO         4384    Veneer$$Code        anon$$obj.o
    0x1fff19f8   0x1fff19f8   0x0000000c   Ven    RO         4385    Veneer$$Code        anon$$obj.o
    0x1fff1a04   0x1fff1a04   0x0000000c   Ven    RO         4386    Veneer$$Code        anon$$obj.o
    0x1fff1a10   0x1fff1a10   0x0000000c   Ven    RO         4387    Veneer$$Code        anon$$obj.o
    0x1fff1a1c   0x1fff1a1c   0x0000000c   Ven    RO         4388    Veneer$$Code        anon$$obj.o
    0x1fff1a28   0x1fff1a28   0x0000000c   Ven    RO         4389    Veneer$$Code        anon$$obj.o
    0x1fff1a34   0x1fff1a34   0x0000000c   Ven    RO         4390    Veneer$$Code        anon$$obj.o
    0x1fff1a40   0x1fff1a40   0x0000000c   Ven    RO         4391    Veneer$$Code        anon$$obj.o
    0x1fff1a4c   0x1fff1a4c   0x0000000c   Ven    RO         4392    Veneer$$Code        anon$$obj.o
    0x1fff1a58   0x1fff1a58   0x0000000c   Ven    RO         4393    Veneer$$Code        anon$$obj.o
    0x1fff1a64   0x1fff1a64   0x0000000c   Ven    RO         4394    Veneer$$Code        anon$$obj.o
    0x1fff1a70   0x1fff1a70   0x0000000c   Ven    RO         4395    Veneer$$Code        anon$$obj.o
    0x1fff1a7c   0x1fff1a7c   0x0000000c   Ven    RO         4396    Veneer$$Code        anon$$obj.o
    0x1fff1a88   0x1fff1a88   0x0000000c   Ven    RO         4397    Veneer$$Code        anon$$obj.o
    0x1fff1a94   0x1fff1a94   0x0000000c   Ven    RO         4398    Veneer$$Code        anon$$obj.o
    0x1fff1aa0   0x1fff1aa0   0x0000000c   Ven    RO         4399    Veneer$$Code        anon$$obj.o
    0x1fff1aac   0x1fff1aac   0x0000000c   Ven    RO         4400    Veneer$$Code        anon$$obj.o
    0x1fff1ab8   0x1fff1ab8   0x0000000c   Ven    RO         4401    Veneer$$Code        anon$$obj.o
    0x1fff1ac4   0x1fff1ac4   0x0000000c   Ven    RO         4402    Veneer$$Code        anon$$obj.o
    0x1fff1ad0   0x1fff1ad0   0x0000000c   Ven    RO         4403    Veneer$$Code        anon$$obj.o
    0x1fff1adc   0x1fff1adc   0x0000000c   Ven    RO         4404    Veneer$$Code        anon$$obj.o
    0x1fff1ae8   0x1fff1ae8   0x0000000c   Ven    RO         4405    Veneer$$Code        anon$$obj.o
    0x1fff1af4   0x1fff1af4   0x0000000c   Ven    RO         4406    Veneer$$Code        anon$$obj.o
    0x1fff1b00   0x1fff1b00   0x0000000c   Ven    RO         4407    Veneer$$Code        anon$$obj.o
    0x1fff1b0c   0x1fff1b0c   0x0000000c   Ven    RO         4408    Veneer$$Code        anon$$obj.o
    0x1fff1b18   0x1fff1b18   0x0000000c   Ven    RO         4409    Veneer$$Code        anon$$obj.o
    0x1fff1b24   0x1fff1b24   0x0000000c   Ven    RO         4410    Veneer$$Code        anon$$obj.o
    0x1fff1b30   0x1fff1b30   0x0000000c   Ven    RO         4411    Veneer$$Code        anon$$obj.o
    0x1fff1b3c   0x1fff1b3c   0x0000000c   Ven    RO         4412    Veneer$$Code        anon$$obj.o
    0x1fff1b48   0x1fff1b48   0x0000000c   Ven    RO         4413    Veneer$$Code        anon$$obj.o
    0x1fff1b54   0x1fff1b54   0x0000000c   Ven    RO         4414    Veneer$$Code        anon$$obj.o
    0x1fff1b60   0x1fff1b60   0x0000000c   Ven    RO         4415    Veneer$$Code        anon$$obj.o
    0x1fff1b6c   0x1fff1b6c   0x0000000c   Ven    RO         4416    Veneer$$Code        anon$$obj.o
    0x1fff1b78   0x1fff1b78   0x0000000c   Ven    RO         4417    Veneer$$Code        anon$$obj.o
    0x1fff1b84   0x1fff1b84   0x0000000c   Ven    RO         4418    Veneer$$Code        anon$$obj.o
    0x1fff1b90   0x1fff1b90   0x0000000c   Ven    RO         4419    Veneer$$Code        anon$$obj.o
    0x1fff1b9c   0x1fff1b9c   0x0000000c   Ven    RO         4420    Veneer$$Code        anon$$obj.o
    0x1fff1ba8   0x1fff1ba8   0x0000000c   Ven    RO         4421    Veneer$$Code        anon$$obj.o
    0x1fff1bb4   0x1fff1bb4   0x0000000c   Ven    RO         4422    Veneer$$Code        anon$$obj.o
    0x1fff1bc0   0x1fff1bc0   0x0000000c   Ven    RO         4423    Veneer$$Code        anon$$obj.o
    0x1fff1bcc   0x1fff1bcc   0x0000000c   Ven    RO         4424    Veneer$$Code        anon$$obj.o
    0x1fff1bd8   0x1fff1bd8   0x0000000c   Ven    RO         4425    Veneer$$Code        anon$$obj.o
    0x1fff1be4   0x1fff1be4   0x0000000c   Ven    RO         4426    Veneer$$Code        anon$$obj.o
    0x1fff1bf0   0x1fff1bf0   0x0000000c   Ven    RO         4427    Veneer$$Code        anon$$obj.o
    0x1fff1bfc   0x1fff1bfc   0x0000000c   Ven    RO         4428    Veneer$$Code        anon$$obj.o
    0x1fff1c08   0x1fff1c08   0x0000000c   Ven    RO         4429    Veneer$$Code        anon$$obj.o
    0x1fff1c14   0x1fff1c14   0x0000000c   Ven    RO         4430    Veneer$$Code        anon$$obj.o
    0x1fff1c20   0x1fff1c20   0x0000000c   Ven    RO         4431    Veneer$$Code        anon$$obj.o
    0x1fff1c2c   0x1fff1c2c   0x0000000c   Ven    RO         4432    Veneer$$Code        anon$$obj.o
    0x1fff1c38   0x1fff1c38   0x0000000c   Ven    RO         4433    Veneer$$Code        anon$$obj.o
    0x1fff1c44   0x1fff1c44   0x0000000c   Ven    RO         4434    Veneer$$Code        anon$$obj.o
    0x1fff1c50   0x1fff1c50   0x0000000c   Ven    RO         4435    Veneer$$Code        anon$$obj.o
    0x1fff1c5c   0x1fff1c5c   0x00000274   Code   RO         3074    _section_xip_code_  rf.lib(patch.o)
    0x1fff1ed0   0x1fff1ed0   0x0000001a   Code   RO         3076    i.LL_ENC_AES128_Encrypt1  rf.lib(patch.o)
    0x1fff1eea   0x1fff1eea   0x0000001a   Code   RO         3077    i.LL_ENC_Decrypt1   rf.lib(patch.o)
    0x1fff1f04   0x1fff1f04   0x0000001a   Code   RO         3078    i.LL_ENC_Encrypt1   rf.lib(patch.o)
    0x1fff1f1e   COMPRESSED   0x00000002   PAD
    0x1fff1f20   0x1fff1f20   0x000000bc   Code   RO         3079    i.LL_IRQHandler1    rf.lib(patch.o)
    0x1fff1fdc   0x1fff1fdc   0x0000003c   Code   RO         3083    i.LL_SetAdvParam1   rf.lib(patch.o)
    0x1fff2018   0x1fff2018   0x00000044   Code   RO            3    i.NVIC_SetPriority  main.o
    0x1fff205c   0x1fff205c   0x00000044   Code   RO          401    i.NVIC_SetPriority  gpio.o
    0x1fff20a0   0x1fff20a0   0x00000010   Code   RO         3037    i.SystemInit        system_armcm0.o
    0x1fff20b0   0x1fff20b0   0x00000028   Code   RO          313    i.WaitMs            clock.o
    0x1fff20d8   0x1fff20d8   0x0000002c   Code   RO          314    i.WaitUs            clock.o
    0x1fff2104   0x1fff2104   0x00000028   Code   RO         4123    i.__0sprintf$3      mc_p.l(printf3.o)
    0x1fff212c   0x1fff212c   0x00000006   Code   RO         3114    i.__psr             rf.lib(patch.o)
    0x1fff2132   0x1fff2132   0x0000000e   Code   RO         4367    i.__scatterload_copy  mc_p.l(handlers.o)
    0x1fff2140   0x1fff2140   0x00000002   Code   RO         4368    i.__scatterload_null  mc_p.l(handlers.o)
    0x1fff2142   0x1fff2142   0x0000000e   Code   RO         4369    i.__scatterload_zeroinit  mc_p.l(handlers.o)
    0x1fff2150   0x1fff2150   0x0000000e   Code   RO         3764    i._efuse_chip_version_check  rf.lib(phy_sec_ext.o)
    0x1fff215e   COMPRESSED   0x00000002   PAD
    0x1fff2160   0x1fff2160   0x000001cc   Code   RO         4128    i._printf_core      mc_p.l(printf3.o)
    0x1fff232c   0x1fff232c   0x00000018   Code   RO         3765    i._rom_sec_boot_init  rf.lib(phy_sec_ext.o)
    0x1fff2344   0x1fff2344   0x00000068   Code   RO         1154    i._spif_wait_nobusy_x  flash.o
    0x1fff23ac   0x1fff23ac   0x0000000a   Code   RO         4130    i._sputc            mc_p.l(printf3.o)
    0x1fff23b6   0x1fff23b6   0x00000014   Code   RO         2955    i.app_main          simplebleperipheral_main.o
    0x1fff23ca   COMPRESSED   0x00000002   PAD
    0x1fff23cc   0x1fff23cc   0x00000020   Code   RO         1236    i.check_addr        fs.o
    0x1fff23ec   0x1fff23ec   0x00000010   Code   RO         1339    i.clear_adcc_cfg    adc.o
    0x1fff23fc   0x1fff23fc   0x0000014c   Code   RO         1237    i.fs_init           fs.o
    0x1fff2548   0x1fff2548   0x00000174   Code   RO         1238    i.fs_search_items   fs.o
    0x1fff26bc   0x1fff26bc   0x0000002c   Code   RO         1239    i.fs_spif_read      fs.o
    0x1fff26e8   0x1fff26e8   0x00000040   Code   RO         1240    i.fs_spif_write     fs.o
    0x1fff2728   0x1fff2728   0x000000c4   Code   RO         1340    i.hal_ADC_IRQHandler  adc.o
    0x1fff27ec   0x1fff27ec   0x00000018   Code   RO          402    i.hal_GPIO_IRQHandler  gpio.o
    0x1fff2804   0x1fff2804   0x00000024   Code   RO          582    i.hal_TIMER5_IRQHandler  timer.o
    0x1fff2828   0x1fff2828   0x00000024   Code   RO          583    i.hal_TIMER6_IRQHandler  timer.o
    0x1fff284c   0x1fff284c   0x00000044   Code   RO          169    i.hal_UART0_IRQHandler  uart.o
    0x1fff2890   0x1fff2890   0x00000044   Code   RO          170    i.hal_UART1_IRQHandler  uart.o
    0x1fff28d4   0x1fff28d4   0x000000ac   Code   RO         1345    i.hal_adc_stop      adc.o
    0x1fff2980   0x1fff2980   0x00000048   Code   RO         1156    i.hal_cache_tag_flush  flash.o
    0x1fff29c8   0x1fff29c8   0x00000034   Code   RO          315    i.hal_clk_gate_disable  clock.o
    0x1fff29fc   0x1fff29fc   0x00000034   Code   RO          316    i.hal_clk_gate_enable  clock.o
    0x1fff2a30   0x1fff2a30   0x0000007a   Code   RO          319    i.hal_clk_reset     clock.o
    0x1fff2aaa   COMPRESSED   0x00000002   PAD
    0x1fff2aac   0x1fff2aac   0x00000060   Code   RO         1159    i.hal_flash_erase_sector  flash.o
    0x1fff2b0c   0x1fff2b0c   0x00000054   Code   RO         1160    i.hal_flash_read    flash.o
    0x1fff2b60   0x1fff2b60   0x0000009c   Code   RO         1161    i.hal_flash_write   flash.o
    0x1fff2bfc   0x1fff2bfc   0x00000108   Code   RO         1242    i.hal_fs_garbage_collect  fs.o
    0x1fff2d04   0x1fff2d04   0x00000048   Code   RO         1243    i.hal_fs_get_free_size  fs.o
    0x1fff2d4c   0x1fff2d4c   0x00000038   Code   RO         1244    i.hal_fs_get_garbage_size  fs.o
    0x1fff2d84   0x1fff2d84   0x000000a4   Code   RO         1247    i.hal_fs_item_del   fs.o
    0x1fff2e28   0x1fff2e28   0x00000024   Code   RO         1248    i.hal_fs_item_find_id  fs.o
    0x1fff2e4c   0x1fff2e4c   0x000000ac   Code   RO         1249    i.hal_fs_item_read  fs.o
    0x1fff2ef8   0x1fff2ef8   0x00000148   Code   RO         1250    i.hal_fs_item_write  fs.o
    0x1fff3040   0x1fff3040   0x00000030   Code   RO          403    i.hal_gpio_cfg_analog_io  gpio.o
    0x1fff3070   0x1fff3070   0x0000001c   Code   RO          407    i.hal_gpio_fmux     gpio.o
    0x1fff308c   0x1fff308c   0x00000038   Code   RO          408    i.hal_gpio_fmux_set  gpio.o
    0x1fff30c4   0x1fff30c4   0x00000060   Code   RO          409    i.hal_gpio_init     gpio.o
    0x1fff3124   0x1fff3124   0x00000040   Code   RO          410    i.hal_gpio_interrupt_enable  gpio.o
    0x1fff3164   0x1fff3164   0x0000001c   Code   RO          411    i.hal_gpio_pin2pin3_control  gpio.o
    0x1fff3180   0x1fff3180   0x00000058   Code   RO          412    i.hal_gpio_pin_init  gpio.o
    0x1fff31d8   0x1fff31d8   0x00000044   Code   RO          413    i.hal_gpio_pull_set  gpio.o
    0x1fff321c   0x1fff321c   0x00000024   Code   RO          414    i.hal_gpio_read     gpio.o
    0x1fff3240   0x1fff3240   0x0000005c   Code   RO          415    i.hal_gpio_retention_enable  gpio.o
    0x1fff329c   0x1fff329c   0x00000048   Code   RO          416    i.hal_gpio_sleep_handler  gpio.o
    0x1fff32e4   0x1fff32e4   0x00000044   Code   RO          417    i.hal_gpio_wakeup_control  gpio.o
    0x1fff3328   0x1fff3328   0x00000090   Code   RO          418    i.hal_gpio_wakeup_handler  gpio.o
    0x1fff33b8   0x1fff33b8   0x00000078   Code   RO          419    i.hal_gpio_wakeup_set  gpio.o
    0x1fff3430   0x1fff3430   0x00000024   Code   RO          420    i.hal_gpio_write    gpio.o
    0x1fff3454   0x1fff3454   0x00000048   Code   RO          421    i.hal_gpioin_disable  gpio.o
    0x1fff349c   0x1fff349c   0x00000064   Code   RO          422    i.hal_gpioin_enable  gpio.o
    0x1fff3500   0x1fff3500   0x00000068   Code   RO          423    i.hal_gpioin_event  gpio.o
    0x1fff3568   0x1fff3568   0x00000024   Code   RO          424    i.hal_gpioin_event_pin  gpio.o
    0x1fff358c   0x1fff358c   0x00000040   Code   RO          425    i.hal_gpioin_register  gpio.o
    0x1fff35cc   0x1fff35cc   0x00000088   Code   RO            4    i.hal_init          main.o
    0x1fff3654   0x1fff3654   0x00000028   Code   RO          320    i.hal_ms_intv       clock.o
    0x1fff367c   0x1fff367c   0x00000014   Code   RO          672    i.hal_pwrmgr_LowCurrentLdo_enable  pwrmgr.o
    0x1fff3690   0x1fff3690   0x00000018   Code   RO          673    i.hal_pwrmgr_RAM_retention  pwrmgr.o
    0x1fff36a8   0x1fff36a8   0x00000020   Code   RO          675    i.hal_pwrmgr_RAM_retention_set  pwrmgr.o
    0x1fff36c8   0x1fff36c8   0x00000030   Code   RO          677    i.hal_pwrmgr_init   pwrmgr.o
    0x1fff36f8   0x1fff36f8   0x00000058   Code   RO          679    i.hal_pwrmgr_lock   pwrmgr.o
    0x1fff3750   0x1fff3750   0x0000003c   Code   RO          681    i.hal_pwrmgr_register  pwrmgr.o
    0x1fff378c   0x1fff378c   0x00000030   Code   RO          682    i.hal_pwrmgr_sleep_process  pwrmgr.o
    0x1fff37bc   0x1fff37bc   0x00000068   Code   RO          683    i.hal_pwrmgr_unlock  pwrmgr.o
    0x1fff3824   0x1fff3824   0x00000054   Code   RO          685    i.hal_pwrmgr_wakeup_process  pwrmgr.o
    0x1fff3878   0x1fff3878   0x00000088   Code   RO            5    i.hal_rfphy_init    main.o
    0x1fff3900   0x1fff3900   0x00000008   Code   RO         3085    i.hal_rom_boot_init  rf.lib(patch.o)
    0x1fff3908   0x1fff3908   0x00000084   Code   RO          321    i.hal_rtc_clock_config  clock.o
    0x1fff398c   0x1fff398c   0x00000020   Code   RO         1163    i.hal_spif_cache_init  flash.o
    0x1fff39ac   0x1fff39ac   0x0000000e   Code   RO          322    i.hal_system_soft_reset  clock.o
    0x1fff39ba   COMPRESSED   0x00000002   PAD
    0x1fff39bc   0x1fff39bc   0x0000000c   Code   RO          323    i.hal_systick       clock.o
    0x1fff39c8   0x1fff39c8   0x00000064   Code   RO          173    i.hal_uart_init     uart.o
    0x1fff3a2c   0x1fff3a2c   0x00000020   Code   RO          174    i.hal_uart_send_buff  uart.o
    0x1fff3a4c   0x1fff3a4c   0x00000054   Code   RO         2836    i.hard_fault        jump_table.o
    0x1fff3aa0   0x1fff3aa0   0x00000070   Code   RO         1164    i.hw_spif_cache_config  flash.o
    0x1fff3b10   0x1fff3b10   0x00000058   Code   RO          177    i.irq_rx_handler    uart.o
    0x1fff3b68   0x1fff3b68   0x00000098   Code   RO          178    i.irq_tx_empty_handler  uart.o
    0x1fff3c00   0x1fff3c00   0x00000118   Code   RO         3087    i.ll_hw_go1         rf.lib(patch.o)
    0x1fff3d18   0x1fff3d18   0x0000002c   Code   RO         2442    i.lxl_SimpleProfile_SetParameter  lxl_gpio_all_init.o
    0x1fff3d44   0x1fff3d44   0x00000054   Code   RO         2446    i.lxl_buzzer_led_ui  lxl_gpio_all_init.o
    0x1fff3d98   0x1fff3d98   0x0000008c   Code   RO         2447    i.lxl_calc_led_ui   lxl_gpio_all_init.o
    0x1fff3e24   0x1fff3e24   0x00000014   Code   RO         2448    i.lxl_clock_time_exceed_func  lxl_gpio_all_init.o
    0x1fff3e38   0x1fff3e38   0x00000084   Code   RO         2360    i.lxl_gpio_charge_count_func  lxl_gpio_adc_count.o
    0x1fff3ebc   0x1fff3ebc   0x00000178   Code   RO         2783    i.lxl_key_all_func  lxl_ui_count_func.o
    0x1fff4034   0x1fff4034   0x0000002c   Code   RO         2449    i.lxl_key_init_task_func  lxl_gpio_all_init.o
    0x1fff4060   0x1fff4060   0x0000006c   Code   RO         2450    i.lxl_led_beep_1    lxl_gpio_all_init.o
    0x1fff40cc   0x1fff40cc   0x00000010   Code   RO         2453    i.lxl_led_enter_mode_1  lxl_gpio_all_init.o
    0x1fff40dc   0x1fff40dc   0x00000098   Code   RO         2785    i.lxl_pin_event_handler_key  lxl_ui_count_func.o
    0x1fff4174   0x1fff4174   0x00000060   Code   RO         2456    i.lxl_power_time_count_time_func  lxl_gpio_all_init.o
    0x1fff41d4   0x1fff41d4   0x0000014c   Code   RO         2457    i.lxl_proc_powerOff_handle  lxl_gpio_all_init.o
    0x1fff4320   0x1fff4320   0x00000090   Code   RO         2458    i.lxl_proc_power_onoff  lxl_gpio_all_init.o
    0x1fff43b0   0x1fff43b0   0x00000002   Code   RO         2683    i.lxl_pwm1_count_value_func  lxl_gpio_sensor_func.o
    0x1fff43b2   COMPRESSED   0x00000002   PAD
    0x1fff43b4   0x1fff43b4   0x00000074   Code   RO         2632    i.lxl_pwm_ctrl      lxl_gpio_pwm_count.o
    0x1fff4428   0x1fff4428   0x00000058   Code   RO         2634    i.lxl_pwm_off       lxl_gpio_pwm_count.o
    0x1fff4480   0x1fff4480   0x00000050   Code   RO         2635    i.lxl_pwm_on        lxl_gpio_pwm_count.o
    0x1fff44d0   0x1fff44d0   0x00000030   Code   RO         2636    i.lxl_pwm_timeout_handle  lxl_gpio_pwm_count.o
    0x1fff4500   0x1fff4500   0x00000034   Code   RO         2724    i.lxl_uart_printf_hex  lxl_log_uart_func.o
    0x1fff4534   0x1fff4534   0x0000013c   Code   RO         2786    i.lxl_ui_all_func   lxl_ui_count_func.o
    0x1fff4670   0x1fff4670   0x00000024   Code   RO         2461    i.lxl_ui_enter_mode  lxl_gpio_all_init.o
    0x1fff4694   0x1fff4694   0x00000044   Code   RO         2462    i.lxl_ui_init_task_func  lxl_gpio_all_init.o
    0x1fff46d8   0x1fff46d8   0x00000030   Code   RO            6    i.main              main.o
    0x1fff4708   0x1fff4708   0x000000f8   Code   RO         2464    i.my_gpio_all_init_func  lxl_gpio_all_init.o
    0x1fff4800   0x1fff4800   0x00000068   Code   RO         3120    i.rc32k_calibration  rf.lib(rf_phy_driver.o)
    0x1fff4868   0x1fff4868   0x00000020   Code   RO         3121    i.rf_calibrate1     rf.lib(rf_phy_driver.o)
    0x1fff4888   0x1fff4888   0x00000114   Code   RO         3122    i.rf_phy_ana_cfg    rf.lib(rf_phy_driver.o)
    0x1fff499c   0x1fff499c   0x00000180   Code   RO         3123    i.rf_phy_bb_cfg     rf.lib(rf_phy_driver.o)
    0x1fff4b1c   0x1fff4b1c   0x00000094   Code   RO         3124    i.rf_phy_change_cfg0  rf.lib(rf_phy_driver.o)
    0x1fff4bb0   0x1fff4bb0   0x0000003c   Code   RO         3133    i.rf_phy_ini        rf.lib(rf_phy_driver.o)
    0x1fff4bec   0x1fff4bec   0x00000074   Code   RO         3134    i.rf_phy_set_txPower  rf.lib(rf_phy_driver.o)
    0x1fff4c60   0x1fff4c60   0x00000120   Code   RO         3135    i.rf_rxDcoc_cfg     rf.lib(rf_phy_driver.o)
    0x1fff4d80   0x1fff4d80   0x0000004c   Code   RO         3138    i.rf_tpCal_gen_cap_arrary  rf.lib(rf_phy_driver.o)
    0x1fff4dcc   0x1fff4dcc   0x000000f4   Code   RO         3139    i.rf_tp_cal         rf.lib(rf_phy_driver.o)
    0x1fff4ec0   0x1fff4ec0   0x0000006c   Code   RO          179    i.txmit_buf_polling  uart.o
    0x1fff4f2c   0x1fff4f2c   0x00000098   Code   RO          180    i.txmit_buf_use_tx_buf  uart.o
    0x1fff4fc4   0x1fff4fc4   0x00000150   Code   RO          182    i.uart_hw_init      uart.o
    0x1fff5114   0x1fff5114   0x0000000a   Code   RO          183    i.uart_wakeup_process_0  uart.o
    0x1fff511e   0x1fff511e   0x0000000a   Code   RO          184    i.uart_wakeup_process_1  uart.o
    0x1fff5128   0x1fff5128   0x0000001c   Data   RO            8    .constdata          main.o
    0x1fff5144   0x1fff5144   0x0000000c   Data   RO          186    .constdata          uart.o
    0x1fff5150   0x1fff5150   0x0000008a   Data   RO          430    .constdata          gpio.o
    0x1fff51da   COMPRESSED   0x00000002   PAD
    0x1fff51dc   0x1fff51dc   0x00000050   Data   RO         4365    Region$$Table       anon$$obj.o
    0x1fff522c   COMPRESSED   0x00000001   Data   RW            9    .data               main.o
    0x1fff522d   COMPRESSED   0x00000003   PAD
    0x1fff5230   COMPRESSED   0x00000004   Data   RW          594    .data               timer.o
    0x1fff5234   COMPRESSED   0x00000018   Data   RW          687    .data               pwrmgr.o
    0x1fff524c   COMPRESSED   0x00000008   Data   RW          793    .data               my_printf.o
    0x1fff5254   COMPRESSED   0x0000000a   Data   RW          943    .data               pwm.o
    0x1fff525e   COMPRESSED   0x00000002   PAD
    0x1fff5260   COMPRESSED   0x00000008   Data   RW         1165    .data               flash.o
    0x1fff5268   COMPRESSED   0x00000008   Data   RW         1252    .data               fs.o
    0x1fff5270   COMPRESSED   0x0000000f   Data   RW         1349    .data               adc.o
    0x1fff527f   COMPRESSED   0x00000001   PAD
    0x1fff5280   COMPRESSED   0x00000024   Data   RW         1604    .data               gapbondmgr.o
    0x1fff52a4   COMPRESSED   0x00000080   Data   RW         1778    .data               gapgattserver.o
    0x1fff5324   COMPRESSED   0x00000001   Data   RW         1779    .data               gapgattserver.o
    0x1fff5325   COMPRESSED   0x00000001   Data   RW         1780    .data               gapgattserver.o
    0x1fff5326   COMPRESSED   0x00000001   Data   RW         1781    .data               gapgattserver.o
    0x1fff5327   COMPRESSED   0x00000001   PAD
    0x1fff5328   COMPRESSED   0x00000061   Data   RW         1857    .data               peripheral.o
    0x1fff5389   COMPRESSED   0x00000003   PAD
    0x1fff538c   COMPRESSED   0x0000004c   Data   RW         1970    .data               gattservapp.o
    0x1fff53d8   COMPRESSED   0x00000001   Data   RW         1971    .data               gattservapp.o
    0x1fff53d9   COMPRESSED   0x00000001   Data   RW         2178    .data               ota_app_service.o
    0x1fff53da   COMPRESSED   0x00000001   Data   RW         2179    .data               ota_app_service.o
    0x1fff53db   COMPRESSED   0x00000001   Data   RW         2180    .data               ota_app_service.o
    0x1fff53dc   COMPRESSED   0x00000001   Data   RW         2181    .data               ota_app_service.o
    0x1fff53dd   COMPRESSED   0x00000003   PAD
    0x1fff53e0   COMPRESSED   0x00000068   Data   RW         2182    .data               ota_app_service.o
    0x1fff5448   COMPRESSED   0x00000068   Data   RW         2282    .data               sbpprofile_ota.o
    0x1fff54b0   COMPRESSED   0x00000001   Data   RW         2283    .data               sbpprofile_ota.o
    0x1fff54b1   COMPRESSED   0x00000001   Data   RW         2284    .data               sbpprofile_ota.o
    0x1fff54b2   COMPRESSED   0x00000002   PAD
    0x1fff54b4   COMPRESSED   0x0000000c   Data   RW         2365    .data               lxl_gpio_adc_count.o
    0x1fff54c0   COMPRESSED   0x00000058   Data   RW         2465    .data               lxl_gpio_all_init.o
    0x1fff5518   COMPRESSED   0x0000001e   Data   RW         2466    .data               lxl_gpio_all_init.o
    0x1fff5536   COMPRESSED   0x00000006   Data   RW         2637    .data               lxl_gpio_pwm_count.o
    0x1fff553c   COMPRESSED   0x00000018   Data   RW         2787    .data               lxl_ui_count_func.o
    0x1fff5554   COMPRESSED   0x00000004   Data   RW         2862    .data               osal_simplebleperipheral.o
    0x1fff5558   COMPRESSED   0x0000005b   Data   RW         2904    .data               simplebleperipheral.o
    0x1fff55b3   COMPRESSED   0x00000001   PAD
    0x1fff55b4   COMPRESSED   0x00000004   Data   RW         3038    .data               system_armcm0.o
    0x1fff55b8   COMPRESSED   0x00000004   Data   RW         3093    .data               rf.lib(patch.o)
    0x1fff55bc   COMPRESSED   0x00000006   Data   RW         3258    .data               ble_host.lib(att_util.o)
    0x1fff55c2   COMPRESSED   0x00000004   Data   RW         3259    .data               ble_host.lib(att_util.o)
    0x1fff55c6   COMPRESSED   0x0000005a   Data   RW         3394    .data               ble_host.lib(gap_configmgr.o)
    0x1fff5620   COMPRESSED   0x00000008   Data   RW         3424    .data               ble_host.lib(gap_devmgr.o)
    0x1fff5628   COMPRESSED   0x00000010   Data   RW         3456    .data               ble_host.lib(gap_linkmgr.o)
    0x1fff5638   COMPRESSED   0x0000001c   Data   RW         3506    .data               ble_host.lib(gap_peridevmgr.o)
    0x1fff5654   COMPRESSED   0x0000000c   Data   RW         3548    .data               ble_host.lib(gap_task.o)
    0x1fff5660   COMPRESSED   0x00000008   Data   RW         3593    .data               ble_host.lib(gatt_server.o)
    0x1fff5668   COMPRESSED   0x0000000c   Data   RW         3638    .data               ble_host.lib(gatt_task.o)
    0x1fff5674   COMPRESSED   0x00000001   Data   RW         3670    .data               ble_host.lib(l2cap_if.o)
    0x1fff5675   COMPRESSED   0x00000001   Data   RW         3691    .data               ble_host.lib(l2cap_task.o)
    0x1fff5676   COMPRESSED   0x00000002   PAD
    0x1fff5678   COMPRESSED   0x0000000c   Data   RW         3739    .data               ble_host.lib(sm_rsppairing.o)
    0x1fff5684   COMPRESSED   0x00000001   Data   RW         3756    .data               ble_host.lib(sm_task.o)
    0x1fff5685   COMPRESSED   0x00000001   PAD
    0x1fff5686   COMPRESSED   0x00000004   Data   RW         3816    .data               ble_host.lib(l2cap_util.o)
    0x1fff568a   COMPRESSED   0x00000002   PAD
    0x1fff568c   COMPRESSED   0x00000004   Data   RW         3881    .data               ble_host.lib(sm_mgr.o)
    0x1fff5690   COMPRESSED   0x0000000c   Data   RW         3939    .data               ble_host.lib(sm_pairing.o)
    0x1fff569c        -       0x00002020   Zero   RW            7    .bss                main.o
    0x1fff76bc        -       0x00000040   Zero   RW          185    .bss                uart.o
    0x1fff76fc        -       0x0000012c   Zero   RW          429    .bss                gpio.o
    0x1fff7828        -       0x00000078   Zero   RW          686    .bss                pwrmgr.o
    0x1fff78a0        -       0x00000014   Zero   RW         1251    .bss                fs.o
    0x1fff78b4        -       0x00000028   Zero   RW         1348    .bss                adc.o
    0x1fff78dc        -       0x000000a6   Zero   RW         1603    .bss                gapbondmgr.o
    0x1fff7982        -       0x00000016   Zero   RW         1775    .bss                gapgattserver.o
    0x1fff7998        -       0x0000003f   Zero   RW         1856    .bss                peripheral.o
    0x1fff79d7   COMPRESSED   0x00000001   PAD
    0x1fff79d8        -       0x00000a14   Zero   RW         1967    .bss                gattservapp.o
    0x1fff83ec        -       0x00000024   Zero   RW         2172    .bss                ota_app_service.o
    0x1fff8410        -       0x0000023e   Zero   RW         2270    .bss                sbpprofile_ota.o
    0x1fff864e   COMPRESSED   0x00000002   PAD
    0x1fff8650        -       0x0000000c   Zero   RW         2363    .bss                lxl_gpio_adc_count.o
    0x1fff865c        -       0x0000000a   Zero   RW         2685    .bss                lxl_gpio_sensor_func.o
    0x1fff8666        -       0x000002cc   Zero   RW         2903    .bss                simplebleperipheral.o
    0x1fff8932        -       0x00000010   Zero   RW         3256    .bss                ble_host.lib(att_util.o)
    0x1fff8942   COMPRESSED   0x00000002   PAD
    0x1fff8944        -       0x0000001c   Zero   RW         3393    .bss                ble_host.lib(gap_configmgr.o)
    0x1fff8960        -       0x00000024   Zero   RW         3591    .bss                ble_host.lib(gatt_server.o)
    0x1fff8984        -       0x0000002e   Zero   RW         3690    .bss                ble_host.lib(l2cap_task.o)
    0x1fff89b2   COMPRESSED   0x00000002   PAD
    0x1fff89b4        -       0x00000170   Zero   RW         3713    .bss                ble_host.lib(linkdb.o)
    0x1fff8b24        -       0x00000394   Zero   RW         3815    .bss                ble_host.lib(l2cap_util.o)
    0x1fff8eb8        -       0x00000400   Zero   RW         3027    STACK               startup_armcm0.o



  Load Region LR_IROM4 (Base: 0x1fff0000, Size: 0x00000800, Max: 0x00000800, ABSOLUTE, COMPRESSED[0x0000040c])

    Execution Region JUMP_TABLE (Exec base: 0x1fff0000, Load base: 0x1fff0000, Size: 0x00000400, Max: 0x00000400, ABSOLUTE)

    Exec Addr    Load Addr    Size         Type   Attr      Idx    E Section Name        Object

    0x1fff0000   0x1fff0000   0x00000400   Data   RO         2838    jump_table_mem_area  jump_table.o


    Execution Region GOLBAL_CONFIG (Exec base: 0x1fff0400, Load base: 0x1fff0400, Size: 0x00000400, Max: 0x00000400, ABSOLUTE, COMPRESSED[0x0000000c])

    Exec Addr    Load Addr    Size         Type   Attr      Idx    E Section Name        Object

    0x1fff0400   COMPRESSED   0x00000400   Data   RW         2837    global_config_area  jump_table.o



  Load Region LR_IROM3 (Base: 0x11020000, Size: 0x000083e8, Max: 0x00020000, ABSOLUTE)

    Execution Region ER_IROM3 (Exec base: 0x11020000, Load base: 0x11020000, Size: 0x000083e8, Max: 0x00020000, ABSOLUTE)

    Exec Addr    Load Addr    Size         Type   Attr      Idx    E Section Name        Object

    0x11020000   0x11020000   0x0000000c   Ven    RO         4436    Veneer$$Code        anon$$obj.o
    0x1102000c   0x1102000c   0x0000000c   Ven    RO         4437    Veneer$$Code        anon$$obj.o
    0x11020018   0x11020018   0x0000000c   Ven    RO         4438    Veneer$$Code        anon$$obj.o
    0x11020024   0x11020024   0x0000000c   Ven    RO         4439    Veneer$$Code        anon$$obj.o
    0x11020030   0x11020030   0x0000000c   Ven    RO         4440    Veneer$$Code        anon$$obj.o
    0x1102003c   0x1102003c   0x0000000c   Ven    RO         4441    Veneer$$Code        anon$$obj.o
    0x11020048   0x11020048   0x0000000c   Ven    RO         4442    Veneer$$Code        anon$$obj.o
    0x11020054   0x11020054   0x0000000c   Ven    RO         4443    Veneer$$Code        anon$$obj.o
    0x11020060   0x11020060   0x0000000c   Ven    RO         4444    Veneer$$Code        anon$$obj.o
    0x1102006c   0x1102006c   0x0000000c   Ven    RO         4445    Veneer$$Code        anon$$obj.o
    0x11020078   0x11020078   0x0000000c   Ven    RO         4446    Veneer$$Code        anon$$obj.o
    0x11020084   0x11020084   0x0000000c   Ven    RO         4447    Veneer$$Code        anon$$obj.o
    0x11020090   0x11020090   0x0000000c   Ven    RO         4448    Veneer$$Code        anon$$obj.o
    0x1102009c   0x1102009c   0x0000000c   Ven    RO         4449    Veneer$$Code        anon$$obj.o
    0x110200a8   0x110200a8   0x0000000c   Ven    RO         4450    Veneer$$Code        anon$$obj.o
    0x110200b4   0x110200b4   0x0000000c   Ven    RO         4451    Veneer$$Code        anon$$obj.o
    0x110200c0   0x110200c0   0x0000000c   Ven    RO         4452    Veneer$$Code        anon$$obj.o
    0x110200cc   0x110200cc   0x0000000c   Ven    RO         4453    Veneer$$Code        anon$$obj.o
    0x110200d8   0x110200d8   0x0000000c   Ven    RO         4454    Veneer$$Code        anon$$obj.o
    0x110200e4   0x110200e4   0x0000000c   Ven    RO         4455    Veneer$$Code        anon$$obj.o
    0x110200f0   0x110200f0   0x0000000c   Ven    RO         4456    Veneer$$Code        anon$$obj.o
    0x110200fc   0x110200fc   0x0000000c   Ven    RO         4457    Veneer$$Code        anon$$obj.o
    0x11020108   0x11020108   0x0000000c   Ven    RO         4458    Veneer$$Code        anon$$obj.o
    0x11020114   0x11020114   0x0000000c   Ven    RO         4459    Veneer$$Code        anon$$obj.o
    0x11020120   0x11020120   0x0000000c   Ven    RO         4460    Veneer$$Code        anon$$obj.o
    0x1102012c   0x1102012c   0x0000000c   Ven    RO         4461    Veneer$$Code        anon$$obj.o
    0x11020138   0x11020138   0x0000000c   Ven    RO         4462    Veneer$$Code        anon$$obj.o
    0x11020144   0x11020144   0x0000000c   Ven    RO         4463    Veneer$$Code        anon$$obj.o
    0x11020150   0x11020150   0x0000000c   Ven    RO         4464    Veneer$$Code        anon$$obj.o
    0x1102015c   0x1102015c   0x0000000c   Ven    RO         4465    Veneer$$Code        anon$$obj.o
    0x11020168   0x11020168   0x0000000c   Ven    RO         4466    Veneer$$Code        anon$$obj.o
    0x11020174   0x11020174   0x0000000c   Ven    RO         4467    Veneer$$Code        anon$$obj.o
    0x11020180   0x11020180   0x0000000c   Ven    RO         4468    Veneer$$Code        anon$$obj.o
    0x1102018c   0x1102018c   0x0000000c   Ven    RO         4469    Veneer$$Code        anon$$obj.o
    0x11020198   0x11020198   0x0000000c   Ven    RO         4470    Veneer$$Code        anon$$obj.o
    0x110201a4   0x110201a4   0x0000000c   Ven    RO         4471    Veneer$$Code        anon$$obj.o
    0x110201b0   0x110201b0   0x0000000c   Ven    RO         4472    Veneer$$Code        anon$$obj.o
    0x110201bc   0x110201bc   0x0000000c   Ven    RO         4473    Veneer$$Code        anon$$obj.o
    0x110201c8   0x110201c8   0x0000000c   Ven    RO         4474    Veneer$$Code        anon$$obj.o
    0x110201d4   0x110201d4   0x0000000c   Ven    RO         4475    Veneer$$Code        anon$$obj.o
    0x110201e0   0x110201e0   0x0000000c   Ven    RO         4476    Veneer$$Code        anon$$obj.o
    0x110201ec   0x110201ec   0x0000000c   Ven    RO         4477    Veneer$$Code        anon$$obj.o
    0x110201f8   0x110201f8   0x0000000c   Ven    RO         4478    Veneer$$Code        anon$$obj.o
    0x11020204   0x11020204   0x0000000c   Ven    RO         4479    Veneer$$Code        anon$$obj.o
    0x11020210   0x11020210   0x0000000c   Ven    RO         4480    Veneer$$Code        anon$$obj.o
    0x1102021c   0x1102021c   0x0000000c   Ven    RO         4481    Veneer$$Code        anon$$obj.o
    0x11020228   0x11020228   0x0000000c   Ven    RO         4482    Veneer$$Code        anon$$obj.o
    0x11020234   0x11020234   0x0000000c   Ven    RO         4483    Veneer$$Code        anon$$obj.o
    0x11020240   0x11020240   0x0000000c   Ven    RO         4484    Veneer$$Code        anon$$obj.o
    0x1102024c   0x1102024c   0x0000000c   Ven    RO         4485    Veneer$$Code        anon$$obj.o
    0x11020258   0x11020258   0x0000000c   Ven    RO         4486    Veneer$$Code        anon$$obj.o
    0x11020264   0x11020264   0x0000000c   Ven    RO         4487    Veneer$$Code        anon$$obj.o
    0x11020270   0x11020270   0x0000000c   Ven    RO         4488    Veneer$$Code        anon$$obj.o
    0x1102027c   0x1102027c   0x0000000c   Ven    RO         4489    Veneer$$Code        anon$$obj.o
    0x11020288   0x11020288   0x0000000c   Ven    RO         4490    Veneer$$Code        anon$$obj.o
    0x11020294   0x11020294   0x0000000c   Ven    RO         4491    Veneer$$Code        anon$$obj.o
    0x110202a0   0x110202a0   0x0000000c   Ven    RO         4492    Veneer$$Code        anon$$obj.o
    0x110202ac   0x110202ac   0x0000000c   Ven    RO         4493    Veneer$$Code        anon$$obj.o
    0x110202b8   0x110202b8   0x0000000c   Ven    RO         4494    Veneer$$Code        anon$$obj.o
    0x110202c4   0x110202c4   0x0000000c   Ven    RO         4495    Veneer$$Code        anon$$obj.o
    0x110202d0   0x110202d0   0x0000000c   Ven    RO         4496    Veneer$$Code        anon$$obj.o
    0x110202dc   0x110202dc   0x0000000c   Ven    RO         4497    Veneer$$Code        anon$$obj.o
    0x110202e8   0x110202e8   0x0000000c   Ven    RO         4498    Veneer$$Code        anon$$obj.o
    0x110202f4   0x110202f4   0x0000000c   Ven    RO         4499    Veneer$$Code        anon$$obj.o
    0x11020300   0x11020300   0x0000000c   Ven    RO         4500    Veneer$$Code        anon$$obj.o
    0x1102030c   0x1102030c   0x0000000c   Ven    RO         4501    Veneer$$Code        anon$$obj.o
    0x11020318   0x11020318   0x0000000c   Ven    RO         4502    Veneer$$Code        anon$$obj.o
    0x11020324   0x11020324   0x0000000c   Ven    RO         4503    Veneer$$Code        anon$$obj.o
    0x11020330   0x11020330   0x0000000c   Ven    RO         4504    Veneer$$Code        anon$$obj.o
    0x1102033c   0x1102033c   0x0000000c   Ven    RO         4505    Veneer$$Code        anon$$obj.o
    0x11020348   0x11020348   0x0000000c   Ven    RO         4506    Veneer$$Code        anon$$obj.o
    0x11020354   0x11020354   0x0000000c   Ven    RO         4507    Veneer$$Code        anon$$obj.o
    0x11020360   0x11020360   0x0000000c   Ven    RO         4508    Veneer$$Code        anon$$obj.o
    0x1102036c   0x1102036c   0x0000000c   Ven    RO         4509    Veneer$$Code        anon$$obj.o
    0x11020378   0x11020378   0x0000000c   Ven    RO         4510    Veneer$$Code        anon$$obj.o
    0x11020384   0x11020384   0x0000000c   Ven    RO         4511    Veneer$$Code        anon$$obj.o
    0x11020390   0x11020390   0x0000000c   Ven    RO         4512    Veneer$$Code        anon$$obj.o
    0x1102039c   0x1102039c   0x0000000c   Ven    RO         4513    Veneer$$Code        anon$$obj.o
    0x110203a8   0x110203a8   0x0000000c   Ven    RO         4514    Veneer$$Code        anon$$obj.o
    0x110203b4   0x110203b4   0x0000000c   Ven    RO         4515    Veneer$$Code        anon$$obj.o
    0x110203c0   0x110203c0   0x0000000c   Ven    RO         4516    Veneer$$Code        anon$$obj.o
    0x110203cc   0x110203cc   0x0000000c   Ven    RO         4517    Veneer$$Code        anon$$obj.o
    0x110203d8   0x110203d8   0x0000000c   Ven    RO         4518    Veneer$$Code        anon$$obj.o
    0x110203e4   0x110203e4   0x000000a8   Code   RO         3781    _section_sram_code_  ble_host.lib(l2cap_util.o)
    0x1102048c   0x1102048c   0x00000016   Code   RO         3200    i.ATT_BuildErrorRsp  ble_host.lib(att_util.o)
    0x110204a2   0x110204a2   0x0000000e   Code   RO         3202    i.ATT_BuildExchangeMTURsp  ble_host.lib(att_util.o)
    0x110204b0   0x110204b0   0x00000030   Code   RO         3205    i.ATT_BuildFindByTypeValueRsp  ble_host.lib(att_util.o)
    0x110204e0   0x110204e0   0x0000006c   Code   RO         3207    i.ATT_BuildFindInfoRsp  ble_host.lib(att_util.o)
    0x1102054c   0x1102054c   0x0000001e   Code   RO         3208    i.ATT_BuildHandleValueInd  ble_host.lib(att_util.o)
    0x1102056a   0x1102056a   0x00000028   Code   RO         3210    i.ATT_BuildPrepareWriteRsp  ble_host.lib(att_util.o)
    0x11020592   0x11020592   0x00000010   Code   RO         3212    i.ATT_BuildReadBlobRsp  ble_host.lib(att_util.o)
    0x110205a2   0x110205a2   0x0000001a   Code   RO         3213    i.ATT_BuildReadByGrpTypeRsp  ble_host.lib(att_util.o)
    0x110205bc   0x110205bc   0x0000001a   Code   RO         3215    i.ATT_BuildReadByTypeRsp  ble_host.lib(att_util.o)
    0x110205d6   0x110205d6   0x00000010   Code   RO         3217    i.ATT_BuildReadMultiRsp  ble_host.lib(att_util.o)
    0x110205e6   0x110205e6   0x00000010   Code   RO         3219    i.ATT_BuildReadRsp  ble_host.lib(att_util.o)
    0x110205f6   0x110205f6   0x0000004a   Code   RO         3221    i.ATT_CompareUUID   ble_host.lib(att_util.o)
    0x11020640   0x11020640   0x0000002c   Code   RO         3222    i.ATT_ConvertUUIDto128  ble_host.lib(att_util.o)
    0x1102066c   0x1102066c   0x00000014   Code   RO         3168    i.ATT_ErrorRsp      ble_host.lib(att_server.o)
    0x11020680   0x11020680   0x00000040   Code   RO         3169    i.ATT_ExchangeMTURsp  ble_host.lib(att_server.o)
    0x110206c0   0x110206c0   0x0000000e   Code   RO         3170    i.ATT_ExecuteWriteRsp  ble_host.lib(att_server.o)
    0x110206ce   0x110206ce   0x00000002   PAD
    0x110206d0   0x110206d0   0x0000001c   Code   RO         3171    i.ATT_FindByTypeValueRsp  ble_host.lib(att_server.o)
    0x110206ec   0x110206ec   0x00000028   Code   RO         3172    i.ATT_FindInfoRsp   ble_host.lib(att_server.o)
    0x11020714   0x11020714   0x0000000c   Code   RO         3224    i.ATT_GetCurrentMTUSize  ble_host.lib(att_util.o)
    0x11020720   0x11020720   0x00000014   Code   RO         3173    i.ATT_HandleValueInd  ble_host.lib(att_server.o)
    0x11020734   0x11020734   0x00000014   Code   RO         3174    i.ATT_HandleValueNoti  ble_host.lib(att_server.o)
    0x11020748   0x11020748   0x00000018   Code   RO         3226    i.ATT_InitMtuSize   ble_host.lib(att_util.o)
    0x11020760   0x11020760   0x00000018   Code   RO         3228    i.ATT_ParseExchangeMTUReq  ble_host.lib(att_util.o)
    0x11020778   0x11020778   0x00000012   Code   RO         3230    i.ATT_ParseExecuteWriteReq  ble_host.lib(att_util.o)
    0x1102078a   0x1102078a   0x00000048   Code   RO         3232    i.ATT_ParseFindByTypeValueReq  ble_host.lib(att_util.o)
    0x110207d2   0x110207d2   0x00000022   Code   RO         3234    i.ATT_ParseFindInfoReq  ble_host.lib(att_util.o)
    0x110207f4   0x110207f4   0x00000060   Code   RO         3238    i.ATT_ParsePacket   ble_host.lib(att_util.o)
    0x11020854   0x11020854   0x00000038   Code   RO         3239    i.ATT_ParsePrepareWriteReq  ble_host.lib(att_util.o)
    0x1102088c   0x1102088c   0x00000022   Code   RO         3241    i.ATT_ParseReadBlobReq  ble_host.lib(att_util.o)
    0x110208ae   0x110208ae   0x0000003c   Code   RO         3244    i.ATT_ParseReadByTypeReq  ble_host.lib(att_util.o)
    0x110208ea   0x110208ea   0x00000002   PAD
    0x110208ec   0x110208ec   0x00000044   Code   RO         3246    i.ATT_ParseReadMultiReq  ble_host.lib(att_util.o)
    0x11020930   0x11020930   0x00000018   Code   RO         3248    i.ATT_ParseReadReq  ble_host.lib(att_util.o)
    0x11020948   0x11020948   0x00000042   Code   RO         3250    i.ATT_ParseWriteReq  ble_host.lib(att_util.o)
    0x1102098a   0x1102098a   0x00000002   PAD
    0x1102098c   0x1102098c   0x00000014   Code   RO         3175    i.ATT_PrepareWriteRsp  ble_host.lib(att_server.o)
    0x110209a0   0x110209a0   0x00000014   Code   RO         3176    i.ATT_ReadBlobRsp   ble_host.lib(att_server.o)
    0x110209b4   0x110209b4   0x0000001c   Code   RO         3177    i.ATT_ReadByGrpTypeRsp  ble_host.lib(att_server.o)
    0x110209d0   0x110209d0   0x0000001c   Code   RO         3178    i.ATT_ReadByTypeRsp  ble_host.lib(att_server.o)
    0x110209ec   0x110209ec   0x00000014   Code   RO         3179    i.ATT_ReadMultiRsp  ble_host.lib(att_server.o)
    0x11020a00   0x11020a00   0x00000014   Code   RO         3180    i.ATT_ReadRsp       ble_host.lib(att_server.o)
    0x11020a14   0x11020a14   0x0000002c   Code   RO         3252    i.ATT_SetMTUSizeMax  ble_host.lib(att_util.o)
    0x11020a40   0x11020a40   0x00000018   Code   RO         3254    i.ATT_UpdateMtuSize  ble_host.lib(att_util.o)
    0x11020a58   0x11020a58   0x0000000e   Code   RO         3181    i.ATT_WriteRsp      ble_host.lib(att_server.o)
    0x11020a66   0x11020a66   0x00000002   PAD
    0x11020a68   0x11020a68   0x00000010   Code   RO         1576    i.GAPBondMgr_Init   gapbondmgr.o
    0x11020a78   0x11020a78   0x00000140   Code   RO         1577    i.GAPBondMgr_LinkEst  gapbondmgr.o
    0x11020bb8   0x11020bb8   0x000000b0   Code   RO         1579    i.GAPBondMgr_ProcessEvent  gapbondmgr.o
    0x11020c68   0x11020c68   0x000001bc   Code   RO         1580    i.GAPBondMgr_ProcessGAPMsg  gapbondmgr.o
    0x11020e24   0x11020e24   0x0000001c   Code   RO         1581    i.GAPBondMgr_Register  gapbondmgr.o
    0x11020e40   0x11020e40   0x000000b8   Code   RO         1582    i.GAPBondMgr_ResolveAddr  gapbondmgr.o
    0x11020ef8   0x11020ef8   0x0000006c   Code   RO         1583    i.GAPBondMgr_ServiceChangeInd  gapbondmgr.o
    0x11020f64   0x11020f64   0x00000058   Code   RO         1585    i.GAPBondMgr_UpdateCharCfg  gapbondmgr.o
    0x11020fbc   0x11020fbc   0x000000e8   Code   RO         1845    i.GAPRole_GetParameter  peripheral.o
    0x110210a4   0x110210a4   0x00000044   Code   RO         1846    i.GAPRole_Init      peripheral.o
    0x110210e8   0x110210e8   0x000000f4   Code   RO         1847    i.GAPRole_ProcessEvent  peripheral.o
    0x110211dc   0x110211dc   0x00000058   Code   RO         1849    i.GAPRole_SendUpdateParam  peripheral.o
    0x11021234   0x11021234   0x00000214   Code   RO         1850    i.GAPRole_SetParameter  peripheral.o
    0x11021448   0x11021448   0x00000038   Code   RO         1851    i.GAPRole_StartDevice  peripheral.o
    0x11021480   0x11021480   0x00000020   Code   RO         1852    i.GAPRole_TerminateConnection  peripheral.o
    0x110214a0   0x110214a0   0x000000a8   Code   RO         3434    i.GAP_Authenticate  ble_host.lib(gap_linkmgr.o)
    0x11021548   0x11021548   0x00000088   Code   RO         3435    i.GAP_Bond          ble_host.lib(gap_linkmgr.o)
    0x110215d0   0x110215d0   0x0000003e   Code   RO         1554    i.GAP_DeviceInit    gap.o
    0x1102160e   0x1102160e   0x00000002   PAD
    0x11021610   0x11021610   0x00000054   Code   RO         3483    i.GAP_EndDiscoverable  ble_host.lib(gap_peridevmgr.o)
    0x11021664   0x11021664   0x00000018   Code   RO         3374    i.GAP_GetParamValue  ble_host.lib(gap_configmgr.o)
    0x1102167c   0x1102167c   0x00000020   Code   RO         3540    i.GAP_Init          ble_host.lib(gap_task.o)
    0x1102169c   0x1102169c   0x000000c0   Code   RO         3485    i.GAP_MakeDiscoverable  ble_host.lib(gap_peridevmgr.o)
    0x1102175c   0x1102175c   0x00000008   Code   RO         3541    i.GAP_NumActiveConnections  ble_host.lib(gap_task.o)
    0x11021764   0x11021764   0x00000038   Code   RO         3375    i.GAP_ParamsInit    ble_host.lib(gap_configmgr.o)
    0x1102179c   0x1102179c   0x00000048   Code   RO         3436    i.GAP_PasscodeUpdate  ble_host.lib(gap_linkmgr.o)
    0x110217e4   0x110217e4   0x00000048   Code   RO         3486    i.GAP_PeriDevMgrInit  ble_host.lib(gap_peridevmgr.o)
    0x1102182c   0x1102182c   0x000000e0   Code   RO         3542    i.GAP_ProcessEvent  ble_host.lib(gap_task.o)
    0x1102190c   0x1102190c   0x0000000c   Code   RO         3543    i.GAP_RegisterForHCIMsgs  ble_host.lib(gap_task.o)
    0x11021918   0x11021918   0x00000008   Code   RO         3419    i.GAP_ResolvePrivateAddr  ble_host.lib(gap_devmgr.o)
    0x11021920   0x11021920   0x00000040   Code   RO         3376    i.GAP_SecParamsInit  ble_host.lib(gap_configmgr.o)
    0x11021960   0x11021960   0x00000050   Code   RO         3534    i.GAP_SendSlaveSecurityRequest  ble_host.lib(gap_perilinkmgr.o)
    0x110219b0   0x110219b0   0x00000020   Code   RO         3377    i.GAP_SetParamValue  ble_host.lib(gap_configmgr.o)
    0x110219d0   0x110219d0   0x0000004c   Code   RO         3438    i.GAP_Signable      ble_host.lib(gap_linkmgr.o)
    0x11021a1c   0x11021a1c   0x00000020   Code   RO         3439    i.GAP_TerminateAuth  ble_host.lib(gap_linkmgr.o)
    0x11021a3c   0x11021a3c   0x00000080   Code   RO         3440    i.GAP_TerminateLinkReq  ble_host.lib(gap_linkmgr.o)
    0x11021abc   0x11021abc   0x00000074   Code   RO         3490    i.GAP_UpdateAdvertisingData  ble_host.lib(gap_peridevmgr.o)
    0x11021b30   0x11021b30   0x00000022   Code   RO         1932    i.GATTServApp_FindAttr  gattservapp.o
    0x11021b52   0x11021b52   0x00000002   PAD
    0x11021b54   0x11021b54   0x00000050   Code   RO         1935    i.GATTServApp_Init  gattservapp.o
    0x11021ba4   0x11021ba4   0x00000030   Code   RO         1936    i.GATTServApp_InitCharCfg  gattservapp.o
    0x11021bd4   0x11021bd4   0x00000058   Code   RO         1937    i.GATTServApp_ProcessCCCWriteReq  gattservapp.o
    0x11021c2c   0x11021c2c   0x000000a4   Code   RO         1938    i.GATTServApp_ProcessCharCfg  gattservapp.o
    0x11021cd0   0x11021cd0   0x00000038   Code   RO         1939    i.GATTServApp_ProcessEvent  gattservapp.o
    0x11021d08   0x11021d08   0x00000224   Code   RO         1940    i.GATTServApp_ReadAttr  gattservapp.o
    0x11021f2c   0x11021f2c   0x0000000e   Code   RO         1941    i.GATTServApp_ReadCharCfg  gattservapp.o
    0x11021f3a   0x11021f3a   0x00000002   PAD
    0x11021f3c   0x11021f3c   0x0000000c   Code   RO         1942    i.GATTServApp_RegisterForMsg  gattservapp.o
    0x11021f48   0x11021f48   0x0000005c   Code   RO         1943    i.GATTServApp_RegisterService  gattservapp.o
    0x11021fa4   0x11021fa4   0x00000038   Code   RO         1944    i.GATTServApp_SendCCCUpdatedEvent  gattservapp.o
    0x11021fdc   0x11021fdc   0x00000024   Code   RO         1945    i.GATTServApp_SendServiceChangedInd  gattservapp.o
    0x11022000   0x11022000   0x00000018   Code   RO         1948    i.GATTServApp_UpdateCharCfg  gattservapp.o
    0x11022018   0x11022018   0x0000003e   Code   RO         1949    i.GATTServApp_WriteAttr  gattservapp.o
    0x11022056   0x11022056   0x00000002   PAD
    0x11022058   0x11022058   0x0000002c   Code   RO         1950    i.GATTServApp_WriteCharCfg  gattservapp.o
    0x11022084   0x11022084   0x0000002e   Code   RO         3628    i.GATT_AppCompletedMsg  ble_host.lib(gatt_task.o)
    0x110220b2   0x110220b2   0x00000002   PAD
    0x110220b4   0x110220b4   0x0000004c   Code   RO         3562    i.GATT_FindHandle   ble_host.lib(gatt_server.o)
    0x11022100   0x11022100   0x00000064   Code   RO         3563    i.GATT_FindHandleUUID  ble_host.lib(gatt_server.o)
    0x11022164   0x11022164   0x00000094   Code   RO         3564    i.GATT_FindNextAttr  ble_host.lib(gatt_server.o)
    0x110221f8   0x110221f8   0x00000054   Code   RO         3565    i.GATT_Indication   ble_host.lib(gatt_server.o)
    0x1102224c   0x1102224c   0x0000001c   Code   RO         3629    i.GATT_Init         ble_host.lib(gatt_task.o)
    0x11022268   0x11022268   0x00000048   Code   RO         3566    i.GATT_InitServer   ble_host.lib(gatt_server.o)
    0x110222b0   0x110222b0   0x0000002e   Code   RO         3567    i.GATT_Notification  ble_host.lib(gatt_server.o)
    0x110222de   0x110222de   0x00000002   PAD
    0x110222e0   0x110222e0   0x00000034   Code   RO         3630    i.GATT_ProcessEvent  ble_host.lib(gatt_task.o)
    0x11022314   0x11022314   0x0000000c   Code   RO         3568    i.GATT_RegisterForReq  ble_host.lib(gatt_server.o)
    0x11022320   0x11022320   0x000000a8   Code   RO         3569    i.GATT_RegisterService  ble_host.lib(gatt_server.o)
    0x110223c8   0x110223c8   0x00000050   Code   RO         3570    i.GATT_ServiceChangedInd  ble_host.lib(gatt_server.o)
    0x11022418   0x11022418   0x00000020   Code   RO         3571    i.GATT_ServiceNumAttrs  ble_host.lib(gatt_server.o)
    0x11022438   0x11022438   0x00000026   Code   RO         3573    i.GATT_VerifyReadPermissions  ble_host.lib(gatt_server.o)
    0x1102245e   0x1102245e   0x00000042   Code   RO         3574    i.GATT_VerifyWritePermissions  ble_host.lib(gatt_server.o)
    0x110224a0   0x110224a0   0x00000088   Code   RO         1771    i.GGS_SetParameter  gapgattserver.o
    0x11022528   0x11022528   0x00000042   Code   RO         3782    i.L2CAP_BuildCmdReject  ble_host.lib(l2cap_util.o)
    0x1102256a   0x1102256a   0x00000002   PAD
    0x1102256c   0x1102256c   0x00000018   Code   RO         3660    i.L2CAP_CmdReject   ble_host.lib(l2cap_if.o)
    0x11022584   0x11022584   0x00000018   Code   RO         3661    i.L2CAP_ConnParamUpdateReq  ble_host.lib(l2cap_if.o)
    0x1102259c   0x1102259c   0x00000008   Code   RO         3786    i.L2CAP_Fragment_bm_alloc  ble_host.lib(l2cap_util.o)
    0x110225a4   0x110225a4   0x00000018   Code   RO         3664    i.L2CAP_HostNumCompletedPkts  ble_host.lib(l2cap_if.o)
    0x110225bc   0x110225bc   0x00000048   Code   RO         3685    i.L2CAP_Init        ble_host.lib(l2cap_task.o)
    0x11022604   0x11022604   0x00000034   Code   RO         3788    i.L2CAP_ParseParamUpdateReq  ble_host.lib(l2cap_util.o)
    0x11022638   0x11022638   0x00000034   Code   RO         3686    i.L2CAP_ProcessEvent  ble_host.lib(l2cap_task.o)
    0x1102266c   0x1102266c   0x00000028   Code   RO         3789    i.L2CAP_ReassemblePkt_Reset  ble_host.lib(l2cap_util.o)
    0x11022694   0x11022694   0x0000002c   Code   RO         3666    i.L2CAP_RegisterApp  ble_host.lib(l2cap_if.o)
    0x110226c0   0x110226c0   0x00000044   Code   RO         3790    i.L2CAP_SegmentPkt_Reset  ble_host.lib(l2cap_util.o)
    0x11022704   0x11022704   0x00000034   Code   RO         3667    i.L2CAP_SendData    ble_host.lib(l2cap_if.o)
    0x11022738   0x11022738   0x00000018   Code   RO         3791    i.L2CAP_bm_alloc    ble_host.lib(l2cap_util.o)
    0x11022750   0x11022750   0x00000044   Code   RO         3855    i.SM_CalcRandomAddr  ble_host.lib(sm_mgr.o)
    0x11022794   0x11022794   0x0000009a   Code   RO         3857    i.SM_GenerateAuthenSig  ble_host.lib(sm_mgr.o)
    0x1102282e   0x1102282e   0x00000002   PAD
    0x11022830   0x11022830   0x00000024   Code   RO         3753    i.SM_Init           ble_host.lib(sm_task.o)
    0x11022854   0x11022854   0x00000084   Code   RO         3911    i.SM_PasskeyUpdate  ble_host.lib(sm_pairing.o)
    0x110228d8   0x110228d8   0x00000060   Code   RO         3754    i.SM_ProcessEvent   ble_host.lib(sm_task.o)
    0x11022938   0x11022938   0x0000004c   Code   RO         3859    i.SM_ResolveRandomAddrs  ble_host.lib(sm_mgr.o)
    0x11022984   0x11022984   0x00000020   Code   RO         3730    i.SM_ResponderInit  ble_host.lib(sm_rsppairing.o)
    0x110229a4   0x110229a4   0x00000088   Code   RO         3912    i.SM_StartPairing   ble_host.lib(sm_pairing.o)
    0x11022a2c   0x11022a2c   0x000000ce   Code   RO         3860    i.SM_VerifyAuthenSig  ble_host.lib(sm_mgr.o)
    0x11022afa   0x11022afa   0x00000002   PAD
    0x11022afc   0x11022afc   0x00000198   Code   RO         2897    i.SimpleBLEPeripheral_Init  simplebleperipheral.o
    0x11022c94   0x11022c94   0x00000294   Code   RO         2898    i.SimpleBLEPeripheral_ProcessEvent  simplebleperipheral.o
    0x11022f28   0x11022f28   0x0000003c   Code   RO         2262    i.SimpleProfile_AddService  sbpprofile_ota.o
    0x11022f64   0x11022f64   0x0000001a   Code   RO         1091    i.__ARM_common_switch8  led_light.o
    0x11022f7e   0x11022f7e   0x0000000e   Code   RO          785    i._uart_putc        my_printf.o
    0x11022f8c   0x11022f8c   0x0000007c   Code   RO         3255    i.attSendMsg        ble_host.lib(att_util.o)
    0x11023008   0x11023008   0x0000001c   Code   RO          786    i.dbg_printf        my_printf.o
    0x11023024   0x11023024   0x00000014   Code   RO          787    i.dbg_printf_init   my_printf.o
    0x11023038   0x11023038   0x0000001a   Code   RO         3441    i.disconnectNext    ble_host.lib(gap_linkmgr.o)
    0x11023052   0x11023052   0x00000032   Code   RO         3378    i.gapAddAddrAdj     ble_host.lib(gap_configmgr.o)
    0x11023084   0x11023084   0x00000054   Code   RO         3492    i.gapAllocAdvRecs   ble_host.lib(gap_peridevmgr.o)
    0x110230d8   0x110230d8   0x0000001c   Code   RO         1586    i.gapBondFreeAuthEvt  gapbondmgr.o
    0x110230f4   0x110230f4   0x00000138   Code   RO         1587    i.gapBondMgrAddBond  gapbondmgr.o
    0x1102322c   0x1102322c   0x000000e8   Code   RO         1588    i.gapBondMgrAuthenticate  gapbondmgr.o
    0x11023314   0x11023314   0x00000030   Code   RO         1589    i.gapBondMgrBondTotal  gapbondmgr.o
    0x11023344   0x11023344   0x00000058   Code   RO         1590    i.gapBondMgrChangeState  gapbondmgr.o
    0x1102339c   0x1102339c   0x00000018   Code   RO         1591    i.gapBondMgrEraseAllBondings  gapbondmgr.o
    0x110233b4   0x110233b4   0x000000e4   Code   RO         1592    i.gapBondMgrEraseBonding  gapbondmgr.o
    0x11023498   0x11023498   0x00000030   Code   RO         1593    i.gapBondMgrFindAddr  gapbondmgr.o
    0x110234c8   0x110234c8   0x0000001c   Code   RO         1594    i.gapBondMgrFindCharCfgItem  gapbondmgr.o
    0x110234e4   0x110234e4   0x00000036   Code   RO         1595    i.gapBondMgrGetPublicAddr  gapbondmgr.o
    0x1102351a   0x1102351a   0x0000001c   Code   RO         1596    i.gapBondMgrInvertCharCfgItem  gapbondmgr.o
    0x11023536   0x11023536   0x00000002   PAD
    0x11023538   0x11023538   0x0000005c   Code   RO         1597    i.gapBondMgrReadBonds  gapbondmgr.o
    0x11023594   0x11023594   0x00000014   Code   RO         1598    i.gapBondMgrSendServiceChange  gapbondmgr.o
    0x110235a8   0x110235a8   0x000000aa   Code   RO         1599    i.gapBondMgrUpdateCharCfg  gapbondmgr.o
    0x11023652   0x11023652   0x00000002   PAD
    0x11023654   0x11023654   0x00000088   Code   RO         1600    i.gapBondMgr_SyncCharCfg  gapbondmgr.o
    0x110236dc   0x110236dc   0x00000034   Code   RO         1601    i.gapBondMgr_SyncWhiteList  gapbondmgr.o
    0x11023710   0x11023710   0x00000020   Code   RO         1602    i.gapBondSetupPrivFlag  gapbondmgr.o
    0x11023730   0x11023730   0x0000001e   Code   RO         3379    i.gapDetermineAddrType  ble_host.lib(gap_configmgr.o)
    0x1102374e   0x1102374e   0x00000048   Code   RO         3420    i.gapFindADType     ble_host.lib(gap_devmgr.o)
    0x11023796   0x11023796   0x00000002   PAD
    0x11023798   0x11023798   0x00000018   Code   RO         3497    i.gapFreeAdvertState  ble_host.lib(gap_peridevmgr.o)
    0x110237b0   0x110237b0   0x0000003c   Code   RO         3442    i.gapFreeAuthLink   ble_host.lib(gap_linkmgr.o)
    0x110237ec   0x110237ec   0x00000018   Code   RO         3443    i.gapFreeEstLink    ble_host.lib(gap_linkmgr.o)
    0x11023804   0x11023804   0x0000001c   Code   RO         3380    i.gapGetDevAddress  ble_host.lib(gap_configmgr.o)
    0x11023820   0x11023820   0x0000000c   Code   RO         3381    i.gapGetDevAddressMode  ble_host.lib(gap_configmgr.o)
    0x1102382c   0x1102382c   0x0000000c   Code   RO         3382    i.gapGetIRK         ble_host.lib(gap_configmgr.o)
    0x11023838   0x11023838   0x0000000c   Code   RO         3383    i.gapGetSRK         ble_host.lib(gap_configmgr.o)
    0x11023844   0x11023844   0x0000000c   Code   RO         3384    i.gapGetSignCounter  ble_host.lib(gap_configmgr.o)
    0x11023850   0x11023850   0x00000028   Code   RO         3385    i.gapIncSignCounter  ble_host.lib(gap_configmgr.o)
    0x11023878   0x11023878   0x00000010   Code   RO         3421    i.gapIsAdvertising  ble_host.lib(gap_devmgr.o)
    0x11023888   0x11023888   0x00000128   Code   RO         3444    i.gapPairingCompleteCB  ble_host.lib(gap_linkmgr.o)
    0x110239b0   0x110239b0   0x00000064   Code   RO         3445    i.gapPasskeyNeededCB  ble_host.lib(gap_linkmgr.o)
    0x11023a14   0x11023a14   0x00000090   Code   RO         3498    i.gapPeriProcessHCICmdCompleteEvt  ble_host.lib(gap_peridevmgr.o)
    0x11023aa4   0x11023aa4   0x00000080   Code   RO         3499    i.gapProcessAdvertisingEvt  ble_host.lib(gap_peridevmgr.o)
    0x11023b24   0x11023b24   0x00000014   Code   RO         3446    i.gapProcessConnUpdateCompleteEvt  ble_host.lib(gap_linkmgr.o)
    0x11023b38   0x11023b38   0x000000c0   Code   RO         3447    i.gapProcessConnectionCompleteEvt  ble_host.lib(gap_linkmgr.o)
    0x11023bf8   0x11023bf8   0x00000068   Code   RO         3448    i.gapProcessDisconnectCompleteEvt  ble_host.lib(gap_linkmgr.o)
    0x11023c60   0x11023c60   0x000000c0   Code   RO         3544    i.gapProcessHCICmdCompleteEvt  ble_host.lib(gap_task.o)
    0x11023d20   0x11023d20   0x0000002c   Code   RO         3386    i.gapProcessNewAddr  ble_host.lib(gap_configmgr.o)
    0x11023d4c   0x11023d4c   0x000000d4   Code   RO         3545    i.gapProcessOSALMsg  ble_host.lib(gap_task.o)
    0x11023e20   0x11023e20   0x0000006c   Code   RO         3387    i.gapProcessRandomAddrComplete  ble_host.lib(gap_configmgr.o)
    0x11023e8c   0x11023e8c   0x00000044   Code   RO         3388    i.gapReadBD_ADDRStatus  ble_host.lib(gap_configmgr.o)
    0x11023ed0   0x11023ed0   0x0000003c   Code   RO         3389    i.gapReadBufSizeCmdStatus  ble_host.lib(gap_configmgr.o)
    0x11023f0c   0x11023f0c   0x0000000c   Code   RO         3547    i.gapRegisterPeripheral  ble_host.lib(gap_task.o)
    0x11023f18   0x11023f18   0x000001f4   Code   RO         1853    i.gapRole_ProcessGAPMsg  peripheral.o
    0x1102410c   0x1102410c   0x000000b0   Code   RO         1854    i.gapRole_ProcessOSALMsg  peripheral.o
    0x110241bc   0x110241bc   0x0000005c   Code   RO         1855    i.gapRole_startConnUpdate  peripheral.o
    0x11024218   0x11024218   0x00000044   Code   RO         3450    i.gapSendBondCompleteEvent  ble_host.lib(gap_linkmgr.o)
    0x1102425c   0x1102425c   0x00000048   Code   RO         3390    i.gapSendDeviceInitDoneEvent  ble_host.lib(gap_configmgr.o)
    0x110242a4   0x110242a4   0x00000048   Code   RO         3451    i.gapSendLinkUpdateEvent  ble_host.lib(gap_linkmgr.o)
    0x110242ec   0x110242ec   0x0000003c   Code   RO         3500    i.gapSendMakeDiscEvent  ble_host.lib(gap_peridevmgr.o)
    0x11024328   0x11024328   0x0000005c   Code   RO         3452    i.gapSendPairingReqEvent  ble_host.lib(gap_linkmgr.o)
    0x11024384   0x11024384   0x00000088   Code   RO         3501    i.gapSetAdvParams   ble_host.lib(gap_peridevmgr.o)
    0x1102440c   0x1102440c   0x0000002c   Code   RO         3502    i.gapSetAdvParamsStatus  ble_host.lib(gap_peridevmgr.o)
    0x11024438   0x11024438   0x00000052   Code   RO         3392    i.gapUpdateConnSignCounter  ble_host.lib(gap_configmgr.o)
    0x1102448a   0x1102448a   0x00000012   Code   RO         3423    i.gapValidADType    ble_host.lib(gap_devmgr.o)
    0x1102449c   0x1102449c   0x00000030   Code   RO         3503    i.gapWriteAdvDataStatus  ble_host.lib(gap_peridevmgr.o)
    0x110244cc   0x110244cc   0x000000b8   Code   RO         3504    i.gapWriteAdvEnableStatus  ble_host.lib(gap_peridevmgr.o)
    0x11024584   0x11024584   0x00000024   Code   RO         3575    i.gattFindServerInfo  ble_host.lib(gatt_server.o)
    0x110245a8   0x110245a8   0x0000002c   Code   RO         3576    i.gattGetServerStatus  ble_host.lib(gatt_server.o)
    0x110245d4   0x110245d4   0x00000052   Code   RO         3632    i.gattNotifyEvent   ble_host.lib(gatt_task.o)
    0x11024626   0x11024626   0x00000002   PAD
    0x11024628   0x11024628   0x0000001c   Code   RO         3577    i.gattProcessExchangeMTUReq  ble_host.lib(gatt_server.o)
    0x11024644   0x11024644   0x00000004   Code   RO         3578    i.gattProcessExecuteWriteReq  ble_host.lib(gatt_server.o)
    0x11024648   0x11024648   0x0000002c   Code   RO         3579    i.gattProcessFindByTypeValueReq  ble_host.lib(gatt_server.o)
    0x11024674   0x11024674   0x000000e8   Code   RO         3580    i.gattProcessFindInfoReq  ble_host.lib(gatt_server.o)
    0x1102475c   0x1102475c   0x00000048   Code   RO         3581    i.gattProcessReadByGrpTypeReq  ble_host.lib(gatt_server.o)
    0x110247a4   0x110247a4   0x0000002c   Code   RO         3582    i.gattProcessReadByTypeReq  ble_host.lib(gatt_server.o)
    0x110247d0   0x110247d0   0x00000048   Code   RO         3583    i.gattProcessReadMultiReq  ble_host.lib(gatt_server.o)
    0x11024818   0x11024818   0x0000001e   Code   RO         3584    i.gattProcessReadReq  ble_host.lib(gatt_server.o)
    0x11024836   0x11024836   0x00000002   PAD
    0x11024838   0x11024838   0x00000094   Code   RO         3633    i.gattProcessRxData  ble_host.lib(gatt_task.o)
    0x110248cc   0x110248cc   0x00000022   Code   RO         3585    i.gattProcessWriteReq  ble_host.lib(gatt_server.o)
    0x110248ee   0x110248ee   0x00000002   PAD
    0x110248f0   0x110248f0   0x0000000c   Code   RO         3635    i.gattRegisterServer  ble_host.lib(gatt_task.o)
    0x110248fc   0x110248fc   0x00000010   Code   RO         3586    i.gattResetServerInfo  ble_host.lib(gatt_server.o)
    0x1102490c   0x1102490c   0x0000000e   Code   RO         1951    i.gattServApp_FindAuthorizeAttrCB  gattservapp.o
    0x1102491a   0x1102491a   0x0000001c   Code   RO         1952    i.gattServApp_FindCharCfgItem  gattservapp.o
    0x11024936   0x11024936   0x00000002   PAD
    0x11024938   0x11024938   0x00000024   Code   RO         1953    i.gattServApp_FindPrepareWriteQ  gattservapp.o
    0x1102495c   0x1102495c   0x00000020   Code   RO         1954    i.gattServApp_FindServiceCBs  gattservapp.o
    0x1102497c   0x1102497c   0x00000060   Code   RO         1955    i.gattServApp_HandleConnStatusCB  gattservapp.o
    0x110249dc   0x110249dc   0x00000088   Code   RO         1956    i.gattServApp_ProcessExecuteWriteReq  gattservapp.o
    0x11024a64   0x11024a64   0x000000f4   Code   RO         1957    i.gattServApp_ProcessFindByTypeValueReq  gattservapp.o
    0x11024b58   0x11024b58   0x0000015c   Code   RO         1958    i.gattServApp_ProcessMsg  gattservapp.o
    0x11024cb4   0x11024cb4   0x000000a0   Code   RO         1959    i.gattServApp_ProcessPrepareWriteReq  gattservapp.o
    0x11024d54   0x11024d54   0x00000158   Code   RO         1960    i.gattServApp_ProcessReadByGrpTypeReq  gattservapp.o
    0x11024eac   0x11024eac   0x00000140   Code   RO         1961    i.gattServApp_ProcessReadByTypeReq  gattservapp.o
    0x11024fec   0x11024fec   0x000000e0   Code   RO         1962    i.gattServApp_ProcessReadMultiReq  gattservapp.o
    0x110250cc   0x110250cc   0x0000007a   Code   RO         1963    i.gattServApp_ProcessWriteReq  gattservapp.o
    0x11025146   0x11025146   0x00000002   PAD
    0x11025148   0x11025148   0x00000078   Code   RO         1965    i.gattServApp_SetNumPrepareWrites  gattservapp.o
    0x110251c0   0x110251c0   0x00000080   Code   RO         3587    i.gattServerHandleConnStatusCB  ble_host.lib(gatt_server.o)
    0x11025240   0x11025240   0x0000002a   Code   RO         3588    i.gattServerHandleTimerCB  ble_host.lib(gatt_server.o)
    0x1102526a   0x1102526a   0x00000002   PAD
    0x1102526c   0x1102526c   0x000000d0   Code   RO         3589    i.gattServerProcessMsgCB  ble_host.lib(gatt_server.o)
    0x1102533c   0x1102533c   0x00000018   Code   RO         3590    i.gattServiceLastHandle  ble_host.lib(gatt_server.o)
    0x11025354   0x11025354   0x00000010   Code   RO         3636    i.gattStartTimer    ble_host.lib(gatt_task.o)
    0x11025364   0x11025364   0x0000001a   Code   RO         3637    i.gattStopTimer     ble_host.lib(gatt_task.o)
    0x1102537e   0x1102537e   0x00000002   PAD
    0x11025380   0x11025380   0x00000098   Code   RO         3861    i.generate_subkey   ble_host.lib(sm_mgr.o)
    0x11025418   0x11025418   0x00000058   Code   RO         1773    i.ggs_SetAttrWPermit  gapgattserver.o
    0x11025470   0x11025470   0x00000030   Code   RO          933    i.hal_pwm_close_channel  pwm.o
    0x110254a0   0x110254a0   0x00000054   Code   RO          934    i.hal_pwm_destroy   pwm.o
    0x110254f4   0x110254f4   0x00000064   Code   RO          935    i.hal_pwm_init      pwm.o
    0x11025558   0x11025558   0x00000030   Code   RO          938    i.hal_pwm_open_channel  pwm.o
    0x11025588   0x11025588   0x00000038   Code   RO          939    i.hal_pwm_set_count_val  pwm.o
    0x110255c0   0x110255c0   0x00000030   Code   RO          940    i.hal_pwm_start     pwm.o
    0x110255f0   0x110255f0   0x00000038   Code   RO          941    i.hal_pwm_stop      pwm.o
    0x11025628   0x11025628   0x00000070   Code   RO         2161    i.handleConnStatusCB  ota_app_service.o
    0x11025698   0x11025698   0x0000002c   Code   RO         3505    i.isLimitedDiscoverableMode  ble_host.lib(gap_peridevmgr.o)
    0x110256c4   0x110256c4   0x00000038   Code   RO         3792    i.l2capAllocChannel  ble_host.lib(l2cap_util.o)
    0x110256fc   0x110256fc   0x0000002c   Code   RO         3796    i.l2capBuildParamUpdateReq  ble_host.lib(l2cap_util.o)
    0x11025728   0x11025728   0x000000b0   Code   RO         3797    i.l2capEncapSendData  ble_host.lib(l2cap_util.o)
    0x110257d8   0x110257d8   0x00000030   Code   RO         3798    i.l2capFindLocalId  ble_host.lib(l2cap_util.o)
    0x11025808   0x11025808   0x00000008   Code   RO         3799    i.l2capFreeChannel  ble_host.lib(l2cap_util.o)
    0x11025810   0x11025810   0x00000002   Code   RO         3800    i.l2capHandleRxError  ble_host.lib(l2cap_util.o)
    0x11025812   0x11025812   0x00000028   Code   RO         3801    i.l2capHandleTimerCB  ble_host.lib(l2cap_util.o)
    0x1102583a   0x1102583a   0x00000046   Code   RO         3802    i.l2capNotifyData   ble_host.lib(l2cap_util.o)
    0x11025880   0x11025880   0x0000004e   Code   RO         3803    i.l2capNotifySignal  ble_host.lib(l2cap_util.o)
    0x110258ce   0x110258ce   0x00000042   Code   RO         3804    i.l2capParseCmdReject  ble_host.lib(l2cap_util.o)
    0x11025910   0x11025910   0x00000190   Code   RO         3807    i.l2capParsePacket  ble_host.lib(l2cap_util.o)
    0x11025aa0   0x11025aa0   0x00000016   Code   RO         3808    i.l2capParseParamUpdateRsp  ble_host.lib(l2cap_util.o)
    0x11025ab6   0x11025ab6   0x00000014   Code   RO         3809    i.l2capParseSignalHdr  ble_host.lib(l2cap_util.o)
    0x11025aca   0x11025aca   0x00000002   PAD
    0x11025acc   0x11025acc   0x00000104   Code   RO         3810    i.l2capPktToSegmentBuff  ble_host.lib(l2cap_util.o)
    0x11025bd0   0x11025bd0   0x00000068   Code   RO         3687    i.l2capProcessRsp   ble_host.lib(l2cap_task.o)
    0x11025c38   0x11025c38   0x00000094   Code   RO         3688    i.l2capProcessRxData  ble_host.lib(l2cap_task.o)
    0x11025ccc   0x11025ccc   0x000000a8   Code   RO         3689    i.l2capProcessSignal  ble_host.lib(l2cap_task.o)
    0x11025d74   0x11025d74   0x00000064   Code   RO         3811    i.l2capSarBufReset  ble_host.lib(l2cap_util.o)
    0x11025dd8   0x11025dd8   0x00000060   Code   RO         3812    i.l2capSendCmd      ble_host.lib(l2cap_util.o)
    0x11025e38   0x11025e38   0x0000007c   Code   RO         3813    i.l2capSendReq      ble_host.lib(l2cap_util.o)
    0x11025eb4   0x11025eb4   0x00000010   Code   RO         3814    i.l2capStopTimer    ble_host.lib(l2cap_util.o)
    0x11025ec4   0x11025ec4   0x0000001c   Code   RO         3862    i.leftshift_onebit  ble_host.lib(sm_mgr.o)
    0x11025ee0   0x11025ee0   0x00000054   Code   RO         3701    i.linkDB_Add        ble_host.lib(linkdb.o)
    0x11025f34   0x11025f34   0x0000004c   Code   RO         3702    i.linkDB_Authen     ble_host.lib(linkdb.o)
    0x11025f80   0x11025f80   0x00000028   Code   RO         3703    i.linkDB_Find       ble_host.lib(linkdb.o)
    0x11025fa8   0x11025fa8   0x00000038   Code   RO         3704    i.linkDB_FindFirst  ble_host.lib(linkdb.o)
    0x11025fe0   0x11025fe0   0x0000003c   Code   RO         3705    i.linkDB_Init       ble_host.lib(linkdb.o)
    0x1102601c   0x1102601c   0x00000024   Code   RO         3706    i.linkDB_NumActive  ble_host.lib(linkdb.o)
    0x11026040   0x11026040   0x0000002c   Code   RO         3707    i.linkDB_PerformFunc  ble_host.lib(linkdb.o)
    0x1102606c   0x1102606c   0x00000024   Code   RO         3708    i.linkDB_Register   ble_host.lib(linkdb.o)
    0x11026090   0x11026090   0x00000036   Code   RO         3709    i.linkDB_Remove     ble_host.lib(linkdb.o)
    0x110260c6   0x110260c6   0x00000002   PAD
    0x110260c8   0x110260c8   0x00000024   Code   RO         3710    i.linkDB_State      ble_host.lib(linkdb.o)
    0x110260ec   0x110260ec   0x0000007c   Code   RO         2162    i.load_ota_version  ota_app_service.o
    0x11026168   0x11026168   0x00000268   Code   RO          788    i.log_vsprintf      my_printf.o
    0x110263d0   0x110263d0   0x00000168   Code   RO          789    i.number            my_printf.o
    0x11026538   0x11026538   0x00000080   Code   RO         2859    i.osalInitTasks     osal_simplebleperipheral.o
    0x110265b8   0x110265b8   0x00000004   Code   RO         1102    i.osal_snv_compact  osal_snv.o
    0x110265bc   0x110265bc   0x00000058   Code   RO         1104    i.osal_snv_read     osal_snv.o
    0x11026614   0x11026614   0x00000074   Code   RO         1105    i.osal_snv_write    osal_snv.o
    0x11026688   0x11026688   0x00000028   Code   RO         2163    i.ota_ReadAttrCB    ota_app_service.o
    0x110266b0   0x110266b0   0x000000a4   Code   RO         2164    i.ota_WriteAttrCB   ota_app_service.o
    0x11026754   0x11026754   0x0000005c   Code   RO         2165    i.ota_app_AddService  ota_app_service.o
    0x110267b0   0x110267b0   0x00000014   Code   RO         2166    i.ota_disconnect_link  ota_app_service.o
    0x110267c4   0x110267c4   0x000000b4   Code   RO         2901    i.peripheralStateNotificationCB  simplebleperipheral.o
    0x11026878   0x11026878   0x00000002   Code   RO         2902    i.peripheralStateReadRssiCB  simplebleperipheral.o
    0x1102687a   0x1102687a   0x00000002   PAD
    0x1102687c   0x1102687c   0x00000034   Code   RO         1106    i.print_hex         osal_snv.o
    0x110268b0   0x110268b0   0x000000e4   Code   RO         2169    i.process_cmd       ota_app_service.o
    0x11026994   0x11026994   0x00000028   Code   RO         3712    i.reportStatusChange  ble_host.lib(linkdb.o)
    0x110269bc   0x110269bc   0x0000006c   Code   RO         2170    i.response          ota_app_service.o
    0x11026a28   0x11026a28   0x000000d8   Code   RO         3453    i.sendAuthEvent     ble_host.lib(gap_linkmgr.o)
    0x11026b00   0x11026b00   0x0000005a   Code   RO         3454    i.sendEstLinkEvent  ble_host.lib(gap_linkmgr.o)
    0x11026b5a   0x11026b5a   0x0000002a   Code   RO         3455    i.sendTerminateEvent  ble_host.lib(gap_linkmgr.o)
    0x11026b84   0x11026b84   0x00000018   Code   RO         2171    i.set_ota_mode      ota_app_service.o
    0x11026b9c   0x11026b9c   0x00000030   Code   RO         2266    i.simpleProfile_HandleConnStatusCB  sbpprofile_ota.o
    0x11026bcc   0x11026bcc   0x00000050   Code   RO         2267    i.simpleProfile_Notify  sbpprofile_ota.o
    0x11026c1c   0x11026c1c   0x00000064   Code   RO         2268    i.simpleProfile_ReadAttrCB  sbpprofile_ota.o
    0x11026c80   0x11026c80   0x000000a4   Code   RO         2269    i.simpleProfile_WriteAttrCB  sbpprofile_ota.o
    0x11026d24   0x11026d24   0x00000020   Code   RO          790    i.skip_atoi         my_printf.o
    0x11026d44   0x11026d44   0x00000018   Code   RO         3863    i.smAuthReqToUint8  ble_host.lib(sm_mgr.o)
    0x11026d5c   0x11026d5c   0x00000028   Code   RO         3913    i.smDetermineKeySize  ble_host.lib(sm_pairing.o)
    0x11026d84   0x11026d84   0x00000010   Code   RO         3864    i.smEncrypt         ble_host.lib(sm_mgr.o)
    0x11026d94   0x11026d94   0x00000008   Code   RO         3865    i.smEncryptLocal    ble_host.lib(sm_mgr.o)
    0x11026d9c   0x11026d9c   0x00000028   Code   RO         3914    i.smEndPairing      ble_host.lib(sm_pairing.o)
    0x11026dc4   0x11026dc4   0x00000058   Code   RO         3915    i.smFreePairingParams  ble_host.lib(sm_pairing.o)
    0x11026e1c   0x11026e1c   0x0000002c   Code   RO         3916    i.smGenerateConfirm  ble_host.lib(sm_pairing.o)
    0x11026e48   0x11026e48   0x0000003c   Code   RO         3917    i.smGeneratePairingReqRsp  ble_host.lib(sm_pairing.o)
    0x11026e84   0x11026e84   0x00000026   Code   RO         3866    i.smGenerateRandBuf  ble_host.lib(sm_mgr.o)
    0x11026eaa   0x11026eaa   0x00000002   PAD
    0x11026eac   0x11026eac   0x0000002c   Code   RO         3918    i.smGenerateRandMsg  ble_host.lib(sm_pairing.o)
    0x11026ed8   0x11026ed8   0x00000020   Code   RO         3919    i.smLinkCheck       ble_host.lib(sm_pairing.o)
    0x11026ef8   0x11026ef8   0x00000038   Code   RO         3920    i.smNextPairingState  ble_host.lib(sm_pairing.o)
    0x11026f30   0x11026f30   0x00000014   Code   RO         3921    i.smPairingSendEncInfo  ble_host.lib(sm_pairing.o)
    0x11026f44   0x11026f44   0x00000028   Code   RO         3922    i.smPairingSendIdentityAddrInfo  ble_host.lib(sm_pairing.o)
    0x11026f6c   0x11026f6c   0x00000014   Code   RO         3923    i.smPairingSendIdentityInfo  ble_host.lib(sm_pairing.o)
    0x11026f80   0x11026f80   0x0000002c   Code   RO         3924    i.smPairingSendMasterID  ble_host.lib(sm_pairing.o)
    0x11026fac   0x11026fac   0x00000014   Code   RO         3925    i.smPairingSendSingingInfo  ble_host.lib(sm_pairing.o)
    0x11026fc0   0x11026fc0   0x0000009a   Code   RO         3926    i.smProcessDataMsg  ble_host.lib(sm_pairing.o)
    0x1102705a   0x1102705a   0x00000002   PAD
    0x1102705c   0x1102705c   0x000000ac   Code   RO         3927    i.smProcessEncryptChange  ble_host.lib(sm_pairing.o)
    0x11027108   0x11027108   0x00000094   Code   RO         3755    i.smProcessOSALMsg  ble_host.lib(sm_task.o)
    0x1102719c   0x1102719c   0x00000058   Code   RO         3928    i.smProcessPairingReq  ble_host.lib(sm_pairing.o)
    0x110271f4   0x110271f4   0x0000007c   Code   RO         3868    i.smProcessRandComplete  ble_host.lib(sm_mgr.o)
    0x11027270   0x11027270   0x0000000c   Code   RO         3930    i.smRegisterResponder  ble_host.lib(sm_pairing.o)
    0x1102727c   0x1102727c   0x000000e0   Code   RO         3731    i.smResponderProcessLTKReq  ble_host.lib(sm_rsppairing.o)
    0x1102735c   0x1102735c   0x0000019c   Code   RO         3732    i.smResponderSendNextKeyInfo  ble_host.lib(sm_rsppairing.o)
    0x110274f8   0x110274f8   0x00000164   Code   RO         3931    i.smSavePairInfo    ble_host.lib(sm_pairing.o)
    0x1102765c   0x1102765c   0x00000020   Code   RO         3932    i.smSendFailAndEnd  ble_host.lib(sm_pairing.o)
    0x1102767c   0x1102767c   0x00000044   Code   RO         3971    i.smSendSMMsg       ble_host.lib(smp.o)
    0x110276c0   0x110276c0   0x0000003c   Code   RO         3933    i.smSetPairingReqRsp  ble_host.lib(sm_pairing.o)
    0x110276fc   0x110276fc   0x00000020   Code   RO         3934    i.smStartEncryption  ble_host.lib(sm_pairing.o)
    0x1102771c   0x1102771c   0x0000001c   Code   RO         3869    i.smStartRspTimer   ble_host.lib(sm_mgr.o)
    0x11027738   0x11027738   0x00000014   Code   RO         3870    i.smStopRspTimer    ble_host.lib(sm_mgr.o)
    0x1102774c   0x1102774c   0x0000000a   Code   RO         3935    i.smTimedOut        ble_host.lib(sm_pairing.o)
    0x11027756   0x11027756   0x0000002c   Code   RO         3871    i.smUint8ToAuthReq  ble_host.lib(sm_mgr.o)
    0x11027782   0x11027782   0x00000154   Code   RO         3872    i.sm_CMAC           ble_host.lib(sm_mgr.o)
    0x110278d6   0x110278d6   0x00000044   Code   RO         3873    i.sm_ah             ble_host.lib(sm_mgr.o)
    0x1102791a   0x1102791a   0x00000002   PAD
    0x1102791c   0x1102791c   0x00000094   Code   RO         3936    i.sm_c1             ble_host.lib(sm_pairing.o)
    0x110279b0   0x110279b0   0x000000c2   Code   RO         3874    i.sm_c1new          ble_host.lib(sm_mgr.o)
    0x11027a72   0x11027a72   0x00000040   Code   RO         3877    i.sm_s1             ble_host.lib(sm_mgr.o)
    0x11027ab2   0x11027ab2   0x0000001a   Code   RO         3878    i.sm_xor            ble_host.lib(sm_mgr.o)
    0x11027acc   0x11027acc   0x00000022   Code   RO         3972    i.smpBuildEncInfo   ble_host.lib(smp.o)
    0x11027aee   0x11027aee   0x00000026   Code   RO         3973    i.smpBuildIdentityAddrInfo  ble_host.lib(smp.o)
    0x11027b14   0x11027b14   0x00000022   Code   RO         3974    i.smpBuildIdentityInfo  ble_host.lib(smp.o)
    0x11027b36   0x11027b36   0x0000002e   Code   RO         3975    i.smpBuildMasterID  ble_host.lib(smp.o)
    0x11027b64   0x11027b64   0x00000022   Code   RO         3976    i.smpBuildPairingConfirm  ble_host.lib(smp.o)
    0x11027b86   0x11027b86   0x00000018   Code   RO         3977    i.smpBuildPairingFailed  ble_host.lib(smp.o)
    0x11027b9e   0x11027b9e   0x00000022   Code   RO         3978    i.smpBuildPairingRandom  ble_host.lib(smp.o)
    0x11027bc0   0x11027bc0   0x0000000e   Code   RO         3979    i.smpBuildPairingReq  ble_host.lib(smp.o)
    0x11027bce   0x11027bce   0x00000084   Code   RO         3980    i.smpBuildPairingReqRsp  ble_host.lib(smp.o)
    0x11027c52   0x11027c52   0x0000000e   Code   RO         3981    i.smpBuildPairingRsp  ble_host.lib(smp.o)
    0x11027c60   0x11027c60   0x0000001e   Code   RO         3982    i.smpBuildSecurityReq  ble_host.lib(smp.o)
    0x11027c7e   0x11027c7e   0x00000022   Code   RO         3983    i.smpBuildSigningInfo  ble_host.lib(smp.o)
    0x11027ca0   0x11027ca0   0x0000001e   Code   RO         3984    i.smpParseEncInfo   ble_host.lib(smp.o)
    0x11027cbe   0x11027cbe   0x00000022   Code   RO         3985    i.smpParseIdentityAddrInfo  ble_host.lib(smp.o)
    0x11027ce0   0x11027ce0   0x0000001e   Code   RO         3986    i.smpParseIdentityInfo  ble_host.lib(smp.o)
    0x11027cfe   0x11027cfe   0x00000028   Code   RO         3987    i.smpParseMasterID  ble_host.lib(smp.o)
    0x11027d26   0x11027d26   0x0000001e   Code   RO         3988    i.smpParsePairingConfirm  ble_host.lib(smp.o)
    0x11027d44   0x11027d44   0x00000020   Code   RO         3989    i.smpParsePairingFailed  ble_host.lib(smp.o)
    0x11027d64   0x11027d64   0x0000001e   Code   RO         3990    i.smpParsePairingRandom  ble_host.lib(smp.o)
    0x11027d82   0x11027d82   0x00000002   PAD
    0x11027d84   0x11027d84   0x000000d4   Code   RO         3991    i.smpParsePairingReq  ble_host.lib(smp.o)
    0x11027e58   0x11027e58   0x0000001c   Code   RO         3992    i.smpParseSecurityReq  ble_host.lib(smp.o)
    0x11027e74   0x11027e74   0x0000001e   Code   RO         3993    i.smpParseSigningInfo  ble_host.lib(smp.o)
    0x11027e92   0x11027e92   0x00000002   PAD
    0x11027e94   0x11027e94   0x00000044   Code   RO         3937    i.smpProcessIncoming  ble_host.lib(sm_pairing.o)
    0x11027ed8   0x11027ed8   0x00000048   Code   RO         3733    i.smpResponderProcessEncryptionInformation  ble_host.lib(sm_rsppairing.o)
    0x11027f20   0x11027f20   0x00000144   Code   RO         3734    i.smpResponderProcessIncoming  ble_host.lib(sm_rsppairing.o)
    0x11028064   0x11028064   0x00000060   Code   RO         3735    i.smpResponderProcessMasterID  ble_host.lib(sm_rsppairing.o)
    0x110280c4   0x110280c4   0x00000048   Code   RO         3736    i.smpResponderProcessPairingConfirm  ble_host.lib(sm_rsppairing.o)
    0x1102810c   0x1102810c   0x000000ac   Code   RO         3737    i.smpResponderProcessPairingReq  ble_host.lib(sm_rsppairing.o)
    0x110281b8   0x110281b8   0x0000004c   Code   RO         3738    i.smpResponderProcessSigningInfo  ble_host.lib(sm_rsppairing.o)
    0x11028204   0x11028204   0x00000016   Code   RO         3879    i.xor_128           ble_host.lib(sm_mgr.o)
    0x1102821a   0x1102821a   0x00000002   PAD
    0x1102821c   0x1102821c   0x00000010   Data   RO          791    .constdata          my_printf.o
    0x1102822c   0x1102822c   0x00000008   Data   RO         1776    .constdata          gapgattserver.o
    0x11028234   0x11028234   0x00000008   Data   RO         1968    .constdata          gattservapp.o
    0x1102823c   0x1102823c   0x00000010   Data   RO         2173    .constdata          ota_app_service.o
    0x1102824c   0x1102824c   0x00000010   Data   RO         2174    .constdata          ota_app_service.o
    0x1102825c   0x1102825c   0x00000010   Data   RO         2175    .constdata          ota_app_service.o
    0x1102826c   0x1102826c   0x00000008   Data   RO         2176    .constdata          ota_app_service.o
    0x11028274   0x11028274   0x0000000c   Data   RO         2177    .constdata          ota_app_service.o
    0x11028280   0x11028280   0x00000002   Data   RO         2272    .constdata          sbpprofile_ota.o
    0x11028282   0x11028282   0x00000002   Data   RO         2273    .constdata          sbpprofile_ota.o
    0x11028284   0x11028284   0x00000002   Data   RO         2274    .constdata          sbpprofile_ota.o
    0x11028286   0x11028286   0x00000002   PAD
    0x11028288   0x11028288   0x00000008   Data   RO         2280    .constdata          sbpprofile_ota.o
    0x11028290   0x11028290   0x0000000c   Data   RO         2281    .constdata          sbpprofile_ota.o
    0x1102829c   0x1102829c   0x00000034   Data   RO         2860    .constdata          osal_simplebleperipheral.o
    0x110282d0   0x110282d0   0x00000001   Data   RO         2861    .constdata          osal_simplebleperipheral.o
    0x110282d1   0x110282d1   0x00000010   Data   RO         3257    .constdata          ble_host.lib(att_util.o)
    0x110282e1   0x110282e1   0x00000003   PAD
    0x110282e4   0x110282e4   0x00000060   Data   RO         3592    .constdata          ble_host.lib(gatt_server.o)
    0x11028344   0x11028344   0x0000002a   Data   RO         3654    .constdata          ble_host.lib(gatt_uuid.o)
    0x1102836e   0x1102836e   0x00000010   Data   RO         3880    .constdata          ble_host.lib(sm_mgr.o)
    0x1102837e   0x1102837e   0x00000019   Data   RO         3938    .constdata          ble_host.lib(sm_pairing.o)
    0x11028397   0x11028397   0x00000001   PAD
    0x11028398   0x11028398   0x0000004d   Data   RO          792    .conststring        my_printf.o


==============================================================================

Image component sizes


      Code (inc. data)   RO Data    RW Data    ZI Data      Debug   Object Name

       384         48          0         15         40       5399   adc.o
         0          0          0          0          0      13504   central.o
       508         42          0          0          0       5054   clock.o
       656         66          0          8          0      12898   flash.o
      1936         98          0          8         20      11825   fs.o
        62         16          0          0          0       1137   gap.o
      2984        140          0         36        166      34358   gapbondmgr.o
       224         20          8        131         22       2611   gapgattserver.o
      3582        206          8         77       2580      25604   gattservapp.o
      1512        178        138          0        300      21626   gpio.o
        84         42       1024       1024          0       1612   jump_table.o
        26          0          0          0          0         72   led_light.o
       132         36          0         12         12       6518   lxl_gpio_adc_count.o
      1380        162          0        118          0      13550   lxl_gpio_all_init.o
       332         20          0          6          0       7763   lxl_gpio_pwm_count.o
         2          0          0          0         10       5582   lxl_gpio_sensor_func.o
        52         12          0          0          0       5630   lxl_log_uart_func.o
       844        140          0         24          0      14854   lxl_ui_count_func.o
       388         64         28          1       8224      81843   main.o
      1070         22         93          8          0       6215   my_printf.o
       128          4         53          4          0       2160   osal_simplebleperipheral.o
       260         84          0          0          0       3380   osal_snv.o
       912        254         68        108         36       9662   ota_app_service.o
      2020        182          0         97         63      13012   peripheral.o
       440         54          0         10          0       7599   pwm.o
       508         66          0         24        120       7166   pwrmgr.o
       452         70         26        106        574      15875   sbpprofile_ota.o
      1250        212          0         91        716      10361   simplebleperipheral.o
        20          0          0          0          0        511   simplebleperipheral_main.o
        20         10          8          0       1024        440   startup_armcm0.o
        16          8          0          4          0        735   system_armcm0.o
        72         16          0          4          0       2165   timer.o
      1124        122         12          0         64      19175   uart.o

    ----------------------------------------------------------------------
     25134       2970       1553       1932      13974     369896   Object Totals
      1728        576         80          0          0          0   (incl. Generated)
        26          0          7         16          3          0   (incl. Padding)

    ----------------------------------------------------------------------

      Code (inc. data)   RO Data    RW Data    ZI Data      Debug   Library Member Name

       356         70          0          0          0        956   att_server.o
      1260         40         16         10         16       1940   att_util.o
       806        110          0         90         28       1184   gap_configmgr.o
       114          4          0          8          0        268   gap_devmgr.o
      2014         72          0         16          0       1516   gap_linkmgr.o
      1360        168          0         28          0       1012   gap_peridevmgr.o
        80         14          0          0          0         72   gap_perilinkmgr.o
       692         74          0         12          0        472   gap_task.o
      1980        122         96          8         36       2000   gatt_server.o
       410         22          0         12          0        568   gatt_task.o
         0          0         42          0          0          0   gatt_uuid.o
       168         18          0          1          0        336   l2cap_if.o
       544         22          0          1         46        384   l2cap_task.o
      2052         80          0          4        916       1792   l2cap_util.o
       562         60          0          0        368        764   linkdb.o
      1700         20         16          4          0       1464   sm_mgr.o
      1948        164         25         12          0       1872   sm_pairing.o
      1480         74          0         12          0        664   sm_rsppairing.o
       280         32          0          1          0        212   sm_task.o
      1032          6          0          0          0       1564   smp.o
        86          0          0          0          0          0   __dczerorl2.o
         0          0          0          0          0          0   entry.o
         0          0          0          0          0          0   entry10a.o
         0          0          0          0          0          0   entry11a.o
         8          4          0          0          0          0   entry2.o
         4          0          0          0          0          0   entry5.o
         0          0          0          0          0          0   entry7b.o
         0          0          0          0          0          0   entry8b.o
         8          4          0          0          0          0   entry9a.o
        30          0          0          0          0          0   handlers.o
        40          0          0          0          0         72   idiv.o
        36          8          0          0          0         68   init.o
        36          0          0          0          0         60   memcpya.o
        36          0          0          0          0        100   memseta.o
       510          8          0          0          0        228   printf3.o
        44          0          0          0          0         72   uidiv.o
      1248        218          0          4          0        640   patch.o
        38          6          0          0          0        136   phy_sec_ext.o
      1728        352          0          0          0        732   rf_phy_driver.o

    ----------------------------------------------------------------------
     22742       1772        199        228       1414      21148   Library Totals
        52          0          4          5          4          0   (incl. Padding)

    ----------------------------------------------------------------------

      Code (inc. data)   RO Data    RW Data    ZI Data      Debug   Library Name

     18838       1172        195        219       1410      19040   ble_host.lib
       838         24          0          0          0        600   mc_p.l
      3014        576          0          4          0       1508   rf.lib

    ----------------------------------------------------------------------
     22742       1772        199        228       1414      21148   Library Totals

    ----------------------------------------------------------------------

==============================================================================


      Code (inc. data)   RO Data    RW Data    ZI Data      Debug   

     47876       4742       1752       2160      15388     369224   Grand Totals
     47876       4742       1752        432      15388     369224   ELF Image Totals (compressed)
     47876       4742       1752        432          0          0   ROM Totals

==============================================================================

    Total RO  Size (Code + RO Data)                49628 (  48.46kB)
    Total RW  Size (RW Data + ZI Data)             17548 (  17.14kB)
    Total ROM Size (Code + RO Data + RW Data)      50060 (  48.89kB)

==============================================================================

